Archive member included to satisfy reference by file (symbol)

/opt/devkitpro/libgba/lib/libgba.a(interrupt.o)
                              obj-ep1/src/platform/gba_main.c.o (irqInit)
/opt/devkitpro/libgba/lib/libgba.a(InterruptDispatcher.o)
                              /opt/devkitpro/libgba/lib/libgba.a(interrupt.o) (IntrMain)
/opt/devkitpro/devkitARM/lib/gcc/arm-none-eabi/15.2.0/thumb/libgcc.a(_thumb1_case_sqi.o)
                              obj-ep1/src/game/ui.c.o (__gnu_thumb1_case_sqi)
/opt/devkitpro/devkitARM/lib/gcc/arm-none-eabi/15.2.0/thumb/libgcc.a(_thumb1_case_uqi.o)
                              obj-ep1/src/game/gameplay.c.o (__gnu_thumb1_case_uqi)
/opt/devkitpro/devkitARM/lib/gcc/arm-none-eabi/15.2.0/thumb/libgcc.a(_thumb1_case_shi.o)
                              obj-ep1/src/game/gameplay.c.o (__gnu_thumb1_case_shi)
/opt/devkitpro/devkitARM/lib/gcc/arm-none-eabi/15.2.0/thumb/libgcc.a(_thumb1_case_uhi.o)
                              obj-ep1/src/game/worldmap.c.o (__gnu_thumb1_case_uhi)
/opt/devkitpro/devkitARM/lib/gcc/arm-none-eabi/15.2.0/thumb/libgcc.a(_udivsi3.o)
                              obj-ep1/src/engine/engine.c.o (__aeabi_uidiv)
/opt/devkitpro/devkitARM/lib/gcc/arm-none-eabi/15.2.0/thumb/libgcc.a(_divsi3.o)
                              obj-ep1/src/game/gameplay.c.o (__aeabi_idiv)
/opt/devkitpro/devkitARM/lib/gcc/arm-none-eabi/15.2.0/thumb/libgcc.a(_dvmd_tls.o)
                              /opt/devkitpro/devkitARM/lib/gcc/arm-none-eabi/15.2.0/thumb/libgcc.a(_udivsi3.o) (__aeabi_idiv0)
/opt/devkitpro/devkitARM/lib/gcc/arm-none-eabi/15.2.0/thumb/libgcc.a(_aeabi_ldivmod.o)
                              obj-ep1/src/engine/engine_loader.c.o (__aeabi_ldivmod)
/opt/devkitpro/devkitARM/lib/gcc/arm-none-eabi/15.2.0/thumb/libgcc.a(_sync_none.o)
                              (__sync_synchronize_none)
/opt/devkitpro/devkitARM/lib/gcc/arm-none-eabi/15.2.0/thumb/libgcc.a(_muldi3.o)
                              obj-ep1/src/engine/engine_timing.c.o (__aeabi_lmul)
/opt/devkitpro/devkitARM/lib/gcc/arm-none-eabi/15.2.0/thumb/libgcc.a(_udivmoddi4.o)
                              /opt/devkitpro/devkitARM/lib/gcc/arm-none-eabi/15.2.0/thumb/libgcc.a(_aeabi_ldivmod.o) (__udivmoddi4)
/opt/devkitpro/devkitARM/lib/gcc/arm-none-eabi/15.2.0/thumb/libgcc.a(_clzdi2.o)
                              /opt/devkitpro/devkitARM/lib/gcc/arm-none-eabi/15.2.0/thumb/libgcc.a(_udivmoddi4.o) (__clzdi2)
/opt/devkitpro/devkitARM/lib/gcc/arm-none-eabi/15.2.0/thumb/libgcc.a(_clzsi2.o)
                              /opt/devkitpro/devkitARM/lib/gcc/arm-none-eabi/15.2.0/thumb/libgcc.a(_clzdi2.o) (__clzsi2)
/opt/devkitpro/devkitARM/lib/gcc/arm-none-eabi/15.2.0/../../../../arm-none-eabi/lib/thumb/libg.a(libc_a-sscanf.o)
                              obj-ep1/src/engine/engine_config.c.o (sscanf)
/opt/devkitpro/devkitARM/lib/gcc/arm-none-eabi/15.2.0/../../../../arm-none-eabi/lib/thumb/libg.a(libc_a-strstr.o)
                              obj-ep1/src/engine/engine_config.c.o (strstr)
/opt/devkitpro/devkitARM/lib/gcc/arm-none-eabi/15.2.0/../../../../arm-none-eabi/lib/thumb/libg.a(libc_a-memcpy-stub.o)
                              obj-ep1/src/game/gameplay.c.o (memcpy)
/opt/devkitpro/devkitARM/lib/gcc/arm-none-eabi/15.2.0/../../../../arm-none-eabi/lib/thumb/libg.a(libc_a-strlen.o)
                              obj-ep1/src/game/ui.c.o (strlen)
/opt/devkitpro/devkitARM/lib/gcc/arm-none-eabi/15.2.0/../../../../arm-none-eabi/lib/thumb/libg.a(libc_a-svfscanf.o)
                              /opt/devkitpro/devkitARM/lib/gcc/arm-none-eabi/15.2.0/../../../../arm-none-eabi/lib/thumb/libg.a(libc_a-sscanf.o) (__ssvfscanf_r)
/opt/devkitpro/devkitARM/lib/gcc/arm-none-eabi/15.2.0/../../../../arm-none-eabi/lib/thumb/libg.a(libc_a-strtod.o)
                              /opt/devkitpro/devkitARM/lib/gcc/arm-none-eabi/15.2.0/../../../../arm-none-eabi/lib/thumb/libg.a(libc_a-svfscanf.o) (_strtod_r)
/opt/devkitpro/devkitARM/lib/gcc/arm-none-eabi/15.2.0/../../../../arm-none-eabi/lib/thumb/libg.a(libc_a-strtoull.o)
                              /opt/devkitpro/devkitARM/lib/gcc/arm-none-eabi/15.2.0/../../../../arm-none-eabi/lib/thumb/libg.a(libc_a-svfscanf.o) (_strtoull_r)
/opt/devkitpro/devkitARM/lib/gcc/arm-none-eabi/15.2.0/../../../../arm-none-eabi/lib/thumb/libg.a(libc_a-gdtoa-gethex.o)
                              /opt/devkitpro/devkitARM/lib/gcc/arm-none-eabi/15.2.0/../../../../arm-none-eabi/lib/thumb/libg.a(libc_a-strtod.o) (__gethex)
/opt/devkitpro/devkitARM/lib/gcc/arm-none-eabi/15.2.0/../../../../arm-none-eabi/lib/thumb/libg.a(libc_a-snprintf.o)
                              obj-ep1/src/game/gameplay.c.o (snprintf)
/opt/devkitpro/devkitARM/lib/gcc/arm-none-eabi/15.2.0/../../../../arm-none-eabi/lib/thumb/libg.a(libc_a-strtoul.o)
                              /opt/devkitpro/devkitARM/lib/gcc/arm-none-eabi/15.2.0/../../../../arm-none-eabi/lib/thumb/libg.a(libc_a-svfscanf.o) (_strtoul_r)
[...]
Memory Configuration

Name             Origin             Length             Attributes
rom              0x08000000         0x02000000
iwram            0x03000000         0x00008000
ewram            0x02000000         0x00040000
*default*        0x00000000         0xffffffff

Linker script and memory map

                0x00000000                        __sync_synchronize = __sync_synchronize_none
                0x08000000                        __text_start = ORIGIN (rom)
                0x02040000                        __eheap_end = (ORIGIN (ewram) + LENGTH (ewram))
                0x03000000                        __iwram_start = ORIGIN (iwram)
                0x03008000                        __iwram_top = (ORIGIN (iwram) + LENGTH (iwram))
                0x03007fa0                        __sp_irq = (__iwram_top - 0x60)
                0x03007f00                        __sp_usr = (__sp_irq - 0xa0)
                0x03007ff8                        __irq_flags = 0x3007ff8
                0x08000000                        . = __text_start

.crt0           0x08000000      0x210
 *(.crt0)
 .crt0          0x08000000      0x210 /opt/devkitpro/devkitARM/lib/gcc/arm-none-eabi/15.2.0/../../../../arm-none-eabi/lib/thumb/gba_crt0.o
                0x08000000                _start
                0x080000c4                __boot_method
                0x080000c5                __slave_number
                0x080000e0                start_vector
                0x08000210                        . = ALIGN (0x4)

.init           0x08000210        0xc
 *(SORT_NONE(.init))
 .init          0x08000210        0x4 /opt/devkitpro/devkitARM/lib/gcc/arm-none-eabi/15.2.0/thumb/crti.o
                0x08000210                _init
 .init          0x08000214        0x8 /opt/devkitpro/devkitARM/lib/gcc/arm-none-eabi/15.2.0/thumb/crtn.o

.plt            0x0800021c        0x0
 *(.plt)
                0x0800021c                        . = ALIGN (0x4)

.text           0x08000220    0x18248
 *(EXCLUDE_FILE(*.iwram*) .text*)
 .text.__do_global_dtors_aux
                0x08000220       0x2c /opt/devkitpro/devkitARM/lib/gcc/arm-none-eabi/15.2.0/thumb/crtbegin.o
 .text.frame_dummy
                0x0800024c       0x24 /opt/devkitpro/devkitARM/lib/gcc/arm-none-eabi/15.2.0/thumb/crtbegin.o
 .text.CVort_init_rnd.part.0
                0x08000270       0x1c obj-ep1/src/game/gameplay.c.o
 .text.CVort_add_sprite
                0x0800028c       0x60 obj-ep1/src/game/gameplay.c.o
                0x0800028c                CVort_add_sprite
 .text.CVort_add_body
                0x080002ec       0x68 obj-ep1/src/game/gameplay.c.o
                0x080002ec                CVort_add_body
 .text.CVort_main_loop
                0x08000354      0x10c obj-ep1/src/game/gameplay.c.o
                0x08000354                CVort_main_loop
 .text.CVort_update_sprite_hitbox
                0x08000460       0xac obj-ep1/src/game/gameplay.c.o
                0x08000460                CVort_update_sprite_hitbox
 .text.run_sprite_think
                0x0800050c       0x54 obj-ep1/src/game/gameplay.c.o
 .text.CVort_update_sprite_hitbox_wmap
                0x08000560       0x84 obj-ep1/src/game/gameplay.c.o
                0x08000560                CVort_update_sprite_hitbox_wmap
 .text.CVort_waitForNoGameButtonPress
                0x080005e4       0x2e obj-ep1/src/game/gameplay.c.o
                0x080005e4                CVort_waitForNoGameButtonPress
 .text.CVort_has_any_ack_press
                0x08000612       0x2e obj-ep1/src/game/gameplay.c.o
                0x08000612                CVort_has_any_ack_press
 .text.CVort_add_score
                0x08000640       0x48 obj-ep1/src/game/gameplay.c.o
                0x08000640                CVort_add_score
 .text.CVort_load_level_data
                0x08000688      0x118 obj-ep1/src/game/gameplay.c.o
                0x08000688                CVort_load_level_data
 .text.CVort_clear_keys
                0x080007a0       0x28 obj-ep1/src/game/gameplay.c.o
                0x080007a0                CVort_clear_keys
 .text.CVort_start_cheating
                0x080007c8       0xb4 obj-ep1/src/game/gameplay.c.o
                0x080007c8                CVort_start_cheating
 .text.CVort_handle_cheat_keys
                0x0800087c       0xc0 obj-ep1/src/game/gameplay.c.o
                0x0800087c                CVort_handle_cheat_keys
 .text.CVort_get_random
                0x0800093c       0x1c obj-ep1/src/game/gameplay.c.o
                0x0800093c                CVort_get_random
 .text.CVort_filelength
                0x08000958       0x22 obj-ep1/src/game/gameplay.c.o
                0x08000958                CVort_filelength
 *fill*         0x0800097a        0x2 ff
 .text.CVort_calc_jump_height
                0x0800097c       0x88 obj-ep1/src/game/gameplay.c.o
                0x0800097c                CVort_calc_jump_height
 .text.CVort_setup_jump_heights
                0x08000a04       0x5c obj-ep1/src/game/gameplay.c.o
                0x08000a04                CVort_setup_jump_heights
 .text.CVort_main
                0x08000a60      0x240 obj-ep1/src/game/gameplay.c.o
                0x08000a60                CVort_main
 .text.CVort_chg_vid_and_error
                0x08000ca0       0x3c obj-ep1/src/game/gameplay.c.o
                0x08000ca0                CVort_chg_vid_and_error
 .text.CVort_handle_quit
                0x08000cdc       0x88 obj-ep1/src/game/gameplay.c.o
                0x08000cdc                CVort_handle_quit
 .text.CVort_calibrate_joystick
                0x08000d64      0x1ec obj-ep1/src/game/gameplay.c.o
                0x08000d64                CVort_calibrate_joystick
 .text.CVort_handle_global_keys
                0x08000f50      0x148 obj-ep1/src/game/gameplay.c.o
                0x08000f50                CVort_handle_global_keys
 .text.CVort_draw_level
                0x08001098      0x44c obj-ep1/src/game/gameplay.c.o
                0x08001098                CVort_draw_level
 .text.CVort_mark_cities_done
                0x080014e4      0x108 obj-ep1/src/game/worldmap.c.o
                0x080014e4                CVort_mark_cities_done
 .text.CVort_erase_parents_text
                0x080015ec       0x30 obj-ep1/src/game/worldmap.c.o
                0x080015ec                CVort_erase_parents_text
 .text.CVort_draw_string_finale
                0x0800161c       0x28 obj-ep1/src/game/worldmap.c.o
                0x0800161c                CVort_draw_string_finale
 .text.CVort_game_over
                0x08001644      0x3f8 obj-ep1/src/game/worldmap.c.o
                0x08001644                CVort_game_over
 .text.CVort_show_keens_left
                0x08001a3c       0x80 obj-ep1/src/game/worldmap.c.o
                0x08001a3c                CVort_show_keens_left
 .text.CVort_place_keen_on_worldmap
                0x08001abc       0x64 obj-ep1/src/game/worldmap.c.o
                0x08001abc                CVort_place_keen_on_worldmap
 .text.CVort_check_world_map_col
                0x08001b20      0x354 obj-ep1/src/game/worldmap.c.o
                0x08001b20                CVort_check_world_map_col
 .text.CVort_move_worldmap
                0x08001e74      0x41c obj-ep1/src/game/worldmap.c.o
                0x08001e74                CVort_move_worldmap
 .text.CVort_draw_worldmap
                0x08002290      0x4cc obj-ep1/src/game/worldmap.c.o
                0x08002290                CVort_draw_worldmap
 .text.CVort_draw_menu
                0x0800275c       0xd4 obj-ep1/src/game/menus.c.o
                0x0800275c                CVort_draw_menu
 .text.CVort_draw_mural
                0x08002830       0x2c obj-ep1/src/game/menus.c.o
                0x08002830                CVort_draw_mural
 .text.CVort_show_logo_text
                0x0800285c       0x8c obj-ep1/src/game/menus.c.o
                0x0800285c                CVort_show_logo_text
 .text.CVort_draw_apogee
                0x080028e8       0x30 obj-ep1/src/game/menus.c.o
                0x080028e8                CVort_draw_apogee
 .text.CVort_record_demo
                0x08002918       0x24 obj-ep1/src/game/menus.c.o
                0x08002918                CVort_record_demo
 .text.CVort_load_demo
                0x0800293c       0x8c obj-ep1/src/game/menus.c.o
                0x0800293c                CVort_load_demo
 .text.CVort_save_demo
                0x080029c8       0x80 obj-ep1/src/game/menus.c.o
                0x080029c8                CVort_save_demo
 .text.CVort_do_draw_mural
                0x08002a48       0x2c obj-ep1/src/game/menus.c.o
                0x08002a48                CVort_do_draw_mural
 .text.CVort_do_start_menu
                0x08002a74       0x3c obj-ep1/src/game/menus.c.o
                0x08002a74                CVort_do_start_menu
 .text.CVort_do_about_us
                0x08002ab0       0x30 obj-ep1/src/game/menus.c.o
                0x08002ab0                CVort_do_about_us
 .text.CVort_show_about_us
                0x08002ae0       0x64 obj-ep1/src/game/menus.c.o
                0x08002ae0                CVort_show_about_us
 .text.CVort_do_scores
                0x08002b44       0x44 obj-ep1/src/game/menus.c.o
                0x08002b44                CVort_do_scores
 .text.CVort_show_scores
                0x08002b88       0x44 obj-ep1/src/game/menus.c.o
                0x08002b88                CVort_show_scores
 .text.CVort_private_continue_game
                0x08002bcc      0x1d0 obj-ep1/src/game/menus.c.o
                0x08002bcc                CVort_private_continue_game
 .text.CVort_demo_toggle_reset_player_partial_state_before
                0x08002d9c       0x20 obj-ep1/src/game/menus.c.o
                0x08002d9c                CVort_demo_toggle_reset_player_partial_state_before
 .text.CVort_demo_toggle_reset_player_partial_state_after
                0x08002dbc       0x70 obj-ep1/src/game/menus.c.o
                0x08002dbc                CVort_demo_toggle_reset_player_partial_state_after
 .text.CVort_demo_toggle_prepare_to_record
                0x08002e2c       0xb8 obj-ep1/src/game/menus.c.o
                0x08002e2c                CVort_demo_toggle_prepare_to_record
 .text.CVort_scroll_up_logo
                0x08002ee4       0xc0 obj-ep1/src/game/menus.c.o
                0x08002ee4                CVort_scroll_up_logo
 .text.CVort_draw_string_80
                0x08002fa4       0x54 obj-ep1/src/game/menus.c.o
                0x08002fa4                CVort_draw_string_80
 .text.CVort_draw_about_us
                0x08002ff8       0x58 obj-ep1/src/game/menus.c.o
                0x08002ff8                CVort_draw_about_us
 .text.CVort_draw_string_sel
                0x08003050       0x34 obj-ep1/src/game/menus.c.o
                0x08003050                CVort_draw_string_sel
 .text.CVort_wait_for_key
                0x08003084       0x80 obj-ep1/src/game/menus.c.o
                0x08003084                CVort_wait_for_key
 .text.CVort_save_game
                0x08003104      0x24c obj-ep1/src/game/menus.c.o
                0x08003104                CVort_save_game
 .text.CVort_load_and_process_text_file
                0x08003350       0x30 obj-ep1/src/game/menus.c.o
                0x08003350                CVort_load_and_process_text_file
 .text.CVort_draw_text_page
                0x08003380       0xe0 obj-ep1/src/game/menus.c.o
                0x08003380                CVort_draw_text_page
 .text.CVort_do_text_viewer_short
                0x08003460       0x70 obj-ep1/src/game/menus.c.o
                0x08003460                CVort_do_text_viewer_short
 .text.CVort_text_viewer_bkgrd
                0x080034d0       0xd0 obj-ep1/src/game/menus.c.o
                0x080034d0                CVort_text_viewer_bkgrd
 .text.CVort_draw_text_viewer_border
                0x080035a0       0xc0 obj-ep1/src/game/menus.c.o
                0x080035a0                CVort_draw_text_viewer_border
 .text.CVort_do_text_viewer
                0x08003660      0x240 obj-ep1/src/game/menus.c.o
                0x08003660                CVort_do_text_viewer
 .text.CVort_do_previews
                0x080038a0       0x88 obj-ep1/src/game/menus.c.o
                0x080038a0                CVort_do_previews
 .text.CVort_do_story
                0x08003928       0x44 obj-ep1/src/game/menus.c.o
                0x08003928                CVort_do_story
 .text.CVort_draw_title
                0x0800396c      0x300 obj-ep1/src/game/menus.c.o
                0x0800396c                CVort_draw_title
 .text.CVort_do_intro_and_menu
                0x08003c6c      0x334 obj-ep1/src/game/menus.c.o
                0x08003c6c                CVort_do_intro_and_menu
 .text.CVort_do_help
                0x08003fa0       0x38 obj-ep1/src/game/menus.c.o
                0x08003fa0                CVort_do_help
 .text.CVort_save_high_scores_table
                0x08003fd8      0x114 obj-ep1/src/game/menus.c.o
                0x08003fd8                CVort_save_high_scores_table
 .text.CVort_load_high_scores_table
                0x080040ec      0x16c obj-ep1/src/game/menus.c.o
                0x080040ec                CVort_load_high_scores_table
 .text.CVort_translate_key.part.0
                0x08004258       0x40 obj-ep1/src/game/ui.c.o
 .text.CVort_init_ctrls
                0x08004298      0x244 obj-ep1/src/game/ui.c.o
                0x08004298                CVort_init_ctrls
 .text.CVort_save_ctrls
                0x080044dc      0x1a4 obj-ep1/src/game/ui.c.o
                0x080044dc                CVort_save_ctrls
 .text.CVort_handle_ctrl
                0x08004680       0xe8 obj-ep1/src/game/ui.c.o
                0x08004680                CVort_handle_ctrl
 .text.CVort_translate_key
                0x08004768       0x44 obj-ep1/src/game/ui.c.o
                0x08004768                CVort_translate_key
 .text.CVort_draw_box2
                0x080047ac      0x104 obj-ep1/src/game/ui.c.o
                0x080047ac                CVort_draw_box2
 .text.CVort_draw_box
                0x080048b0       0x40 obj-ep1/src/game/ui.c.o
                0x080048b0                CVort_draw_box
 .text.CVort_draw_char_rectangle
                0x080048f0       0x46 obj-ep1/src/game/ui.c.o
                0x080048f0                CVort_draw_char_rectangle
 .text.CVort_draw_box_opening_horiz
                0x08004936       0x28 obj-ep1/src/game/ui.c.o
                0x08004936                CVort_draw_box_opening_horiz
 .text.CVort_draw_box_opening_vert
                0x0800495e       0x28 obj-ep1/src/game/ui.c.o
                0x0800495e                CVort_draw_box_opening_vert
 .text.CVort_draw_box_opening_main
                0x08004986       0x48 obj-ep1/src/game/ui.c.o
                0x08004986                CVort_draw_box_opening_main
 *fill*         0x080049ce        0x2 ff
 .text.CVort_read_char_with_echo
                0x080049d0       0x6c obj-ep1/src/game/ui.c.o
                0x080049d0                CVort_read_char_with_echo
 .text.CVort_isWaitingForCharInput
                0x08004a3c       0x10 obj-ep1/src/game/ui.c.o
                0x08004a3c                CVort_isWaitingForCharInput
 .text.CVort_draw_string
                0x08004a4c       0x50 obj-ep1/src/game/ui.c.o
                0x08004a4c                CVort_draw_string
 .text.CVort_draw_keyname
                0x08004a9c      0x160 obj-ep1/src/game/ui.c.o
                0x08004a9c                CVort_draw_keyname
 .text.CVort_handle_redef_keys
                0x08004bfc      0x1ac obj-ep1/src/game/ui.c.o
                0x08004bfc                CVort_handle_redef_keys
 .text.CVort_draw_number_word
                0x08004da8       0x24 obj-ep1/src/game/ui.c.o
                0x08004da8                CVort_draw_number_word
 .text.CVort_draw_stringz
                0x08004dcc       0x2c obj-ep1/src/game/ui.c.o
                0x08004dcc                CVort_draw_stringz
 .text.CVort_get_string_input
                0x08004df8       0xa8 obj-ep1/src/game/ui.c.o
                0x08004df8                CVort_get_string_input
 .text.CVort_fade_in
                0x08004ea0       0x34 obj-ep1/src/game/ui.c.o
                0x08004ea0                CVort_fade_in
 .text.CVort_fade_out
                0x08004ed4       0x40 obj-ep1/src/game/ui.c.o
                0x08004ed4                CVort_fade_out
 .text.CVort_lights_on
                0x08004f14       0x24 obj-ep1/src/game/ui.c.o
                0x08004f14                CVort_lights_on
 .text.CVort_lights_out
                0x08004f38       0x24 obj-ep1/src/game/ui.c.o
                0x08004f38                CVort_lights_out
 .text.CVort_toggle_switch
                0x08004f5c      0x21c obj-ep1/src/game/ui.c.o
                0x08004f5c                CVort_toggle_switch
 .text.CVort_body_nop
                0x08005178        0x2 obj-ep1/src/game/physics.c.o
                0x08005178                CVort_body_nop
 *fill*         0x0800517a        0x2 ff
 .text.CVort_body_slide_door
                0x0800517c       0x78 obj-ep1/src/game/physics.c.o
                0x0800517c                CVort_body_slide_door
 .text.CVort_think_contact_nop
                0x080051f4        0x2 obj-ep1/src/game/physics.c.o
                0x080051f4                CVort_think_contact_nop
 *fill*         0x080051f6        0x2 ff
 .text.CVort_body_border_flash
                0x080051f8       0x50 obj-ep1/src/game/physics.c.o
                0x080051f8                CVort_body_border_flash
 .text.CVort_body_bridge_extend
                0x08005248       0x70 obj-ep1/src/game/physics.c.o
                0x08005248                CVort_body_bridge_extend
 .text.CVort_body_bridge_retract
                0x080052b8       0x70 obj-ep1/src/game/physics.c.o
                0x080052b8                CVort_body_bridge_retract
 .text.CVort_contact_nop
                0x08005328        0x2 obj-ep1/src/game/physics.c.o
                0x08005328                CVort_contact_nop
 .text.CVort_think_nop
                0x0800532a        0x2 obj-ep1/src/game/physics.c.o
                0x0800532a                CVort_think_nop
 .text.CVort_think_remove_sprite
                0x0800532c       0x10 obj-ep1/src/game/physics.c.o
                0x0800532c                CVort_think_remove_sprite
 .text.CVort_default_think
                0x0800533c       0x14 obj-ep1/src/game/physics.c.o
                0x0800533c                CVort_default_think
 .text.CVort_default_contact
                0x08005350       0x14 obj-ep1/src/game/physics.c.o
                0x08005350                CVort_default_contact
 .text.CVort_kill_keen
                0x08005364       0x40 obj-ep1/src/game/physics.c.o
                0x08005364                CVort_kill_keen
 .text.CVort_kill_keen_temp
                0x080053a4       0x54 obj-ep1/src/game/physics.c.o
                0x080053a4                CVort_kill_keen_temp
 .text.CVort_move_left_right
                0x080053f8       0x78 obj-ep1/src/game/physics.c.o
                0x080053f8                CVort_move_left_right
 .text.CVort_pogo_jump
                0x08005470       0x74 obj-ep1/src/game/physics.c.o
                0x08005470                CVort_pogo_jump
 .text.CVort_check_ceiling
                0x080054e4       0x94 obj-ep1/src/game/physics.c.o
                0x080054e4                CVort_check_ceiling
 .text.CVort_open_door
                0x08005578      0x108 obj-ep1/src/game/physics.c.o
                0x08005578                CVort_open_door
 .text.CVort_do_fall
                0x08005680       0x7c obj-ep1/src/game/physics.c.o
                0x08005680                CVort_do_fall
 .text.CVort_check_ground
                0x080056fc      0x2e8 obj-ep1/src/game/physics.c.o
                0x080056fc                CVort_check_ground
 .text.CVort_compute_sprite_delta
                0x080059e4       0x48 obj-ep1/src/game/physics.c.o
                0x080059e4                CVort_compute_sprite_delta
 .text.CVort_think_dead_sprite
                0x08005a2c       0x24 obj-ep1/src/game/physics.c.o
                0x08005a2c                CVort_think_dead_sprite
 .text.CVort_think_kill_sprite
                0x08005a50       0x90 obj-ep1/src/game/physics.c.o
                0x08005a50                CVort_think_kill_sprite
 .text.CVort_do_scrolling
                0x08005ae0       0xf0 obj-ep1/src/game/physics.c.o
                0x08005ae0                CVort_do_scrolling
 .text.CVort_sprite_active_screen
                0x08005bd0       0xb8 obj-ep1/src/game/physics.c.o
                0x08005bd0                CVort_sprite_active_screen
 .text.CVort_detect_sprite_col
                0x08005c88       0x3c obj-ep1/src/game/physics.c.o
                0x08005c88                CVort_detect_sprite_col
 .text.CVort_keen_bgtile_col
                0x08005cc4      0x2e8 obj-ep1/src/game/physics.c.o
                0x08005cc4                CVort_keen_bgtile_col
 .text.CVort_think_zapzot
                0x08005fac       0x4c obj-ep1/src/game/enemies.c.o
                0x08005fac                CVort_think_zapzot
 .text.CVort_contact_tankshot
                0x08005ff8       0x7c obj-ep1/src/game/enemies.c.o
                0x08005ff8                CVort_contact_tankshot
 .text.CVort_think_vorticon_walk
                0x08006074      0x100 obj-ep1/src/game/enemies.c.o
                0x08006074                CVort_think_vorticon_walk
 .text.CVort_think_vorticon_jump
                0x08006174       0x78 obj-ep1/src/game/enemies.c.o
                0x08006174                CVort_think_vorticon_jump
 .text.CVort_think_vorticon_search
                0x080061ec       0x90 obj-ep1/src/game/enemies.c.o
                0x080061ec                CVort_think_vorticon_search
 .text.CVort_think_keen_pogo_ground
                0x0800627c       0xe4 obj-ep1/src/game/enemies.c.o
                0x0800627c                CVort_think_keen_pogo_ground
 .text.CVort_contact_vorticon
                0x08006360       0xa4 obj-ep1/src/game/enemies.c.o
                0x08006360                CVort_contact_vorticon
 .text.CVort_think_keen_jump_ground
                0x08006404      0x140 obj-ep1/src/game/enemies.c.o
                0x08006404                CVort_think_keen_jump_ground
 .text.CVort_think_keen_ground
                0x08006544      0x354 obj-ep1/src/game/enemies.c.o
                0x08006544                CVort_think_keen_ground
 .text.CVort_think_keen_jump_air
                0x08006898      0x198 obj-ep1/src/game/enemies.c.o
                0x08006898                CVort_think_keen_jump_air
 .text.CVort_think_keen_pogo_air
                0x08006a30      0x1b4 obj-ep1/src/game/enemies.c.o
                0x08006a30                CVort_think_keen_pogo_air
 .text.CVort_contact_keengun
                0x08006be4       0x60 obj-ep1/src/game/enemies.c.o
                0x08006be4                CVort_contact_keengun
 .text.CVort_think_keengun
                0x08006c44       0x74 obj-ep1/src/game/enemies.c.o
                0x08006c44                CVort_think_keengun
 .text.CVort_add_sprite_vorticon
                0x08006cb8       0x80 obj-ep1/src/game/enemies.c.o
                0x08006cb8                CVort_add_sprite_vorticon
 .text.CVort_add_sprite_tankshot
                0x08006d38      0x144 obj-ep1/src/game/enemies.c.o
                0x08006d38                CVort_add_sprite_tankshot
 .text.CVort_add_sprite_keengun
                0x08006e7c      0x13c obj-ep1/src/game/enemies.c.o
                0x08006e7c                CVort_add_sprite_keengun
 .text.CVort_think_keen_shoot
                0x08006fb8       0xd4 obj-ep1/src/game/enemies.c.o
                0x08006fb8                CVort_think_keen_shoot
 .text.CVort_think_keen_exit
                0x0800708c       0xdc obj-ep1/src/game/enemies.c.o
                0x0800708c                CVort_think_keen_exit
 .text.CVort_think_keen_death
                0x08007168       0xa8 obj-ep1/src/game/enemies.c.o
                0x08007168                CVort_think_keen_death
 .text.gba_updateEgaNonBlinkingTxtNonPalRect
                0x08007210        0x2 obj-ep1/src/render/gfx_gba.c.o
 .text.rgb888_to_bgr555
                0x08007212       0x16 obj-ep1/src/render/gfx_gba.c.o
 .text.gba_decodeTile
                0x08007228      0x100 obj-ep1/src/render/gfx_gba.c.o
 .text.gba_ensureMode4.part.0
                0x08007328       0x4c obj-ep1/src/render/gfx_gba.c.o
 .text.CVort_engine_updateActualDisplay
                0x08007374      0x12c obj-ep1/src/render/gfx_gba.c.o
                0x08007374                CVort_engine_updateActualDisplay
 .text.CVort_engine_reactToWindowResize
                0x080074a0        0x2 obj-ep1/src/render/gfx_gba.c.o
                0x080074a0                CVort_engine_reactToWindowResize
 .text.CVort_engine_handleWindowSideChange
                0x080074a2        0x2 obj-ep1/src/render/gfx_gba.c.o
                0x080074a2                CVort_engine_handleWindowSideChange
 .text.CVort_engine_prepareScreen
                0x080074a4       0xe0 obj-ep1/src/render/gfx_gba.c.o
                0x080074a4                CVort_engine_prepareScreen
 .text.CVort_engine_resetWindow
                0x08007584        0xe obj-ep1/src/render/gfx_gba.c.o
                0x08007584                CVort_engine_resetWindow
 *fill*         0x08007592        0x2 ff
 .text.CVort_engine_setVideoMode
                0x08007594       0x38 obj-ep1/src/render/gfx_gba.c.o
                0x08007594                CVort_engine_setVideoMode
 .text.CVort_engine_copyToTxtMemory
                0x080075cc       0x18 obj-ep1/src/render/gfx_gba.c.o
                0x080075cc                CVort_engine_copyToTxtMemory
 .text.CVort_engine_drawChar
                0x080075e4       0x70 obj-ep1/src/render/gfx_gba.c.o
                0x080075e4                CVort_engine_drawChar
 .text.CVort_engine_drawSprite
                0x08007654       0xd4 obj-ep1/src/render/gfx_gba.c.o
                0x08007654                CVort_engine_drawSprite
 .text.CVort_engine_drawTile
                0x08007728       0x54 obj-ep1/src/render/gfx_gba.c.o
                0x08007728                CVort_engine_drawTile
 .text.CVort_engine_drawBitmap
                0x0800777c      0x160 obj-ep1/src/render/gfx_gba.c.o
                0x0800777c                CVort_engine_drawBitmap
 .text.CVort_engine_drawSpriteAt
                0x080078dc       0xc0 obj-ep1/src/render/gfx_gba.c.o
                0x080078dc                CVort_engine_drawSpriteAt
 .text.CVort_engine_drawTileAt
                0x0800799c       0xb4 obj-ep1/src/render/gfx_gba.c.o
                0x0800799c                CVort_engine_drawTileAt
 .text.CVort_engine_clearOverlay
                0x08007a50       0x1c obj-ep1/src/render/gfx_gba.c.o
                0x08007a50                CVort_engine_clearOverlay
 .text.CVort_engine_syncDrawing
                0x08007a6c       0x94 obj-ep1/src/render/gfx_gba.c.o
                0x08007a6c                CVort_engine_syncDrawing
 .text.CVort_engine_adaptiveTileRefresh
                0x08007b00       0xd8 obj-ep1/src/render/gfx_gba.c.o
                0x08007b00                CVort_engine_adaptiveTileRefresh
 .text.CVort_engine_doDrawing
                0x08007bd8       0xfc obj-ep1/src/render/gfx_gba.c.o
                0x08007bd8                CVort_engine_doDrawing
 .text.CVort_engine_drawScreen
                0x08007cd4       0x1c obj-ep1/src/render/gfx_gba.c.o
                0x08007cd4                CVort_engine_drawScreen
 .text.CVort_engine_scrollText
                0x08007cf0        0x2 obj-ep1/src/render/gfx_gba.c.o
                0x08007cf0                CVort_engine_scrollText
 *fill*         0x08007cf2        0x2 ff
 .text.CVort_engine_setBorderColor
                0x08007cf4       0x30 obj-ep1/src/render/gfx_gba.c.o
                0x08007cf4                CVort_engine_setBorderColor
 .text.CVort_engine_decompGraphics
                0x08007d24      0x2f4 obj-ep1/src/render/gfx_gba.c.o
                0x08007d24                CVort_engine_decompGraphics
 .text.CVort_engine_gotoXY
                0x08008018       0x34 obj-ep1/src/render/gfx_gba.c.o
                0x08008018                CVort_engine_gotoXY
 .text.CVort_engine_setPaletteAndBorderColor
                0x0800804c       0x50 obj-ep1/src/render/gfx_gba.c.o
                0x0800804c                CVort_engine_setPaletteAndBorderColor
 .text.CVort_engine_showImageFile
                0x0800809c       0x20 obj-ep1/src/render/gfx_gba.c.o
                0x0800809c                CVort_engine_showImageFile
 .text.clear_keys_and_check_for_quit
                0x080080bc       0x48 obj-ep1/src/engine/engine.c.o
 .text.check_for_user_input_and_quit
                0x08008104       0x70 obj-ep1/src/engine/engine.c.o
 .text.CVort_engine_parseCalculatedEngineArguments
                0x08008174      0x128 obj-ep1/src/engine/engine.c.o
                0x08008174                CVort_engine_parseCalculatedEngineArguments
 .text.CVort_engine_shutdownSDL
                0x0800829c       0x10 obj-ep1/src/engine/engine.c.o
                0x0800829c                CVort_engine_shutdownSDL
 .text.CVort_engine_shutdown
                0x080082ac       0x14 obj-ep1/src/engine/engine.c.o
                0x080082ac                CVort_engine_shutdown
 .text.CVort_engine_handleQuit
                0x080082c0       0x28 obj-ep1/src/engine/engine.c.o
                0x080082c0                CVort_engine_handleQuit
 .text.CVort_engine_isJoystickInUse
                0x080082e8        0x4 obj-ep1/src/engine/engine.c.o
                0x080082e8                CVort_engine_isJoystickInUse
 .text.CVort_engine_toggleCursorLock
                0x080082ec       0x1c obj-ep1/src/engine/engine.c.o
                0x080082ec                CVort_engine_toggleCursorLock
 .text.CVort_engine_pollJoystick
                0x08008308       0x1c obj-ep1/src/engine/engine.c.o
                0x08008308                CVort_engine_pollJoystick
 .text.CVort_engine_getKeybCtrlState
                0x08008324       0xc0 obj-ep1/src/engine/engine.c.o
                0x08008324                CVort_engine_getKeybCtrlState
 .text.CVort_engine_getMouseCtrl
                0x080083e4       0x9c obj-ep1/src/engine/engine.c.o
                0x080083e4                CVort_engine_getMouseCtrl
 .text.CVort_engine_getJoystickCtrl
                0x08008480      0x108 obj-ep1/src/engine/engine.c.o
                0x08008480                CVort_engine_getJoystickCtrl
 .text.CVort_engine_cross_logMessage
                0x08008588       0x4c obj-ep1/src/engine/engine.c.o
                0x08008588                CVort_engine_cross_logMessage
 .text.CVort_engine_start
                0x080085d4       0x74 obj-ep1/src/engine/engine.c.o
                0x080085d4                CVort_engine_start
 .text.CVort_engine_signExtend8To16
                0x08008648       0x10 obj-ep1/src/engine/engine.c.o
                0x08008648                CVort_engine_signExtend8To16
 .text.CVort_engine_toupper
                0x08008658       0x20 obj-ep1/src/engine/engine.c.o
                0x08008658                CVort_engine_toupper
 .text.CVort_engine_puts
                0x08008678       0xfc obj-ep1/src/engine/engine.c.o
                0x08008678                CVort_engine_puts
 .text.CVort_engine_prepareInstructionsScreen
                0x08008774       0xa0 obj-ep1/src/engine/engine.c.o
                0x08008774                CVort_engine_prepareInstructionsScreen
 .text.gba_snd_loadFromBlob
                0x08008814       0x80 obj-ep1/src/engine/engine_audio_gba.c.o
 .text.CVort_engine_loadSounds
                0x08008894      0x148 obj-ep1/src/engine/engine_audio_gba.c.o
                0x08008894                CVort_engine_loadSounds
 .text.CVort_engine_sndCallback
                0x080089dc        0x2 obj-ep1/src/engine/engine_audio_gba.c.o
                0x080089dc                CVort_engine_sndCallback
 *fill*         0x080089de        0x2 ff
 .text.CVort_engine_setCurSound
                0x080089e0       0xa8 obj-ep1/src/engine/engine_audio_gba.c.o
                0x080089e0                CVort_engine_setCurSound
 .text.CVort_engine_saveCurSound
                0x08008a88       0x24 obj-ep1/src/engine/engine_audio_gba.c.o
                0x08008a88                CVort_engine_saveCurSound
 .text.CVort_engine_restoreCurSound
                0x08008aac        0x2 obj-ep1/src/engine/engine_audio_gba.c.o
                0x08008aac                CVort_engine_restoreCurSound
 *fill*         0x08008aae        0x2 ff
 .text.CVort_engine_finishCurSound
                0x08008ab0       0x34 obj-ep1/src/engine/engine_audio_gba.c.o
                0x08008ab0                CVort_engine_finishCurSound
 .text.CVort_engine_writeBool
                0x08008ae4       0x28 obj-ep1/src/engine/engine_config.c.o
                0x08008ae4                CVort_engine_writeBool
 .text.CVort_engine_writeInt
                0x08008b0c       0x1c obj-ep1/src/engine/engine_config.c.o
                0x08008b0c                CVort_engine_writeInt
 .text.CVort_engine_writeDims
                0x08008b28       0x1c obj-ep1/src/engine/engine_config.c.o
                0x08008b28                CVort_engine_writeDims
 .text.CVort_engine_writeEnum
                0x08008b44       0x24 obj-ep1/src/engine/engine_config.c.o
                0x08008b44                CVort_engine_writeEnum
 .text.CVort_engine_writeSDLRendererDriver
                0x08008b68       0x3c obj-ep1/src/engine/engine_config.c.o
                0x08008b68                CVort_engine_writeSDLRendererDriver
 .text.CVort_engine_saveConfigFile
                0x08008ba4      0x194 obj-ep1/src/engine/engine_config.c.o
                0x08008ba4                CVort_engine_saveConfigFile
 .text.CVort_engine_prepareGameDataFilePathBuffers
                0x08008d38       0x44 obj-ep1/src/engine/engine_io.c.o
                0x08008d38                CVort_engine_prepareGameDataFilePathBuffers
 .text.CVort_engine_cross_ro_data_fopen
                0x08008d7c       0xa4 obj-ep1/src/engine/engine_io.c.o
                0x08008d7c                CVort_engine_cross_ro_data_fopen
 .text.CVort_engine_cross_rw_misc_fopen
                0x08008e20       0x38 obj-ep1/src/engine/engine_io.c.o
                0x08008e20                CVort_engine_cross_rw_misc_fopen
 .text.CVort_engine_configpath_fopen
                0x08008e58        0xc obj-ep1/src/engine/engine_io.c.o
                0x08008e58                CVort_engine_configpath_fopen
 .text.CVort_engine_cross_freadInt8LE
                0x08008e64       0x28 obj-ep1/src/engine/engine_io.c.o
                0x08008e64                CVort_engine_cross_freadInt8LE
 .text.CVort_engine_cross_freadInt16LE
                0x08008e8c       0x2c obj-ep1/src/engine/engine_io.c.o
                0x08008e8c                CVort_engine_cross_freadInt16LE
 .text.CVort_engine_cross_freadInt32LE
                0x08008eb8       0x2c obj-ep1/src/engine/engine_io.c.o
                0x08008eb8                CVort_engine_cross_freadInt32LE
 .text.CVort_engine_cross_fwriteInt8LE
                0x08008ee4       0x12 obj-ep1/src/engine/engine_io.c.o
                0x08008ee4                CVort_engine_cross_fwriteInt8LE
 .text.CVort_engine_cross_fwriteInt16LE
                0x08008ef6       0x12 obj-ep1/src/engine/engine_io.c.o
                0x08008ef6                CVort_engine_cross_fwriteInt16LE
 .text.CVort_engine_cross_fwriteInt32LE
                0x08008f08       0x12 obj-ep1/src/engine/engine_io.c.o
                0x08008f08                CVort_engine_cross_fwriteInt32LE
 *fill*         0x08008f1a        0x2 ff
 .text.CVort_engine_prepareEpisodeSpecificFuncPointers
                0x08008f1c       0xe4 obj-ep1/src/engine/engine_loader.c.o
                0x08008f1c                CVort_engine_prepareEpisodeSpecificFuncPointers
 .text.CVort_engine_initializeKeenVersionInfo
                0x08009000       0x5c obj-ep1/src/engine/engine_loader.c.o
                0x08009000                CVort_engine_initializeKeenVersionInfo
 .text.load_exe_image.constprop.0
                0x0800905c       0xc4 obj-ep1/src/engine/engine_loader.c.o
 .text.CVort_engine_loadKeen
                0x08009120      0x278 obj-ep1/src/engine/engine_loader.c.o
                0x08009120                CVort_engine_loadKeen
 .text.CVort_engine_convertMomentFromGameTicksToMicroSec
                0x08009398       0x38 obj-ep1/src/engine/engine_timing.c.o
                0x08009398                CVort_engine_convertMomentFromGameTicksToMicroSec
 .text.CVort_private_engine_getTicks
                0x080093d0       0x5c obj-ep1/src/engine/engine_timing.c.o
                0x080093d0                CVort_private_engine_getTicks
 .text.CVort_private_engine_setTicks
                0x0800942c       0x1c obj-ep1/src/engine/engine_timing.c.o
                0x0800942c                CVort_private_engine_setTicks
 .text.CVort_private_engine_setTicksSync
                0x08009448        0xc obj-ep1/src/engine/engine_timing.c.o
                0x08009448                CVort_private_engine_setTicksSync
 .text.CVort_private_engine_getTicksSync
                0x08009454        0xc obj-ep1/src/engine/engine_timing.c.o
                0x08009454                CVort_private_engine_getTicksSync
 .text.CVort_engine_doWaitInterval
                0x08009460       0x38 obj-ep1/src/engine/engine_timing.c.o
                0x08009460                CVort_engine_doWaitInterval
 .text.CVort_engine_delay
                0x08009498       0xc4 obj-ep1/src/engine/engine_timing.c.o
                0x08009498                CVort_engine_delay
 .text.CVort_engine_delayInGameTicks
                0x0800955c       0xf0 obj-ep1/src/engine/engine_timing.c.o
                0x0800955c                CVort_engine_delayInGameTicks
 .text.CVort_engine_shortSleep
                0x0800964c       0x48 obj-ep1/src/engine/engine_timing.c.o
                0x0800964c                CVort_engine_shortSleep
 .text.get_joystick_mapping_index
                0x08009694       0x44 obj-ep1/src/input/input.c.o
 .text.CVort_engine_addInputMappingsFromFile
                0x080096d8      0x334 obj-ep1/src/input/input.c.o
                0x080096d8                CVort_engine_addInputMappingsFromFile
 .text.CVort_engine_tryToLoadInputMappings
                0x08009a0c      0x4fc obj-ep1/src/input/input.c.o
                0x08009a0c                CVort_engine_tryToLoadInputMappings
 .text.CVort_engine_setDefaultInputMappings
                0x08009f08      0x46c obj-ep1/src/input/input.c.o
                0x08009f08                CVort_engine_setDefaultInputMappings
 .text.CVort_engine_setupInputMappings
                0x0800a374      0x11c obj-ep1/src/input/input.c.o
                0x0800a374                CVort_engine_setupInputMappings
 .text.CVort_engine_teardownInputMappings
                0x0800a490       0xc0 obj-ep1/src/input/input.c.o
                0x0800a490                CVort_engine_teardownInputMappings
 .text.CVort_engine_handleEvent
                0x0800a550      0x220 obj-ep1/src/input/input.c.o
                0x0800a550                CVort_engine_handleEvent
 .text.CVort_engine_updateInputStatus
                0x0800a770      0x850 obj-ep1/src/input/input.c.o
                0x0800a770                CVort_engine_updateInputStatus
 .text.is_dos_scancode_pressed
                0x0800afc0       0x18 obj-ep1/src/input/actions.c.o
 .text.dos_scancode_for_emulated_key
                0x0800afd8       0x20 obj-ep1/src/input/actions.c.o
 .text.CK_ActionState_Init
                0x0800aff8       0x24 obj-ep1/src/input/actions.c.o
                0x0800aff8                CK_ActionState_Init
 .text.CK_ActionState_BeginFrame
                0x0800b01c       0x34 obj-ep1/src/input/actions.c.o
                0x0800b01c                CK_ActionState_BeginFrame
 .text.CK_ActionState_UpdateFromLegacyInput
                0x0800b050      0x22c obj-ep1/src/input/actions.c.o
                0x0800b050                CK_ActionState_UpdateFromLegacyInput
 .text.CK_Action_IsHeld
                0x0800b27c       0x18 obj-ep1/src/input/actions.c.o
                0x0800b27c                CK_Action_IsHeld
 .text.CK_Action_HasMenuSelect
                0x0800b294       0x18 obj-ep1/src/input/actions.c.o
                0x0800b294                CK_Action_HasMenuSelect
 .text.CK_Action_HasMenuDismiss
                0x0800b2ac       0x10 obj-ep1/src/input/actions.c.o
                0x0800b2ac                CK_Action_HasMenuDismiss
 .text.CK_Action_HasUiAck
                0x0800b2bc       0x14 obj-ep1/src/input/actions.c.o
                0x0800b2bc                CK_Action_HasUiAck
 .text.CVort_gui_runLoop
                0x0800b2d0        0x2 obj-ep1/src/ui/gui_gba.c.o
                0x0800b2d0                CVort_gui_runLoop
 .text.CVort1_contact_butler
                0x0800b2d2        0xc obj-ep1/src/episodes/episode1.c.o
                0x0800b2d2                CVort1_contact_butler
 *fill*         0x0800b2de        0x2 ff
 .text.CVort1_contact_cube
                0x0800b2e0       0x10 obj-ep1/src/episodes/episode1.c.o
                0x0800b2e0                CVort1_contact_cube
 .text.CVort1_body_shot_chain
                0x0800b2f0      0x12c obj-ep1/src/episodes/episode1.c.o
                0x0800b2f0                CVort1_body_shot_chain
 .text.CVort1_draw_ordering_info
                0x0800b41c       0xec obj-ep1/src/episodes/episode1.c.o
                0x0800b41c                CVort1_draw_ordering_info
 .text.CVort1_think_yorp_look
                0x0800b508       0x80 obj-ep1/src/episodes/episode1.c.o
                0x0800b508                CVort1_think_yorp_look
 .text.CVort1_think_yorp_stunned
                0x0800b588       0x70 obj-ep1/src/episodes/episode1.c.o
                0x0800b588                CVort1_think_yorp_stunned
 .text.CVort1_think_butler_walk
                0x0800b5f8       0xc4 obj-ep1/src/episodes/episode1.c.o
                0x0800b5f8                CVort1_think_butler_walk
 .text.CVort1_think_butler_turn
                0x0800b6bc       0x6c obj-ep1/src/episodes/episode1.c.o
                0x0800b6bc                CVort1_think_butler_turn
 .text.CVort1_think_tankbot_spawn
                0x0800b728       0x28 obj-ep1/src/episodes/episode1.c.o
                0x0800b728                CVort1_think_tankbot_spawn
 .text.CVort1_think_keen_frozen
                0x0800b750       0x68 obj-ep1/src/episodes/episode1.c.o
                0x0800b750                CVort1_think_keen_frozen
 .text.CVort1_think_garg_move
                0x0800b7b8       0xd4 obj-ep1/src/episodes/episode1.c.o
                0x0800b7b8                CVort1_think_garg_move
 .text.CVort1_think_tankbot_move
                0x0800b88c       0xfc obj-ep1/src/episodes/episode1.c.o
                0x0800b88c                CVort1_think_tankbot_move
 .text.CVort1_think_yorp_walk
                0x0800b988       0xac obj-ep1/src/episodes/episode1.c.o
                0x0800b988                CVort1_think_yorp_walk
 .text.CVort1_think_tankbot_shoot
                0x0800ba34       0x94 obj-ep1/src/episodes/episode1.c.o
                0x0800ba34                CVort1_think_tankbot_shoot
 .text.CVort1_think_tankbot_turn
                0x0800bac8       0x60 obj-ep1/src/episodes/episode1.c.o
                0x0800bac8                CVort1_think_tankbot_turn
 .text.CVort1_think_cubette_flight
                0x0800bb28       0x68 obj-ep1/src/episodes/episode1.c.o
                0x0800bb28                CVort1_think_cubette_flight
 .text.CVort1_think_garg_look
                0x0800bb90       0x90 obj-ep1/src/episodes/episode1.c.o
                0x0800bb90                CVort1_think_garg_look
 .text.CVort1_contact_yorp
                0x0800bc20       0x38 obj-ep1/src/episodes/episode1.c.o
                0x0800bc20                CVort1_contact_yorp
 .text.CVort1_contact_garg
                0x0800bc58       0x38 obj-ep1/src/episodes/episode1.c.o
                0x0800bc58                CVort1_contact_garg
 .text.CVort1_think_cube
                0x0800bc90       0xdc obj-ep1/src/episodes/episode1.c.o
                0x0800bc90                CVort1_think_cube
 .text.CVort1_contact_chain
                0x0800bd6c       0xac obj-ep1/src/episodes/episode1.c.o
                0x0800bd6c                CVort1_contact_chain
 .text.CVort1_show_pause_menu
                0x0800be18      0x36c obj-ep1/src/episodes/episode1.c.o
                0x0800be18                CVort1_show_pause_menu
 .text.CVort1_contact_keen
                0x0800c184       0xb0 obj-ep1/src/episodes/episode1.c.o
                0x0800c184                CVort1_contact_keen
 .text.CVort1_add_sprite_tankbot
                0x0800c234       0x50 obj-ep1/src/episodes/episode1.c.o
                0x0800c234                CVort1_add_sprite_tankbot
 .text.CVort1_add_sprite_butler
                0x0800c284       0x4c obj-ep1/src/episodes/episode1.c.o
                0x0800c284                CVort1_add_sprite_butler
 .text.CVort1_add_sprite_garg
                0x0800c2d0       0x3c obj-ep1/src/episodes/episode1.c.o
                0x0800c2d0                CVort1_add_sprite_garg
 .text.CVort1_add_sprite_yorp
                0x0800c30c       0x54 obj-ep1/src/episodes/episode1.c.o
                0x0800c30c                CVort1_add_sprite_yorp
 .text.CVort1_add_sprite_chain
                0x0800c360       0x3c obj-ep1/src/episodes/episode1.c.o
                0x0800c360                CVort1_add_sprite_chain
 .text.CVort1_add_sprite_cube
                0x0800c39c       0x7c obj-ep1/src/episodes/episode1.c.o
                0x0800c39c                CVort1_add_sprite_cube
 .text.CVort1_body_ice_cannon
                0x0800c418       0x78 obj-ep1/src/episodes/episode1.c.o
                0x0800c418                CVort1_body_ice_cannon
 .text.CVort1_add_body_cannon
                0x0800c490       0x4c obj-ep1/src/episodes/episode1.c.o
                0x0800c490                CVort1_add_body_cannon
 .text.CVort1_init_level
                0x0800c4dc       0xd0 obj-ep1/src/episodes/episode1.c.o
                0x0800c4dc                CVort1_init_level
 .text.CVort1_inlevel_message
                0x0800c5ac      0x21c obj-ep1/src/episodes/episode1.c.o
                0x0800c5ac                CVort1_inlevel_message
 .text.CVort1_draw_win
                0x0800c7c8      0x59c obj-ep1/src/episodes/episode1.c.o
                0x0800c7c8                CVort1_draw_win
 .text.CVort1_handle_secret_city
                0x0800cd64      0x184 obj-ep1/src/episodes/episode1.c.o
                0x0800cd64                CVort1_handle_secret_city
 .text.CVort1_do_ordering
                0x0800cee8       0x58 obj-ep1/src/episodes/episode1.c.o
                0x0800cee8                CVort1_do_ordering
 .text.CVort1_show_ordering
                0x0800cf40      0x114 obj-ep1/src/episodes/episode1.c.o
                0x0800cf40                CVort1_show_ordering
 .text.CVort1_draw_scores
                0x0800d054      0x188 obj-ep1/src/episodes/episode1.c.o
                0x0800d054                CVort1_draw_scores
 .text.CVort1_worldmap_sprites
                0x0800d1dc      0x300 obj-ep1/src/episodes/episode1.c.o
                0x0800d1dc                CVort1_worldmap_sprites
 .text.CVort1_engine_processEXE
                0x0800d4dc      0x1c8 obj-ep1/src/episodes/episode1_engine.c.o
                0x0800d4dc                CVort1_engine_processEXE
 .text.startup.main
                0x0800d6a4       0xa0 obj-ep1/src/platform/gba_main.c.o
                0x0800d6a4                main
 .text.SDL_Init
                0x0800d744       0x38 obj-ep1/src/platform/gba_sdl.c.o
                0x0800d744                SDL_Init
 .text.SDL_InitSubSystem
                0x0800d77c        0x4 obj-ep1/src/platform/gba_sdl.c.o
                0x0800d77c                SDL_InitSubSystem
 .text.SDL_Quit
                0x0800d780        0x2 obj-ep1/src/platform/gba_sdl.c.o
                0x0800d780                SDL_Quit
 *fill*         0x0800d782        0x2 ff
 .text.SDL_GetError
                0x0800d784        0x8 obj-ep1/src/platform/gba_sdl.c.o
                0x0800d784                SDL_GetError
 .text.SDL_GetTicks
                0x0800d78c       0x5c obj-ep1/src/platform/gba_sdl.c.o
                0x0800d78c                SDL_GetTicks
 .text.SDL_PollEvent
                0x0800d7e8        0x4 obj-ep1/src/platform/gba_sdl.c.o
                0x0800d7e8                SDL_PollEvent
 .text.SDL_NumJoysticks
                0x0800d7ec        0x4 obj-ep1/src/platform/gba_sdl.c.o
                0x0800d7ec                SDL_NumJoysticks
 .text.SDL_JoystickOpen
                0x0800d7f0        0x4 obj-ep1/src/platform/gba_sdl.c.o
                0x0800d7f0                SDL_JoystickOpen
 .text.SDL_JoystickClose
                0x0800d7f4        0x2 obj-ep1/src/platform/gba_sdl.c.o
                0x0800d7f4                SDL_JoystickClose
 .text.SDL_JoystickEventState
                0x0800d7f6        0x4 obj-ep1/src/platform/gba_sdl.c.o
                0x0800d7f6                SDL_JoystickEventState
 .text.SDL_JoystickNumAxes
                0x0800d7fa        0x4 obj-ep1/src/platform/gba_sdl.c.o
                0x0800d7fa                SDL_JoystickNumAxes
 .text.SDL_JoystickNumButtons
                0x0800d7fe        0x4 obj-ep1/src/platform/gba_sdl.c.o
                0x0800d7fe                SDL_JoystickNumButtons
 .text.SDL_JoystickNumHats
                0x0800d802        0x4 obj-ep1/src/platform/gba_sdl.c.o
                0x0800d802                SDL_JoystickNumHats
 .text.SDL_JoystickInstanceID
                0x0800d806        0x4 obj-ep1/src/platform/gba_sdl.c.o
                0x0800d806                SDL_JoystickInstanceID
 .text.SDL_ShowCursor
                0x0800d80a        0x4 obj-ep1/src/platform/gba_sdl.c.o
                0x0800d80a                SDL_ShowCursor
 .text.SDL_SetRelativeMouseMode
                0x0800d80e        0x2 obj-ep1/src/platform/gba_sdl.c.o
                0x0800d80e                SDL_SetRelativeMouseMode
 .text.SDL_GetRelativeMouseState
                0x0800d810       0x14 obj-ep1/src/platform/gba_sdl.c.o
                0x0800d810                SDL_GetRelativeMouseState
 .text.SDL_GetRenderDriverInfo
                0x0800d824       0x30 obj-ep1/src/platform/gba_sdl.c.o
                0x0800d824                SDL_GetRenderDriverInfo
 .text.SDL_OpenAudio
                0x0800d854       0x1c obj-ep1/src/platform/gba_sdl.c.o
                0x0800d854                SDL_OpenAudio
 .text.SDL_CloseAudio
                0x0800d870        0x2 obj-ep1/src/platform/gba_sdl.c.o
                0x0800d870                SDL_CloseAudio
 .text.CK_PlatformSleepMs
                0x0800d872       0x2e obj-ep1/src/platform/sleep_gba.c.o
                0x0800d872                CK_PlatformSleepMs
 .text.ck_set_virtual_key.part.0
                0x0800d8a0       0x68 obj-ep1/src/platform/input_gba.c.o
 .text.CK_PlatformPrepareInput
                0x0800d908        0x2 obj-ep1/src/platform/input_gba.c.o
                0x0800d908                CK_PlatformPrepareInput
 *fill*         0x0800d90a        0x2 ff
 .text.CK_PlatformPollInputState
                0x0800d90c       0x80 obj-ep1/src/platform/input_gba.c.o
                0x0800d90c                CK_PlatformPollInputState
 .text.CK_PlatformApplyInputPolicy
                0x0800d98c       0xc8 obj-ep1/src/platform/input_gba.c.o
                0x0800d98c                CK_PlatformApplyInputPolicy
 .text.CK_PlatformPreferredPlayer1ControlType
                0x0800da54        0x4 obj-ep1/src/platform/input_gba.c.o
                0x0800da54                CK_PlatformPreferredPlayer1ControlType
 .text.CK_PlatformApplyDefaultJoystickCalibration
                0x0800da58       0x10 obj-ep1/src/platform/input_gba.c.o
                0x0800da58                CK_PlatformApplyDefaultJoystickCalibration
 .text.CK_GBA_ReadSlotDigit
                0x0800da68       0xc0 obj-ep1/src/platform/input_gba.c.o
                0x0800da68                CK_GBA_ReadSlotDigit
 .text.CK_PlatformEnsureRwMiscDir
                0x0800db28        0x2 obj-ep1/src/platform/gba_paths.c.o
                0x0800db28                CK_PlatformEnsureRwMiscDir
 .text.CK_PlatformBuildRoDataPath
                0x0800db2a       0x32 obj-ep1/src/platform/gba_paths.c.o
                0x0800db2a                CK_PlatformBuildRoDataPath
 .text.CK_PlatformBuildExternalGameDataPath
                0x0800db5c        0x4 obj-ep1/src/platform/gba_paths.c.o
                0x0800db5c                CK_PlatformBuildExternalGameDataPath
 .text.CK_PlatformBuildRwMiscPath
                0x0800db60        0xc obj-ep1/src/platform/gba_paths.c.o
                0x0800db60                CK_PlatformBuildRwMiscPath
 .text.ck_find_rom_entry
                0x0800db6c       0x90 obj-ep1/src/platform/gba_fileio.c.o
 .text.copy_basename
                0x0800dbfc       0x24 obj-ep1/src/platform/gba_fileio.c.o
 .text.ck_alloc_slot
                0x0800dc20       0x40 obj-ep1/src/platform/gba_fileio.c.o
 .text.ck_basename
                0x0800dc60       0x26 obj-ep1/src/platform/gba_fileio.c.o
 .text.ck_gba_lookup_rom
                0x0800dc86       0x34 obj-ep1/src/platform/gba_fileio.c.o
                0x0800dc86                ck_gba_lookup_rom
 .text.ck_gba_fopen
                0x0800dcba       0xba obj-ep1/src/platform/gba_fileio.c.o
                0x0800dcba                ck_gba_fopen
 .text.ck_gba_fclose
                0x0800dd74       0x30 obj-ep1/src/platform/gba_fileio.c.o
                0x0800dd74                ck_gba_fclose
 .text.ck_gba_fread
                0x0800dda4       0x68 obj-ep1/src/platform/gba_fileio.c.o
                0x0800dda4                ck_gba_fread
 .text.ck_gba_fwrite
                0x0800de0c       0x68 obj-ep1/src/platform/gba_fileio.c.o
                0x0800de0c                ck_gba_fwrite
 .text.ck_gba_fseek
                0x0800de74       0x48 obj-ep1/src/platform/gba_fileio.c.o
                0x0800de74                ck_gba_fseek
 .text.ck_gba_ftell
                0x0800debc       0x18 obj-ep1/src/platform/gba_fileio.c.o
                0x0800debc                ck_gba_ftell
 .text.ck_gba_rewind
                0x0800ded4       0x18 obj-ep1/src/platform/gba_fileio.c.o
                0x0800ded4                ck_gba_rewind
 .text.ck_gba_fprintf
                0x0800deec        0x8 obj-ep1/src/platform/gba_fileio.c.o
                0x0800deec                ck_gba_fprintf
 .text.ck_gba_vfprintf
                0x0800def4        0x4 obj-ep1/src/platform/gba_fileio.c.o
                0x0800def4                ck_gba_vfprintf
 .text.normalize_name
                0x0800def8       0x3c obj-ep1/src/platform/gba_sram.c.o
 .text.find_slot
                0x0800df34       0x50 obj-ep1/src/platform/gba_sram.c.o
 .text.CK_SRAM_Init
                0x0800df84       0x9c obj-ep1/src/platform/gba_sram.c.o
                0x0800df84                CK_SRAM_Init
 .text.CK_SRAM_Read
                0x0800e020       0x64 obj-ep1/src/platform/gba_sram.c.o
                0x0800e020                CK_SRAM_Read
 .text.CK_SRAM_Write
                0x0800e084       0xc0 obj-ep1/src/platform/gba_sram.c.o
                0x0800e084                CK_SRAM_Write
 .text          0x0800e144      0x3c4 /opt/devkitpro/libgba/lib/libgba.a(interrupt.o)
                0x0800e144                dummy
                0x0800e148                InitInterrupt
                0x0800e1a4                irqInit
                0x0800e200                SetInterrupt
                0x0800e2e8                irqSet
                0x0800e3d0                EnableInterrupt
                0x0800e41c                irqEnable
                0x0800e470                DisableInterrupt
                0x0800e4bc                irqDisable
 .text          0x0800e508       0x14 /opt/devkitpro/devkitARM/lib/gcc/arm-none-eabi/15.2.0/thumb/libgcc.a(_thumb1_case_sqi.o)
                0x0800e508                __gnu_thumb1_case_sqi
 .text          0x0800e51c       0x14 /opt/devkitpro/devkitARM/lib/gcc/arm-none-eabi/15.2.0/thumb/libgcc.a(_thumb1_case_uqi.o)
                0x0800e51c                __gnu_thumb1_case_uqi
 .text          0x0800e530       0x14 /opt/devkitpro/devkitARM/lib/gcc/arm-none-eabi/15.2.0/thumb/libgcc.a(_thumb1_case_shi.o)
                0x0800e530                __gnu_thumb1_case_shi
 .text          0x0800e544       0x14 /opt/devkitpro/devkitARM/lib/gcc/arm-none-eabi/15.2.0/thumb/libgcc.a(_thumb1_case_uhi.o)
                0x0800e544                __gnu_thumb1_case_uhi
 .text          0x0800e558      0x11c /opt/devkitpro/devkitARM/lib/gcc/arm-none-eabi/15.2.0/thumb/libgcc.a(_udivsi3.o)
                0x0800e558                __udivsi3
                0x0800e558                __aeabi_uidiv
                0x0800e654                __aeabi_uidivmod
 .text          0x0800e674      0x150 /opt/devkitpro/devkitARM/lib/gcc/arm-none-eabi/15.2.0/thumb/libgcc.a(_divsi3.o)
                0x0800e674                __aeabi_idiv
                0x0800e674                __divsi3
                0x0800e7a4                __aeabi_idivmod
 .text          0x0800e7c4        0x4 /opt/devkitpro/devkitARM/lib/gcc/arm-none-eabi/15.2.0/thumb/libgcc.a(_dvmd_tls.o)
                0x0800e7c4                __aeabi_ldiv0
                0x0800e7c4                __aeabi_idiv0
 .text          0x0800e7c8       0xd4 /opt/devkitpro/devkitARM/lib/gcc/arm-none-eabi/15.2.0/thumb/libgcc.a(_aeabi_ldivmod.o)
                0x0800e7c8                __aeabi_ldivmod
 .text.__muldi3
                0x0800e89c       0x58 /opt/devkitpro/devkitARM/lib/gcc/arm-none-eabi/15.2.0/thumb/libgcc.a(_muldi3.o)
                0x0800e89c                __aeabi_lmul
                0x0800e89c                __muldi3
 .text.__udivmoddi4
                0x0800e8f4      0x194 /opt/devkitpro/devkitARM/lib/gcc/arm-none-eabi/15.2.0/thumb/libgcc.a(_udivmoddi4.o)
                0x0800e8f4                __udivmoddi4
 .text          0x0800ea88       0x28 /opt/devkitpro/devkitARM/lib/gcc/arm-none-eabi/15.2.0/thumb/libgcc.a(_clzdi2.o)
                0x0800ea88                __clzdi2
 .text          0x0800eab0       0x48 /opt/devkitpro/devkitARM/lib/gcc/arm-none-eabi/15.2.0/thumb/libgcc.a(_clzsi2.o)
                0x0800eab0                __clzsi2
 .text.critical_factorization
                0x0800eaf8       0xcc /opt/devkitpro/devkitARM/lib/gcc/arm-none-eabi/15.2.0/../../../../arm-none-eabi/lib/thumb/libg.a(libc_a-strstr.o)
 .text.two_way_long_needle
                0x0800ebc4      0x204 /opt/devkitpro/devkitARM/lib/gcc/arm-none-eabi/15.2.0/../../../../arm-none-eabi/lib/thumb/libg.a(libc_a-strstr.o)
 .text.strstr   0x0800edc8      0x1ac /opt/devkitpro/devkitARM/lib/gcc/arm-none-eabi/15.2.0/../../../../arm-none-eabi/lib/thumb/libg.a(libc_a-strstr.o)
                0x0800edc8                strstr
 .text.memcpy   0x0800ef74       0xac /opt/devkitpro/devkitARM/lib/gcc/arm-none-eabi/15.2.0/../../../../arm-none-eabi/lib/thumb/libg.a(libc_a-memcpy-stub.o)
                0x0800ef74                memcpy
 .text.strlen   0x0800f020       0x60 /opt/devkitpro/devkitARM/lib/gcc/arm-none-eabi/15.2.0/../../../../arm-none-eabi/lib/thumb/libg.a(libc_a-strlen.o)
                0x0800f020                strlen
 .text.snprintf
                0x0800f080       0x64 /opt/devkitpro/devkitARM/lib/gcc/arm-none-eabi/15.2.0/../../../../arm-none-eabi/lib/thumb/libg.a(libc_a-snprintf.o)
                0x0800f080                snprintf
 .text.strchr   0x0800f0e4       0xbc /opt/devkitpro/devkitARM/lib/gcc/arm-none-eabi/15.2.0/../../../../arm-none-eabi/lib/thumb/libg.a(libc_a-strchr.o)
                0x0800f0e4                strchr
 .text.memcmp   0x0800f1a0       0x48 /opt/devkitpro/devkitARM/lib/gcc/arm-none-eabi/15.2.0/../../../../arm-none-eabi/lib/thumb/libg.a(libc_a-memcmp.o)
                0x0800f1a0                memcmp
 .text.__errno  0x0800f1e8        0xc /opt/devkitpro/devkitARM/lib/gcc/arm-none-eabi/15.2.0/../../../../arm-none-eabi/lib/thumb/libg.a(libc_a-errno.o)
                0x0800f1e8                __errno
 .text.strcpy   0x0800f1f4       0x10 /opt/devkitpro/devkitARM/lib/gcc/arm-none-eabi/15.2.0/../../../../arm-none-eabi/lib/thumb/libg.a(libc_a-strcpy.o)
                0x0800f1f4                strcpy
 .text.__locale_mb_cur_max
                0x0800f204       0x20 /opt/devkitpro/devkitARM/lib/gcc/arm-none-eabi/15.2.0/../../../../arm-none-eabi/lib/thumb/libg.a(libc_a-locale.o)
                0x0800f204                __locale_mb_cur_max
 .text.memset   0x0800f224       0x8c /opt/devkitpro/devkitARM/lib/gcc/arm-none-eabi/15.2.0/../../../../arm-none-eabi/lib/thumb/libg.a(libc_a-memset.o)
                0x0800f224                memset
 .text.atoi     0x0800f2b0       0x10 /opt/devkitpro/devkitARM/lib/gcc/arm-none-eabi/15.2.0/../../../../arm-none-eabi/lib/thumb/libg.a(libc_a-atoi.o)
                0x0800f2b0                atoi
 .text._strtol_l.part.0
                0x0800f2c0      0x25c /opt/devkitpro/devkitARM/lib/gcc/arm-none-eabi/15.2.0/../../../../arm-none-eabi/lib/thumb/libg.a(libc_a-strtol.o)
 .text.strtol   0x0800f51c       0x38 /opt/devkitpro/devkitARM/lib/gcc/arm-none-eabi/15.2.0/../../../../arm-none-eabi/lib/thumb/libg.a(libc_a-strtol.o)
                0x0800f51c                strtol
 .text.__libc_init_array
                0x0800f554       0x54 /opt/devkitpro/devkitARM/lib/gcc/arm-none-eabi/15.2.0/../../../../arm-none-eabi/lib/thumb/libg.a(libc_a-init.o)
                0x0800f554                __libc_init_array
 .text.strncpy  0x0800f5a8       0x68 /opt/devkitpro/devkitARM/lib/gcc/arm-none-eabi/15.2.0/../../../../arm-none-eabi/lib/thumb/libg.a(libc_a-strncpy.o)
                0x0800f5a8                strncpy
 .text.malloc   0x0800f610       0x28 /opt/devkitpro/devkitARM/lib/gcc/arm-none-eabi/15.2.0/../../../../arm-none-eabi/lib/thumb/libg.a(libc_a-malloc.o)
                0x0800f610                malloc
 .text.free     0x0800f638       0x14 /opt/devkitpro/devkitARM/lib/gcc/arm-none-eabi/15.2.0/../../../../arm-none-eabi/lib/thumb/libg.a(libc_a-malloc.o)
                0x0800f638                free
 .text.strrchr  0x0800f64c       0x30 /opt/devkitpro/devkitARM/lib/gcc/arm-none-eabi/15.2.0/../../../../arm-none-eabi/lib/thumb/libg.a(libc_a-strrchr.o)
                0x0800f64c                strrchr
 .text._localeconv_r
                0x0800f67c       0x20 /opt/devkitpro/devkitARM/lib/gcc/arm-none-eabi/15.2.0/../../../../arm-none-eabi/lib/thumb/libg.a(libc_a-localeconv.o)
                0x0800f67c                _localeconv_r
 .text.__sread  0x0800f69c       0x34 /opt/devkitpro/devkitARM/lib/gcc/arm-none-eabi/15.2.0/../../../../arm-none-eabi/lib/thumb/libg.a(libc_a-stdio.o)
                0x0800f69c                __sread
 .text.__swrite
                0x0800f6d0       0x4c /opt/devkitpro/devkitARM/lib/gcc/arm-none-eabi/15.2.0/../../../../arm-none-eabi/lib/thumb/libg.a(libc_a-stdio.o)
                0x0800f6d0                __swrite
 .text.__sseek  0x0800f71c       0x3c /opt/devkitpro/devkitARM/lib/gcc/arm-none-eabi/15.2.0/../../../../arm-none-eabi/lib/thumb/libg.a(libc_a-stdio.o)
                0x0800f71c                __sseek
 .text.__sclose
                0x0800f758       0x10 /opt/devkitpro/devkitARM/lib/gcc/arm-none-eabi/15.2.0/../../../../arm-none-eabi/lib/thumb/libg.a(libc_a-stdio.o)
                0x0800f758                __sclose
 .text.memmove  0x0800f768      0x108 /opt/devkitpro/devkitARM/lib/gcc/arm-none-eabi/15.2.0/../../../../arm-none-eabi/lib/thumb/libg.a(libc_a-memmove.o)
                0x0800f768                memmove
 .text._realloc_r
                0x0800f870      0x344 /opt/devkitpro/devkitARM/lib/gcc/arm-none-eabi/15.2.0/../../../../arm-none-eabi/lib/thumb/libg.a(libc_a-reallocr.o)
                0x0800f870                _realloc_r
 .text.__malloc_lock
                0x0800fbb4       0x14 /opt/devkitpro/devkitARM/lib/gcc/arm-none-eabi/15.2.0/../../../../arm-none-eabi/lib/thumb/libg.a(libc_a-mlock.o)
                0x0800fbb4                __malloc_lock
 .text.__malloc_unlock
                0x0800fbc8       0x14 /opt/devkitpro/devkitARM/lib/gcc/arm-none-eabi/15.2.0/../../../../arm-none-eabi/lib/thumb/libg.a(libc_a-mlock.o)
                0x0800fbc8                __malloc_unlock
 .text.time     0x0800fbdc       0x38 /opt/devkitpro/devkitARM/lib/gcc/arm-none-eabi/15.2.0/../../../../arm-none-eabi/lib/thumb/libg.a(libc_a-time.o)
                0x0800fbdc                time
 .text.__call_exitprocs
                0x0800fc14        0xc /opt/devkitpro/devkitARM/lib/gcc/arm-none-eabi/15.2.0/../../../../arm-none-eabi/lib/thumb/libg.a(libc_a-exit.o)
                0x0800fc14                __call_exitprocs
 .text.exit     0x0800fc20       0x24 /opt/devkitpro/devkitARM/lib/gcc/arm-none-eabi/15.2.0/../../../../arm-none-eabi/lib/thumb/libg.a(libc_a-exit.o)
                0x0800fc20                exit
 .text.get_arg  0x0800fc44      0x404 /opt/devkitpro/devkitARM/lib/gcc/arm-none-eabi/15.2.0/../../../../arm-none-eabi/lib/thumb/libg.a(libc_a-svfprintf.o)
 .text._svfprintf_r
                0x08010048     0x22e0 /opt/devkitpro/devkitARM/lib/gcc/arm-none-eabi/15.2.0/../../../../arm-none-eabi/lib/thumb/libg.a(libc_a-svfprintf.o)
                0x08010048                _svfprintf_r
 .text.__utf8_wctomb
                0x08012328       0xbc /opt/devkitpro/devkitARM/lib/gcc/arm-none-eabi/15.2.0/../../../../arm-none-eabi/lib/thumb/libg.a(libc_a-wctomb_r.o)
                0x08012328                __utf8_wctomb
 .text.__libc_fini_array
                0x080123e4       0x30 /opt/devkitpro/devkitARM/lib/gcc/arm-none-eabi/15.2.0/../../../../arm-none-eabi/lib/thumb/libg.a(libc_a-fini.o)
                0x080123e4                __libc_fini_array
 .text.strnlen  0x08012414       0x20 /opt/devkitpro/devkitARM/lib/gcc/arm-none-eabi/15.2.0/../../../../arm-none-eabi/lib/thumb/libg.a(libc_a-strnlen.o)
                0x08012414                strnlen
 .text.frexp    0x08012434       0x74 /opt/devkitpro/devkitARM/lib/gcc/arm-none-eabi/15.2.0/../../../../arm-none-eabi/lib/thumb/libg.a(libm_a-s_frexp.o)
                0x08012434                frexp
 .text.__assert_func
                0x080124a8       0x40 /opt/devkitpro/devkitARM/lib/gcc/arm-none-eabi/15.2.0/../../../../arm-none-eabi/lib/thumb/libg.a(libc_a-assert.o)
                0x080124a8                __assert_func
 .text._Balloc  0x080124e8       0x5c /opt/devkitpro/devkitARM/lib/gcc/arm-none-eabi/15.2.0/../../../../arm-none-eabi/lib/thumb/libg.a(libc_a-mprec.o)
                0x080124e8                _Balloc
 .text._Bfree   0x08012544       0x14 /opt/devkitpro/devkitARM/lib/gcc/arm-none-eabi/15.2.0/../../../../arm-none-eabi/lib/thumb/libg.a(libc_a-mprec.o)
                0x08012544                _Bfree
 .text.__multadd
                0x08012558       0xa8 /opt/devkitpro/devkitARM/lib/gcc/arm-none-eabi/15.2.0/../../../../arm-none-eabi/lib/thumb/libg.a(libc_a-mprec.o)
                0x08012558                __multadd
 .text.__hi0bits
                0x08012600       0x60 /opt/devkitpro/devkitARM/lib/gcc/arm-none-eabi/15.2.0/../../../../arm-none-eabi/lib/thumb/libg.a(libc_a-mprec.o)
                0x08012600                __hi0bits
 .text.__lo0bits
                0x08012660       0x8c /opt/devkitpro/devkitARM/lib/gcc/arm-none-eabi/15.2.0/../../../../arm-none-eabi/lib/thumb/libg.a(libc_a-mprec.o)
                0x08012660                __lo0bits
 .text.__i2b    0x080126ec       0x64 /opt/devkitpro/devkitARM/lib/gcc/arm-none-eabi/15.2.0/../../../../arm-none-eabi/lib/thumb/libg.a(libc_a-mprec.o)
                0x080126ec                __i2b
 .text.__multiply
                0x08012750      0x1b4 /opt/devkitpro/devkitARM/lib/gcc/arm-none-eabi/15.2.0/../../../../arm-none-eabi/lib/thumb/libg.a(libc_a-mprec.o)
                0x08012750                __multiply
 .text.__pow5mult
                0x08012904       0xd8 /opt/devkitpro/devkitARM/lib/gcc/arm-none-eabi/15.2.0/../../../../arm-none-eabi/lib/thumb/libg.a(libc_a-mprec.o)
                0x08012904                __pow5mult
 .text.__lshift
                0x080129dc       0xf8 /opt/devkitpro/devkitARM/lib/gcc/arm-none-eabi/15.2.0/../../../../arm-none-eabi/lib/thumb/libg.a(libc_a-mprec.o)
                0x080129dc                __lshift
 .text.__mcmp   0x08012ad4       0x50 /opt/devkitpro/devkitARM/lib/gcc/arm-none-eabi/15.2.0/../../../../arm-none-eabi/lib/thumb/libg.a(libc_a-mprec.o)
                0x08012ad4                __mcmp
 .text.__mdiff  0x08012b24      0x1a4 /opt/devkitpro/devkitARM/lib/gcc/arm-none-eabi/15.2.0/../../../../arm-none-eabi/lib/thumb/libg.a(libc_a-mprec.o)
                0x08012b24                __mdiff
 .text.__d2b    0x08012cc8       0xd4 /opt/devkitpro/devkitARM/lib/gcc/arm-none-eabi/15.2.0/../../../../arm-none-eabi/lib/thumb/libg.a(libc_a-mprec.o)
                0x08012cc8                __d2b
 .text._wcrtomb_r
                0x08012d9c       0x88 /opt/devkitpro/devkitARM/lib/gcc/arm-none-eabi/15.2.0/../../../../arm-none-eabi/lib/thumb/libg.a(libc_a-wcrtomb.o)
                0x08012d9c                _wcrtomb_r
 .text.__ssprint_r
                0x08012e24       0x60 /opt/devkitpro/devkitARM/lib/gcc/arm-none-eabi/15.2.0/../../../../arm-none-eabi/lib/thumb/libg.a(libc_a-ssprint_r.o)
                0x08012e24                __ssprint_r
 .text.__utf8_mbtowc
                0x08012e84      0x24c /opt/devkitpro/devkitARM/lib/gcc/arm-none-eabi/15.2.0/../../../../arm-none-eabi/lib/thumb/libg.a(libc_a-mbtowc_r.o)
                0x08012e84                __utf8_mbtowc
 .text.fiprintf
                0x080130d0       0x28 /opt/devkitpro/devkitARM/lib/gcc/arm-none-eabi/15.2.0/../../../../arm-none-eabi/lib/thumb/libg.a(libc_a-fiprintf.o)
                0x080130d0                fiprintf
 .text._memalign_r
                0x080130f8      0x118 /opt/devkitpro/devkitARM/lib/gcc/arm-none-eabi/15.2.0/../../../../arm-none-eabi/lib/thumb/libg.a(libc_a-malignr.o)
                0x080130f8                _memalign_r
 .text.abort    0x08013210       0x10 /opt/devkitpro/devkitARM/lib/gcc/arm-none-eabi/15.2.0/../../../../arm-none-eabi/lib/thumb/libg.a(libc_a-abort.o)
                0x08013210                abort
 .text._calloc_r
                0x08013220       0xcc /opt/devkitpro/devkitARM/lib/gcc/arm-none-eabi/15.2.0/../../../../arm-none-eabi/lib/thumb/libg.a(libc_a-callocr.o)
                0x08013220                _calloc_r
 .text.__sflush_r
                0x080132ec      0x180 /opt/devkitpro/devkitARM/lib/gcc/arm-none-eabi/15.2.0/../../../../arm-none-eabi/lib/thumb/libg.a(libc_a-fflush.o)
                0x080132ec                __sflush_r
 .text._fflush_r
                0x0801346c       0x70 /opt/devkitpro/devkitARM/lib/gcc/arm-none-eabi/15.2.0/../../../../arm-none-eabi/lib/thumb/libg.a(libc_a-fflush.o)
                0x0801346c                _fflush_r
 .text._malloc_r
                0x080134dc      0x550 /opt/devkitpro/devkitARM/lib/gcc/arm-none-eabi/15.2.0/../../../../arm-none-eabi/lib/thumb/libg.a(libc_a-mallocr.o)
                0x080134dc                _malloc_r
 .text.quorem   0x08013a2c      0x160 /opt/devkitpro/devkitARM/lib/gcc/arm-none-eabi/15.2.0/../../../../arm-none-eabi/lib/thumb/libg.a(libc_a-dtoa.o)
 .text._dtoa_r  0x08013b8c     0x10a0 /opt/devkitpro/devkitARM/lib/gcc/arm-none-eabi/15.2.0/../../../../arm-none-eabi/lib/thumb/libg.a(libc_a-dtoa.o)
                0x08013b8c                _dtoa_r
 .text._malloc_trim_r
                0x08014c2c       0xac /opt/devkitpro/devkitARM/lib/gcc/arm-none-eabi/15.2.0/../../../../arm-none-eabi/lib/thumb/libg.a(libc_a-freer.o)
                0x08014c2c                _malloc_trim_r
 .text._free_r  0x08014cd8      0x1d8 /opt/devkitpro/devkitARM/lib/gcc/arm-none-eabi/15.2.0/../../../../arm-none-eabi/lib/thumb/libg.a(libc_a-freer.o)
                0x08014cd8                _free_r
 .text.stdio_exit_handler
                0x08014eb0       0x20 /opt/devkitpro/devkitARM/lib/gcc/arm-none-eabi/15.2.0/../../../../arm-none-eabi/lib/thumb/libg.a(libc_a-findfp.o)
 .text.cleanup_stdio
                0x08014ed0       0x40 /opt/devkitpro/devkitARM/lib/gcc/arm-none-eabi/15.2.0/../../../../arm-none-eabi/lib/thumb/libg.a(libc_a-findfp.o)
 .text.global_stdio_init.part.0
                0x08014f10      0x120 /opt/devkitpro/devkitARM/lib/gcc/arm-none-eabi/15.2.0/../../../../arm-none-eabi/lib/thumb/libg.a(libc_a-findfp.o)
 .text.__sinit  0x08015030       0x3c /opt/devkitpro/devkitARM/lib/gcc/arm-none-eabi/15.2.0/../../../../arm-none-eabi/lib/thumb/libg.a(libc_a-findfp.o)
                0x08015030                __sinit
 .text.__sfp_lock_acquire
                0x0801506c       0x14 /opt/devkitpro/devkitARM/lib/gcc/arm-none-eabi/15.2.0/../../../../arm-none-eabi/lib/thumb/libg.a(libc_a-findfp.o)
                0x0801506c                __sfp_lock_acquire
 .text.__sfp_lock_release
                0x08015080       0x14 /opt/devkitpro/devkitARM/lib/gcc/arm-none-eabi/15.2.0/../../../../arm-none-eabi/lib/thumb/libg.a(libc_a-findfp.o)
                0x08015080                __sfp_lock_release
 .text.memchr   0x08015094       0x74 /opt/devkitpro/devkitARM/lib/gcc/arm-none-eabi/15.2.0/../../../../arm-none-eabi/lib/thumb/libg.a(libc_a-memchr-stub.o)
                0x08015094                memchr
 .text._wcsrtombs_r
                0x08015108       0x20 /opt/devkitpro/devkitARM/lib/gcc/arm-none-eabi/15.2.0/../../../../arm-none-eabi/lib/thumb/libg.a(libc_a-wcsrtombs.o)
                0x08015108                _wcsrtombs_r
 .text._fclose_r
                0x08015128       0xe0 /opt/devkitpro/devkitARM/lib/gcc/arm-none-eabi/15.2.0/../../../../arm-none-eabi/lib/thumb/libg.a(libc_a-fclose.o)
                0x08015128                _fclose_r
 .text.__ssputs_r
                0x08015208       0xd4 /opt/devkitpro/devkitARM/lib/gcc/arm-none-eabi/15.2.0/../../../../arm-none-eabi/lib/thumb/libg.a(libc_a-ssputs_r.o)
                0x08015208                __ssputs_r
 .text.get_arg  0x080152dc      0x404 /opt/devkitpro/devkitARM/lib/gcc/arm-none-eabi/15.2.0/../../../../arm-none-eabi/lib/thumb/libg.a(libc_a-vfiprintf.o)
 .text._vfiprintf_r
                0x080156e0     0x16d8 /opt/devkitpro/devkitARM/lib/gcc/arm-none-eabi/15.2.0/../../../../arm-none-eabi/lib/thumb/libg.a(libc_a-vfiprintf.o)
                0x080156e0                _vfiprintf_r
 .text.__sbprintf
                0x08016db8       0x7c /opt/devkitpro/devkitARM/lib/gcc/arm-none-eabi/15.2.0/../../../../arm-none-eabi/lib/thumb/libg.a(libc_a-vfiprintf.o)
 .text._wcsnrtombs_l
                0x08016e34      0x120 /opt/devkitpro/devkitARM/lib/gcc/arm-none-eabi/15.2.0/../../../../arm-none-eabi/lib/thumb/libg.a(libc_a-wcsnrtombs.o)
                0x08016e34                _wcsnrtombs_l
 .text._wcsnrtombs_r
                0x08016f54       0x40 /opt/devkitpro/devkitARM/lib/gcc/arm-none-eabi/15.2.0/../../../../arm-none-eabi/lib/thumb/libg.a(libc_a-wcsnrtombs.o)
                0x08016f54                _wcsnrtombs_r
 .text._fwalk_sglue
                0x08016f94       0x4c /opt/devkitpro/devkitARM/lib/gcc/arm-none-eabi/15.2.0/../../../../arm-none-eabi/lib/thumb/libg.a(libc_a-fwalk.o)
                0x08016f94                _fwalk_sglue
 .text._raise_r
                0x08016fe0       0x60 /opt/devkitpro/devkitARM/lib/gcc/arm-none-eabi/15.2.0/../../../../arm-none-eabi/lib/thumb/libg.a(libc_a-signal.o)
                0x08016fe0                _raise_r
 .text.raise    0x08017040       0x14 /opt/devkitpro/devkitARM/lib/gcc/arm-none-eabi/15.2.0/../../../../arm-none-eabi/lib/thumb/libg.a(libc_a-signal.o)
                0x08017040                raise
 .text.__sprint_r
                0x08017054       0x24 /opt/devkitpro/devkitARM/lib/gcc/arm-none-eabi/15.2.0/../../../../arm-none-eabi/lib/thumb/libg.a(libc_a-sprint_r.o)
                0x08017054                __sprint_r
 .text.__swsetup_r
                0x08017078       0xd4 /opt/devkitpro/devkitARM/lib/gcc/arm-none-eabi/15.2.0/../../../../arm-none-eabi/lib/thumb/libg.a(libc_a-wsetup.o)
                0x08017078                __swsetup_r
 .text.__sfvwrite_r
                0x0801714c      0x31c /opt/devkitpro/devkitARM/lib/gcc/arm-none-eabi/15.2.0/../../../../arm-none-eabi/lib/thumb/libg.a(libc_a-fvwrite.o)
                0x0801714c                __sfvwrite_r
 .text.__smakebuf_r
                0x08017468       0xe0 /opt/devkitpro/devkitARM/lib/gcc/arm-none-eabi/15.2.0/../../../../arm-none-eabi/lib/thumb/libg.a(libc_a-makebuf.o)
                0x08017468                __smakebuf_r
 .text._exit    0x08017548       0x14 /opt/devkitpro/devkitARM/lib/gcc/arm-none-eabi/15.2.0/../../../../arm-none-eabi/lib/thumb/libsysbase.a(libsysbase_libsysbase_a-_exit.o)
                0x08017548                _exit
 .text._fstat_r
                0x0801755c       0x5c /opt/devkitpro/devkitARM/lib/gcc/arm-none-eabi/15.2.0/../../../../arm-none-eabi/lib/thumb/libsysbase.a(libsysbase_libsysbase_a-fstat.o)
                0x0801755c                _fstat_r
 .text._getpid_r
                0x080175b8        0xc /opt/devkitpro/devkitARM/lib/gcc/arm-none-eabi/15.2.0/../../../../arm-none-eabi/lib/thumb/libsysbase.a(libsysbase_libsysbase_a-getpid.o)
                0x080175b8                _getpid_r
 .text.__getreent
                0x080175c4       0x20 /opt/devkitpro/devkitARM/lib/gcc/arm-none-eabi/15.2.0/../../../../arm-none-eabi/lib/thumb/libsysbase.a(libsysbase_libsysbase_a-getreent.o)
                0x080175c4                __getreent
 .text._gettimeofday_r
                0x080175e4       0x20 /opt/devkitpro/devkitARM/lib/gcc/arm-none-eabi/15.2.0/../../../../arm-none-eabi/lib/thumb/libsysbase.a(libsysbase_libsysbase_a-gettod.o)
                0x080175e4                _gettimeofday_r
 .text.__get_handle
                0x08017604       0x34 /opt/devkitpro/devkitARM/lib/gcc/arm-none-eabi/15.2.0/../../../../arm-none-eabi/lib/thumb/libsysbase.a(libsysbase_libsysbase_a-handle_manager.o)
                0x08017604                __get_handle
 .text._close_r
                0x08017638       0xb0 /opt/devkitpro/devkitARM/lib/gcc/arm-none-eabi/15.2.0/../../../../arm-none-eabi/lib/thumb/libsysbase.a(libsysbase_libsysbase_a-handle_manager.o)
                0x08017638                _close_r
 .text.null_write
                0x080176e8        0x4 /opt/devkitpro/devkitARM/lib/gcc/arm-none-eabi/15.2.0/../../../../arm-none-eabi/lib/thumb/libsysbase.a(libsysbase_libsysbase_a-iosupport.o)
 .text._isatty_r
                0x080176ec        0x4 /opt/devkitpro/devkitARM/lib/gcc/arm-none-eabi/15.2.0/../../../../arm-none-eabi/lib/thumb/libsysbase.a(libsysbase_libsysbase_a-isatty.o)
                0x080176ec                _isatty_r
 .text._kill_r  0x080176f0        0xc /opt/devkitpro/devkitARM/lib/gcc/arm-none-eabi/15.2.0/../../../../arm-none-eabi/lib/thumb/libsysbase.a(libsysbase_libsysbase_a-kill.o)
                0x080176f0                _kill_r
 .text._lseek_r
                0x080176fc       0x64 /opt/devkitpro/devkitARM/lib/gcc/arm-none-eabi/15.2.0/../../../../arm-none-eabi/lib/thumb/libsysbase.a(libsysbase_libsysbase_a-lseek.o)
                0x080176fc                _lseek_r
 .text._read_r  0x08017760       0x5c /opt/devkitpro/devkitARM/lib/gcc/arm-none-eabi/15.2.0/../../../../arm-none-eabi/lib/thumb/libsysbase.a(libsysbase_libsysbase_a-read.o)
                0x08017760                _read_r
 .text._sbrk_r  0x080177bc       0x50 /opt/devkitpro/devkitARM/lib/gcc/arm-none-eabi/15.2.0/../../../../arm-none-eabi/lib/thumb/libsysbase.a(libsysbase_libsysbase_a-sbrk.o)
                0x080177bc                _sbrk_r
 .text.__libc_lock_acquire
                0x0801780c       0x18 /opt/devkitpro/devkitARM/lib/gcc/arm-none-eabi/15.2.0/../../../../arm-none-eabi/lib/thumb/libsysbase.a(libsysbase_libsysbase_a-syscall_support.o)
                0x0801780c                __libc_lock_acquire
 .text.__libc_lock_release
                0x08017824       0x18 /opt/devkitpro/devkitARM/lib/gcc/arm-none-eabi/15.2.0/../../../../arm-none-eabi/lib/thumb/libsysbase.a(libsysbase_libsysbase_a-syscall_support.o)
                0x08017824                __libc_lock_release
 .text.__libc_lock_acquire_recursive
                0x0801783c       0x18 /opt/devkitpro/devkitARM/lib/gcc/arm-none-eabi/15.2.0/../../../../arm-none-eabi/lib/thumb/libsysbase.a(libsysbase_libsysbase_a-syscall_support.o)
                0x0801783c                __libc_lock_acquire_recursive
 .text.__libc_lock_release_recursive
                0x08017854       0x18 /opt/devkitpro/devkitARM/lib/gcc/arm-none-eabi/15.2.0/../../../../arm-none-eabi/lib/thumb/libsysbase.a(libsysbase_libsysbase_a-syscall_support.o)
                0x08017854                __libc_lock_release_recursive
 .text._write_r
                0x0801786c       0x5c /opt/devkitpro/devkitARM/lib/gcc/arm-none-eabi/15.2.0/../../../../arm-none-eabi/lib/thumb/libsysbase.a(libsysbase_libsysbase_a-write.o)
                0x0801786c                _write_r
 .text          0x080178c8      0x424 /opt/devkitpro/devkitARM/lib/gcc/arm-none-eabi/15.2.0/thumb/libgcc.a(_arm_addsubdf3.o)
                0x080178c8                __aeabi_drsub
                0x080178d0                __subdf3
                0x080178d0                __aeabi_dsub
                0x080178d4                __aeabi_dadd
                0x080178d4                __adddf3
                0x08017be4                __aeabi_ui2d
                0x08017be4                __floatunsidf
                0x08017c08                __floatsidf
                0x08017c08                __aeabi_i2d
                0x08017c30                __extendsfdf2
                0x08017c30                __aeabi_f2d
                0x08017c78                __aeabi_ul2d
                0x08017c78                __floatundidf
                0x08017c8c                __aeabi_l2d
                0x08017c8c                __floatdidf
 .text          0x08017cec      0x49c /opt/devkitpro/devkitARM/lib/gcc/arm-none-eabi/15.2.0/thumb/libgcc.a(_arm_muldivdf3.o)
                0x08017cec                __aeabi_dmul
                0x08017cec                __muldf3
                0x08017f7c                __aeabi_ddiv
                0x08017f7c                __divdf3
 .text          0x08018188      0x144 /opt/devkitpro/devkitARM/lib/gcc/arm-none-eabi/15.2.0/thumb/libgcc.a(_arm_cmpdf2.o)
                0x08018188                __gedf2
                0x08018188                __gtdf2
                0x08018190                __ledf2
                0x08018190                __ltdf2
                0x08018198                __cmpdf2
                0x08018198                __eqdf2
                0x08018198                __nedf2
                0x08018220                __aeabi_cdrcmple
                0x0801823c                __aeabi_cdcmple
                0x0801823c                __aeabi_cdcmpeq
                0x08018254                __aeabi_dcmpeq
                0x0801826c                __aeabi_dcmplt
                0x08018284                __aeabi_dcmple
                0x0801829c                __aeabi_dcmpge
                0x080182b4                __aeabi_dcmpgt
 .text          0x080182cc       0x38 /opt/devkitpro/devkitARM/lib/gcc/arm-none-eabi/15.2.0/thumb/libgcc.a(_arm_unorddf2.o)
                0x080182cc                __aeabi_dcmpun
                0x080182cc                __unorddf2
 .text          0x08018304       0x5c /opt/devkitpro/devkitARM/lib/gcc/arm-none-eabi/15.2.0/thumb/libgcc.a(_arm_fixdfsi.o)
                0x08018304                __fixdfsi
                0x08018304                __aeabi_d2iz
 .text          0x08018360       0x3c /opt/devkitpro/devkitARM/lib/gcc/arm-none-eabi/15.2.0/thumb/libgcc.a(_aeabi_uldivmod.o)
                0x08018360                __aeabi_uldivmod
 *fill*         0x0801839c        0x4 ff
 .text.__stub   0x080183a0       0xbc linker stubs
 *(.gnu.linkonce.t.*)
 *(.text.*personality*)
 *(.gnu.warning)
 *(.glue_7t)
 .glue_7t       0x0801845c        0x0 linker stubs
 *(.glue_7)
 .glue_7        0x0801845c        0x0 linker stubs
 *(.vfp11_veneer)
 .vfp11_veneer  0x0801845c        0x0 linker stubs
                0x0801845c                        . = ALIGN (0x4)
                0x08018468                        __text_end = .

.v4_bx          0x08018468        0x0
 .v4_bx         0x08018468        0x0 linker stubs

.iplt           0x08018468        0x0
 .iplt          0x08018468        0x0 /opt/devkitpro/devkitARM/lib/gcc/arm-none-eabi/15.2.0/../../../../arm-none-eabi/lib/thumb/gba_crt0.o

.fini           0x08018468        0xc
 *(.fini)
 .fini          0x08018468        0x4 /opt/devkitpro/devkitARM/lib/gcc/arm-none-eabi/15.2.0/thumb/crti.o
                0x08018468                _fini
 .fini          0x0801846c        0x8 /opt/devkitpro/devkitARM/lib/gcc/arm-none-eabi/15.2.0/thumb/crtn.o
                0x08018474                        . = ALIGN (0x4)

.rodata         0x08018478    0xc6f20
 *(.rodata)
 .rodata        0x08018478       0x31 obj-ep1/src/game/worldmap.c.o
 .rodata        0x080184a9      0x1b8 obj-ep1/src/game/menus.c.o
 *all.rodata*(*)
 *(.roda)
 *(.rodata.*)
 .rodata.CVort_main_loop.str1.1
                0x08018661     0x1d38 obj-ep1/src/game/gameplay.c.o
                                 0x2f (size before relaxing)
 .rodata.CVort_load_level_data.str1.1
                0x0801a399        0x0 obj-ep1/src/game/gameplay.c.o
                                 0x11 (size before relaxing)
 .rodata.CVort_start_cheating.str1.1
                0x0801a399        0x0 obj-ep1/src/game/gameplay.c.o
                                 0xa3 (size before relaxing)
 .rodata.CVort_handle_cheat_keys.str1.1
                0x0801a399        0x0 obj-ep1/src/game/gameplay.c.o
                                 0x23 (size before relaxing)
 .rodata.CVort_main.str1.1
                0x0801a399        0x0 obj-ep1/src/game/gameplay.c.o
                                0x159 (size before relaxing)
 .rodata.CVort_handle_quit.str1.1
                0x0801a399        0x0 obj-ep1/src/game/gameplay.c.o
                                 0x28 (size before relaxing)
 .rodata.CVort_calibrate_joystick.str1.1
                0x0801a399        0x0 obj-ep1/src/game/gameplay.c.o
                                 0xa5 (size before relaxing)
 .rodata.CVort_handle_global_keys.str1.1
                0x0801a399        0x0 obj-ep1/src/game/gameplay.c.o
                                  0xd (size before relaxing)
 .rodata.CVort_game_over.str1.1
                0x0801a399        0x0 obj-ep1/src/game/worldmap.c.o
                                 0x8a (size before relaxing)
 .rodata.CVort_show_keens_left.str1.1
                0x0801a399        0x0 obj-ep1/src/game/worldmap.c.o
                                  0xe (size before relaxing)
 .rodata.CVort_draw_menu.str1.1
                0x0801a399        0x0 obj-ep1/src/game/menus.c.o
                                 0xac (size before relaxing)
 .rodata.CVort_load_demo.str1.1
                0x0801a399        0x0 obj-ep1/src/game/menus.c.o
                                 0x41 (size before relaxing)
 .rodata.CVort_save_demo.str1.1
                0x0801a399        0x0 obj-ep1/src/game/menus.c.o
                                 0x37 (size before relaxing)
 .rodata.CVort_private_continue_game.str1.1
                0x0801a399        0x0 obj-ep1/src/game/menus.c.o
                                 0x94 (size before relaxing)
 .rodata.CVort_demo_toggle_prepare_to_record.str1.1
                0x0801a399        0x0 obj-ep1/src/game/menus.c.o
                                 0x2e (size before relaxing)
 .rodata.CVort_save_game.str1.1
                0x0801a399        0x0 obj-ep1/src/game/menus.c.o
                                 0xf0 (size before relaxing)
 .rodata.CVort_load_and_process_text_file.str1.1
                0x0801a399        0x0 obj-ep1/src/game/menus.c.o
                                 0x15 (size before relaxing)
 .rodata.CVort_draw_text_viewer_border.str1.1
                0x0801a399        0x0 obj-ep1/src/game/menus.c.o
                                 0x25 (size before relaxing)
 .rodata.CVort_do_previews.str1.1
                0x0801a399        0x0 obj-ep1/src/game/menus.c.o
                                 0x1a (size before relaxing)
 .rodata.CVort_save_high_scores_table.str1.1
                0x0801a399        0x0 obj-ep1/src/game/menus.c.o
                                  0xa (size before relaxing)
 .rodata.CVort_init_ctrls.str1.1
                0x0801a399        0x0 obj-ep1/src/game/ui.c.o
                                 0x23 (size before relaxing)
 .rodata.CVort_save_ctrls.str1.1
                0x0801a399        0x0 obj-ep1/src/game/ui.c.o
                                 0x37 (size before relaxing)
 .rodata.CVort_handle_ctrl.str1.1
                0x0801a399        0x0 obj-ep1/src/game/ui.c.o
                                 0x15 (size before relaxing)
 .rodata.CVort_draw_keyname.str1.1
                0x0801a399        0x0 obj-ep1/src/game/ui.c.o
                                 0x73 (size before relaxing)
 .rodata.CVort_handle_redef_keys.str1.1
                0x0801a399        0x0 obj-ep1/src/game/ui.c.o
                                 0xf9 (size before relaxing)
 .rodata.CVort_draw_number_word.str1.1
                0x0801a399        0x0 obj-ep1/src/game/ui.c.o
                                  0x4 (size before relaxing)
 .rodata.CVort_toggle_switch.str1.1
                0x0801a399        0x0 obj-ep1/src/game/ui.c.o
                                  0x6 (size before relaxing)
 .rodata.CVort_default_think.str1.1
                0x0801a399        0x0 obj-ep1/src/game/physics.c.o
                                 0x13 (size before relaxing)
 .rodata.CVort_default_contact.str1.1
                0x0801a399        0x0 obj-ep1/src/game/physics.c.o
                                 0x15 (size before relaxing)
 *fill*         0x0801a399        0x1 ff
 .rodata.ep_constants
                0x0801a39a       0x9c obj-ep1/src/game/episode_constants.c.o
                0x0801a39a                ep_constants
 .rodata.CVort_engine_decompGraphics.str1.1
                0x0801a436        0x0 obj-ep1/src/render/gfx_gba.c.o
                                 0x47 (size before relaxing)
 .rodata.CVort_engine_cross_logMessage.str1.1
                0x0801a436        0x0 obj-ep1/src/engine/engine.c.o
                                 0x18 (size before relaxing)
 .rodata.CVort_engine_start.str1.1
                0x0801a436        0x0 obj-ep1/src/engine/engine.c.o
                                 0x1d (size before relaxing)
 .rodata.CVort_engine_prepareInstructionsScreen.str1.1
                0x0801a436        0x0 obj-ep1/src/engine/engine.c.o
                                 0x71 (size before relaxing)
 .rodata.CSWTCH.35
                0x0801a436        0x8 obj-ep1/src/engine/engine.c.o
 *fill*         0x0801a43e        0x2 ff
 .rodata.engine_egaRGBColorTable
                0x0801a440       0x40 obj-ep1/src/engine/engine.c.o
                0x0801a440                engine_egaRGBColorTable
 .rodata.vga_8x16TextFont
                0x0801a480     0x8080 obj-ep1/src/engine/engine.c.o
 .rodata.ega_8x14TextFont
                0x08022500     0x7070 obj-ep1/src/engine/engine.c.o
 .rodata.cga_8x8TextFont
                0x08029570     0x4040 obj-ep1/src/engine/engine.c.o
 .rodata.CVort_engine_loadSounds.str1.1
                0x0802d5b0        0x0 obj-ep1/src/engine/engine_audio_gba.c.o
                                  0xa (size before relaxing)
 .rodata.CVort_engine_parseBool.str1.1
                0x0802d5b0        0x0 obj-ep1/src/engine/engine_config.c.o
                                  0xb (size before relaxing)
 .rodata.CVort_engine_parseConfigLine.str1.1
                0x0802d5b0        0x0 obj-ep1/src/engine/engine_config.c.o
                                0x105 (size before relaxing)
 .rodata.CVort_engine_loadConfigFile.str1.1
                0x0802d5b0        0x0 obj-ep1/src/engine/engine_config.c.o
                                 0x15 (size before relaxing)
 .rodata.CVort_engine_writeBool.str1.1
                0x0802d5b0        0x0 obj-ep1/src/engine/engine_config.c.o
                                  0x7 (size before relaxing)
 .rodata.CVort_engine_writeInt.str1.1
                0x0802d5b0        0x0 obj-ep1/src/engine/engine_config.c.o
                                  0x7 (size before relaxing)
 .rodata.CVort_engine_writeDims.str1.1
                0x0802d5b0        0x0 obj-ep1/src/engine/engine_config.c.o
                                  0xa (size before relaxing)
 .rodata.CVort_engine_writeSDLRendererDriver.str1.1
                0x0802d5b0        0x0 obj-ep1/src/engine/engine_config.c.o
                                  0x9 (size before relaxing)
 .rodata.CVort_engine_saveConfigFile.str1.1
                0x0802d5b0        0x0 obj-ep1/src/engine/engine_config.c.o
                                  0x2 (size before relaxing)
 .rodata.str1.1
                0x0802d5b0        0x0 obj-ep1/src/engine/engine_config.c.o
                                 0x53 (size before relaxing)
 .rodata.CVort_engine_prepareGameDataFilePathBuffers.str1.1
                0x0802d5b0        0x0 obj-ep1/src/engine/engine_io.c.o
                                  0x3 (size before relaxing)
 .rodata.CVort_engine_cross_ro_data_fopen.str1.1
                0x0802d5b0        0x0 obj-ep1/src/engine/engine_io.c.o
                                  0x3 (size before relaxing)
 .rodata.str1.1
                0x0802d5b0        0x0 obj-ep1/src/engine/engine_io.c.o
                                 0x30 (size before relaxing)
 .rodata.CSWTCH.7
                0x0802d5b0        0xc obj-ep1/src/engine/engine_io.c.o
 .rodata.CVort_engine_prepareEpisodeSpecificFuncPointers.str1.1
                0x0802d5bc        0x0 obj-ep1/src/engine/engine_loader.c.o
                                 0x3c (size before relaxing)
 .rodata.CVort_engine_initializeKeenVersionInfo.str1.1
                0x0802d5bc        0x0 obj-ep1/src/engine/engine_loader.c.o
                                 0x1e (size before relaxing)