Archive member included to satisfy reference by file (symbol)

/opt/devkitpro/libgba/lib/libgba.a(interrupt.o)
                              obj-ep3/src/platform/gba_main.c.o (irqInit)
/opt/devkitpro/libgba/lib/libgba.a(InterruptDispatcher.o)
                              /opt/devkitpro/libgba/lib/libgba.a(interrupt.o) (IntrMain)
/opt/devkitpro/devkitARM/lib/gcc/arm-none-eabi/15.2.0/thumb/libgcc.a(_thumb1_case_sqi.o)
                              obj-ep3/src/game/ui.c.o (__gnu_thumb1_case_sqi)
/opt/devkitpro/devkitARM/lib/gcc/arm-none-eabi/15.2.0/thumb/libgcc.a(_thumb1_case_uqi.o)
                              obj-ep3/src/game/gameplay.c.o (__gnu_thumb1_case_uqi)
/opt/devkitpro/devkitARM/lib/gcc/arm-none-eabi/15.2.0/thumb/libgcc.a(_thumb1_case_shi.o)
                              obj-ep3/src/game/gameplay.c.o (__gnu_thumb1_case_shi)
/opt/devkitpro/devkitARM/lib/gcc/arm-none-eabi/15.2.0/thumb/libgcc.a(_thumb1_case_uhi.o)
                              obj-ep3/src/game/worldmap.c.o (__gnu_thumb1_case_uhi)
/opt/devkitpro/devkitARM/lib/gcc/arm-none-eabi/15.2.0/thumb/libgcc.a(_udivsi3.o)
                              obj-ep3/src/engine/engine.c.o (__aeabi_uidiv)
/opt/devkitpro/devkitARM/lib/gcc/arm-none-eabi/15.2.0/thumb/libgcc.a(_divsi3.o)
                              obj-ep3/src/game/gameplay.c.o (__aeabi_idiv)
/opt/devkitpro/devkitARM/lib/gcc/arm-none-eabi/15.2.0/thumb/libgcc.a(_dvmd_tls.o)
                              /opt/devkitpro/devkitARM/lib/gcc/arm-none-eabi/15.2.0/thumb/libgcc.a(_udivsi3.o) (__aeabi_idiv0)
/opt/devkitpro/devkitARM/lib/gcc/arm-none-eabi/15.2.0/thumb/libgcc.a(_aeabi_ldivmod.o)
                              obj-ep3/src/engine/engine_loader.c.o (__aeabi_ldivmod)
/opt/devkitpro/devkitARM/lib/gcc/arm-none-eabi/15.2.0/thumb/libgcc.a(_sync_none.o)
                              (__sync_synchronize_none)
/opt/devkitpro/devkitARM/lib/gcc/arm-none-eabi/15.2.0/thumb/libgcc.a(_muldi3.o)
                              obj-ep3/src/engine/engine_timing.c.o (__aeabi_lmul)
/opt/devkitpro/devkitARM/lib/gcc/arm-none-eabi/15.2.0/thumb/libgcc.a(_udivmoddi4.o)
                              /opt/devkitpro/devkitARM/lib/gcc/arm-none-eabi/15.2.0/thumb/libgcc.a(_aeabi_ldivmod.o) (__udivmoddi4)
/opt/devkitpro/devkitARM/lib/gcc/arm-none-eabi/15.2.0/thumb/libgcc.a(_clzdi2.o)
                              /opt/devkitpro/devkitARM/lib/gcc/arm-none-eabi/15.2.0/thumb/libgcc.a(_udivmoddi4.o) (__clzdi2)
/opt/devkitpro/devkitARM/lib/gcc/arm-none-eabi/15.2.0/thumb/libgcc.a(_clzsi2.o)
                              /opt/devkitpro/devkitARM/lib/gcc/arm-none-eabi/15.2.0/thumb/libgcc.a(_clzdi2.o) (__clzsi2)
/opt/devkitpro/devkitARM/lib/gcc/arm-none-eabi/15.2.0/../../../../arm-none-eabi/lib/thumb/libg.a(libc_a-sscanf.o)
                              obj-ep3/src/engine/engine_config.c.o (sscanf)
/opt/devkitpro/devkitARM/lib/gcc/arm-none-eabi/15.2.0/../../../../arm-none-eabi/lib/thumb/libg.a(libc_a-strstr.o)
                              obj-ep3/src/engine/engine_config.c.o (strstr)
/opt/devkitpro/devkitARM/lib/gcc/arm-none-eabi/15.2.0/../../../../arm-none-eabi/lib/thumb/libg.a(libc_a-memcpy-stub.o)
                              obj-ep3/src/game/gameplay.c.o (memcpy)
/opt/devkitpro/devkitARM/lib/gcc/arm-none-eabi/15.2.0/../../../../arm-none-eabi/lib/thumb/libg.a(libc_a-strlen.o)
                              obj-ep3/src/game/ui.c.o (strlen)
/opt/devkitpro/devkitARM/lib/gcc/arm-none-eabi/15.2.0/../../../../arm-none-eabi/lib/thumb/libg.a(libc_a-svfscanf.o)
                              /opt/devkitpro/devkitARM/lib/gcc/arm-none-eabi/15.2.0/../../../../arm-none-eabi/lib/thumb/libg.a(libc_a-sscanf.o) (__ssvfscanf_r)
/opt/devkitpro/devkitARM/lib/gcc/arm-none-eabi/15.2.0/../../../../arm-none-eabi/lib/thumb/libg.a(libc_a-strtod.o)
                              /opt/devkitpro/devkitARM/lib/gcc/arm-none-eabi/15.2.0/../../../../arm-none-eabi/lib/thumb/libg.a(libc_a-svfscanf.o) (_strtod_r)
/opt/devkitpro/devkitARM/lib/gcc/arm-none-eabi/15.2.0/../../../../arm-none-eabi/lib/thumb/libg.a(libc_a-strtoull.o)
                              /opt/devkitpro/devkitARM/lib/gcc/arm-none-eabi/15.2.0/../../../../arm-none-eabi/lib/thumb/libg.a(libc_a-svfscanf.o) (_strtoull_r)
/opt/devkitpro/devkitARM/lib/gcc/arm-none-eabi/15.2.0/../../../../arm-none-eabi/lib/thumb/libg.a(libc_a-gdtoa-gethex.o)
                              /opt/devkitpro/devkitARM/lib/gcc/arm-none-eabi/15.2.0/../../../../arm-none-eabi/lib/thumb/libg.a(libc_a-strtod.o) (__gethex)
/opt/devkitpro/devkitARM/lib/gcc/arm-none-eabi/15.2.0/../../../../arm-none-eabi/lib/thumb/libg.a(libc_a-snprintf.o)
                              obj-ep3/src/game/gameplay.c.o (snprintf)
/opt/devkitpro/devkitARM/lib/gcc/arm-none-eabi/15.2.0/../../../../arm-none-eabi/lib/thumb/libg.a(libc_a-strtoul.o)
                              /opt/devkitpro/devkitARM/lib/gcc/arm-none-eabi/15.2.0/../../../../arm-none-eabi/lib/thumb/libg.a(libc_a-svfscanf.o) (_strtoul_r)
[...]
Memory Configuration

Name             Origin             Length             Attributes
rom              0x08000000         0x02000000
iwram            0x03000000         0x00008000
ewram            0x02000000         0x00040000
*default*        0x00000000         0xffffffff

Linker script and memory map

                0x00000000                        __sync_synchronize = __sync_synchronize_none
                0x08000000                        __text_start = ORIGIN (rom)
                0x02040000                        __eheap_end = (ORIGIN (ewram) + LENGTH (ewram))
                0x03000000                        __iwram_start = ORIGIN (iwram)
                0x03008000                        __iwram_top = (ORIGIN (iwram) + LENGTH (iwram))
                0x03007fa0                        __sp_irq = (__iwram_top - 0x60)
                0x03007f00                        __sp_usr = (__sp_irq - 0xa0)
                0x03007ff8                        __irq_flags = 0x3007ff8
                0x08000000                        . = __text_start

.crt0           0x08000000      0x210
 *(.crt0)
 .crt0          0x08000000      0x210 /opt/devkitpro/devkitARM/lib/gcc/arm-none-eabi/15.2.0/../../../../arm-none-eabi/lib/thumb/gba_crt0.o
                0x08000000                _start
                0x080000c4                __boot_method
                0x080000c5                __slave_number
                0x080000e0                start_vector
                0x08000210                        . = ALIGN (0x4)

.init           0x08000210        0xc
 *(SORT_NONE(.init))
 .init          0x08000210        0x4 /opt/devkitpro/devkitARM/lib/gcc/arm-none-eabi/15.2.0/thumb/crti.o
                0x08000210                _init
 .init          0x08000214        0x8 /opt/devkitpro/devkitARM/lib/gcc/arm-none-eabi/15.2.0/thumb/crtn.o

.plt            0x0800021c        0x0
 *(.plt)
                0x0800021c                        . = ALIGN (0x4)

.text           0x08000220    0x18cf0
 *(EXCLUDE_FILE(*.iwram*) .text*)
 .text.__do_global_dtors_aux
                0x08000220       0x2c /opt/devkitpro/devkitARM/lib/gcc/arm-none-eabi/15.2.0/thumb/crtbegin.o
 .text.frame_dummy
                0x0800024c       0x24 /opt/devkitpro/devkitARM/lib/gcc/arm-none-eabi/15.2.0/thumb/crtbegin.o
 .text.CVort_init_rnd.part.0
                0x08000270       0x1c obj-ep3/src/game/gameplay.c.o
 .text.CVort_add_sprite
                0x0800028c       0x60 obj-ep3/src/game/gameplay.c.o
                0x0800028c                CVort_add_sprite
 .text.CVort_add_body
                0x080002ec       0x68 obj-ep3/src/game/gameplay.c.o
                0x080002ec                CVort_add_body
 .text.CVort_main_loop
                0x08000354      0x10c obj-ep3/src/game/gameplay.c.o
                0x08000354                CVort_main_loop
 .text.CVort_update_sprite_hitbox
                0x08000460       0xac obj-ep3/src/game/gameplay.c.o
                0x08000460                CVort_update_sprite_hitbox
 .text.run_sprite_think
                0x0800050c       0x54 obj-ep3/src/game/gameplay.c.o
 .text.CVort_update_sprite_hitbox_wmap
                0x08000560       0x84 obj-ep3/src/game/gameplay.c.o
                0x08000560                CVort_update_sprite_hitbox_wmap
 .text.CVort_waitForNoGameButtonPress
                0x080005e4       0x2e obj-ep3/src/game/gameplay.c.o
                0x080005e4                CVort_waitForNoGameButtonPress
 .text.CVort_has_any_ack_press
                0x08000612       0x2e obj-ep3/src/game/gameplay.c.o
                0x08000612                CVort_has_any_ack_press
 .text.CVort_add_score
                0x08000640       0x48 obj-ep3/src/game/gameplay.c.o
                0x08000640                CVort_add_score
 .text.CVort_load_level_data
                0x08000688      0x118 obj-ep3/src/game/gameplay.c.o
                0x08000688                CVort_load_level_data
 .text.CVort_clear_keys
                0x080007a0       0x28 obj-ep3/src/game/gameplay.c.o
                0x080007a0                CVort_clear_keys
 .text.CVort_start_cheating
                0x080007c8       0xb4 obj-ep3/src/game/gameplay.c.o
                0x080007c8                CVort_start_cheating
 .text.CVort_handle_cheat_keys
                0x0800087c       0xc0 obj-ep3/src/game/gameplay.c.o
                0x0800087c                CVort_handle_cheat_keys
 .text.CVort_get_random
                0x0800093c       0x1c obj-ep3/src/game/gameplay.c.o
                0x0800093c                CVort_get_random
 .text.CVort_filelength
                0x08000958       0x22 obj-ep3/src/game/gameplay.c.o
                0x08000958                CVort_filelength
 *fill*         0x0800097a        0x2 ff
 .text.CVort_calc_jump_height
                0x0800097c       0x88 obj-ep3/src/game/gameplay.c.o
                0x0800097c                CVort_calc_jump_height
 .text.CVort_setup_jump_heights
                0x08000a04       0x5c obj-ep3/src/game/gameplay.c.o
                0x08000a04                CVort_setup_jump_heights
 .text.CVort_main
                0x08000a60      0x240 obj-ep3/src/game/gameplay.c.o
                0x08000a60                CVort_main
 .text.CVort_chg_vid_and_error
                0x08000ca0       0x3c obj-ep3/src/game/gameplay.c.o
                0x08000ca0                CVort_chg_vid_and_error
 .text.CVort_handle_quit
                0x08000cdc       0x88 obj-ep3/src/game/gameplay.c.o
                0x08000cdc                CVort_handle_quit
 .text.CVort_calibrate_joystick
                0x08000d64      0x1ec obj-ep3/src/game/gameplay.c.o
                0x08000d64                CVort_calibrate_joystick
 .text.CVort_handle_global_keys
                0x08000f50      0x148 obj-ep3/src/game/gameplay.c.o
                0x08000f50                CVort_handle_global_keys
 .text.CVort_draw_level
                0x08001098      0x528 obj-ep3/src/game/gameplay.c.o
                0x08001098                CVort_draw_level
 .text.CVort_mark_cities_done
                0x080015c0      0x108 obj-ep3/src/game/worldmap.c.o
                0x080015c0                CVort_mark_cities_done
 .text.CVort_game_over
                0x080016c8      0x3f8 obj-ep3/src/game/worldmap.c.o
                0x080016c8                CVort_game_over
 .text.CVort_show_keens_left
                0x08001ac0       0x80 obj-ep3/src/game/worldmap.c.o
                0x08001ac0                CVort_show_keens_left
 .text.CVort_place_keen_on_worldmap
                0x08001b40       0x64 obj-ep3/src/game/worldmap.c.o
                0x08001b40                CVort_place_keen_on_worldmap
 .text.CVort_check_world_map_col
                0x08001ba4      0x354 obj-ep3/src/game/worldmap.c.o
                0x08001ba4                CVort_check_world_map_col
 .text.CVort_move_worldmap
                0x08001ef8      0x41c obj-ep3/src/game/worldmap.c.o
                0x08001ef8                CVort_move_worldmap
 .text.CVort_draw_worldmap
                0x08002314      0x4c8 obj-ep3/src/game/worldmap.c.o
                0x08002314                CVort_draw_worldmap
 .text.CVort_draw_menu
                0x080027dc       0xd4 obj-ep3/src/game/menus.c.o
                0x080027dc                CVort_draw_menu
 .text.CVort_draw_mural
                0x080028b0       0x2c obj-ep3/src/game/menus.c.o
                0x080028b0                CVort_draw_mural
 .text.CVort_show_logo_text
                0x080028dc       0x8c obj-ep3/src/game/menus.c.o
                0x080028dc                CVort_show_logo_text
 .text.CVort_draw_apogee
                0x08002968       0x30 obj-ep3/src/game/menus.c.o
                0x08002968                CVort_draw_apogee
 .text.CVort_record_demo
                0x08002998       0x24 obj-ep3/src/game/menus.c.o
                0x08002998                CVort_record_demo
 .text.CVort_load_demo
                0x080029bc       0x8c obj-ep3/src/game/menus.c.o
                0x080029bc                CVort_load_demo
 .text.CVort_save_demo
                0x08002a48       0x80 obj-ep3/src/game/menus.c.o
                0x08002a48                CVort_save_demo
 .text.CVort_do_draw_mural
                0x08002ac8       0x2c obj-ep3/src/game/menus.c.o
                0x08002ac8                CVort_do_draw_mural
 .text.CVort_do_start_menu
                0x08002af4       0x3c obj-ep3/src/game/menus.c.o
                0x08002af4                CVort_do_start_menu
 .text.CVort_do_about_us
                0x08002b30       0x30 obj-ep3/src/game/menus.c.o
                0x08002b30                CVort_do_about_us
 .text.CVort_show_about_us
                0x08002b60       0x64 obj-ep3/src/game/menus.c.o
                0x08002b60                CVort_show_about_us
 .text.CVort_do_scores
                0x08002bc4       0x44 obj-ep3/src/game/menus.c.o
                0x08002bc4                CVort_do_scores
 .text.CVort_show_scores
                0x08002c08       0x44 obj-ep3/src/game/menus.c.o
                0x08002c08                CVort_show_scores
 .text.CVort_private_continue_game
                0x08002c4c      0x1dc obj-ep3/src/game/menus.c.o
                0x08002c4c                CVort_private_continue_game
 .text.CVort_demo_toggle_reset_player_partial_state_before
                0x08002e28       0x20 obj-ep3/src/game/menus.c.o
                0x08002e28                CVort_demo_toggle_reset_player_partial_state_before
 .text.CVort_demo_toggle_reset_player_partial_state_after
                0x08002e48       0x70 obj-ep3/src/game/menus.c.o
                0x08002e48                CVort_demo_toggle_reset_player_partial_state_after
 .text.CVort_demo_toggle_prepare_to_record
                0x08002eb8       0xb8 obj-ep3/src/game/menus.c.o
                0x08002eb8                CVort_demo_toggle_prepare_to_record
 .text.CVort_scroll_up_logo
                0x08002f70       0xc0 obj-ep3/src/game/menus.c.o
                0x08002f70                CVort_scroll_up_logo
 .text.CVort_draw_string_80
                0x08003030       0x54 obj-ep3/src/game/menus.c.o
                0x08003030                CVort_draw_string_80
 .text.CVort_draw_about_us
                0x08003084       0x58 obj-ep3/src/game/menus.c.o
                0x08003084                CVort_draw_about_us
 .text.CVort_draw_string_sel
                0x080030dc       0x34 obj-ep3/src/game/menus.c.o
                0x080030dc                CVort_draw_string_sel
 .text.CVort_wait_for_key
                0x08003110       0x80 obj-ep3/src/game/menus.c.o
                0x08003110                CVort_wait_for_key
 .text.CVort_save_game
                0x08003190      0x260 obj-ep3/src/game/menus.c.o
                0x08003190                CVort_save_game
 .text.CVort_load_and_process_text_file
                0x080033f0       0x30 obj-ep3/src/game/menus.c.o
                0x080033f0                CVort_load_and_process_text_file
 .text.CVort_draw_text_page
                0x08003420       0xe0 obj-ep3/src/game/menus.c.o
                0x08003420                CVort_draw_text_page
 .text.CVort_do_text_viewer_short
                0x08003500       0x70 obj-ep3/src/game/menus.c.o
                0x08003500                CVort_do_text_viewer_short
 .text.CVort_text_viewer_bkgrd
                0x08003570       0xd0 obj-ep3/src/game/menus.c.o
                0x08003570                CVort_text_viewer_bkgrd
 .text.CVort_draw_text_viewer_border
                0x08003640       0xc0 obj-ep3/src/game/menus.c.o
                0x08003640                CVort_draw_text_viewer_border
 .text.CVort_do_text_viewer
                0x08003700      0x240 obj-ep3/src/game/menus.c.o
                0x08003700                CVort_do_text_viewer
 .text.CVort_do_previews
                0x08003940       0x88 obj-ep3/src/game/menus.c.o
                0x08003940                CVort_do_previews
 .text.CVort_do_story
                0x080039c8       0x44 obj-ep3/src/game/menus.c.o
                0x080039c8                CVort_do_story
 .text.CVort_draw_title
                0x08003a0c      0x300 obj-ep3/src/game/menus.c.o
                0x08003a0c                CVort_draw_title
 .text.CVort_do_intro_and_menu
                0x08003d0c      0x334 obj-ep3/src/game/menus.c.o
                0x08003d0c                CVort_do_intro_and_menu
 .text.CVort_do_help
                0x08004040       0x38 obj-ep3/src/game/menus.c.o
                0x08004040                CVort_do_help
 .text.CVort_save_high_scores_table
                0x08004078      0x114 obj-ep3/src/game/menus.c.o
                0x08004078                CVort_save_high_scores_table
 .text.CVort_load_high_scores_table
                0x0800418c      0x16c obj-ep3/src/game/menus.c.o
                0x0800418c                CVort_load_high_scores_table
 .text.CVort_translate_key.part.0
                0x080042f8       0x40 obj-ep3/src/game/ui.c.o
 .text.CVort_init_ctrls
                0x08004338      0x244 obj-ep3/src/game/ui.c.o
                0x08004338                CVort_init_ctrls
 .text.CVort_save_ctrls
                0x0800457c      0x1a4 obj-ep3/src/game/ui.c.o
                0x0800457c                CVort_save_ctrls
 .text.CVort_handle_ctrl
                0x08004720       0xe8 obj-ep3/src/game/ui.c.o
                0x08004720                CVort_handle_ctrl
 .text.CVort_translate_key
                0x08004808       0x44 obj-ep3/src/game/ui.c.o
                0x08004808                CVort_translate_key
 .text.CVort_draw_box2
                0x0800484c      0x104 obj-ep3/src/game/ui.c.o
                0x0800484c                CVort_draw_box2
 .text.CVort_draw_box
                0x08004950       0x40 obj-ep3/src/game/ui.c.o
                0x08004950                CVort_draw_box
 .text.CVort_draw_char_rectangle
                0x08004990       0x46 obj-ep3/src/game/ui.c.o
                0x08004990                CVort_draw_char_rectangle
 .text.CVort_draw_box_opening_horiz
                0x080049d6       0x28 obj-ep3/src/game/ui.c.o
                0x080049d6                CVort_draw_box_opening_horiz
 .text.CVort_draw_box_opening_vert
                0x080049fe       0x28 obj-ep3/src/game/ui.c.o
                0x080049fe                CVort_draw_box_opening_vert
 .text.CVort_draw_box_opening_main
                0x08004a26       0x48 obj-ep3/src/game/ui.c.o
                0x08004a26                CVort_draw_box_opening_main
 *fill*         0x08004a6e        0x2 ff
 .text.CVort_read_char_with_echo
                0x08004a70       0x6c obj-ep3/src/game/ui.c.o
                0x08004a70                CVort_read_char_with_echo
 .text.CVort_isWaitingForCharInput
                0x08004adc       0x10 obj-ep3/src/game/ui.c.o
                0x08004adc                CVort_isWaitingForCharInput
 .text.CVort_draw_string
                0x08004aec       0x50 obj-ep3/src/game/ui.c.o
                0x08004aec                CVort_draw_string
 .text.CVort_draw_keyname
                0x08004b3c      0x160 obj-ep3/src/game/ui.c.o
                0x08004b3c                CVort_draw_keyname
 .text.CVort_handle_redef_keys
                0x08004c9c      0x1ac obj-ep3/src/game/ui.c.o
                0x08004c9c                CVort_handle_redef_keys
 .text.CVort_draw_number_word
                0x08004e48       0x24 obj-ep3/src/game/ui.c.o
                0x08004e48                CVort_draw_number_word
 .text.CVort_get_string_input
                0x08004e6c       0xa8 obj-ep3/src/game/ui.c.o
                0x08004e6c                CVort_get_string_input
 .text.CVort_fade_in
                0x08004f14       0x34 obj-ep3/src/game/ui.c.o
                0x08004f14                CVort_fade_in
 .text.CVort_fade_out
                0x08004f48       0x40 obj-ep3/src/game/ui.c.o
                0x08004f48                CVort_fade_out
 .text.CVort_lights_on
                0x08004f88       0x24 obj-ep3/src/game/ui.c.o
                0x08004f88                CVort_lights_on
 .text.CVort_lights_out
                0x08004fac       0x24 obj-ep3/src/game/ui.c.o
                0x08004fac                CVort_lights_out
 .text.CVort_toggle_switch
                0x08004fd0      0x21c obj-ep3/src/game/ui.c.o
                0x08004fd0                CVort_toggle_switch
 .text.CVort_body_nop
                0x080051ec        0x2 obj-ep3/src/game/physics.c.o
                0x080051ec                CVort_body_nop
 *fill*         0x080051ee        0x2 ff
 .text.CVort_body_slide_door
                0x080051f0       0x78 obj-ep3/src/game/physics.c.o
                0x080051f0                CVort_body_slide_door
 .text.CVort_think_contact_nop
                0x08005268        0x2 obj-ep3/src/game/physics.c.o
                0x08005268                CVort_think_contact_nop
 *fill*         0x0800526a        0x2 ff
 .text.CVort_body_border_flash
                0x0800526c       0x50 obj-ep3/src/game/physics.c.o
                0x0800526c                CVort_body_border_flash
 .text.CVort_body_bridge_extend
                0x080052bc       0x70 obj-ep3/src/game/physics.c.o
                0x080052bc                CVort_body_bridge_extend
 .text.CVort_body_bridge_retract
                0x0800532c       0x70 obj-ep3/src/game/physics.c.o
                0x0800532c                CVort_body_bridge_retract
 .text.CVort_contact_nop
                0x0800539c        0x2 obj-ep3/src/game/physics.c.o
                0x0800539c                CVort_contact_nop
 *fill*         0x0800539e        0x2 ff
 .text.CVort_default_think
                0x080053a0       0x14 obj-ep3/src/game/physics.c.o
                0x080053a0                CVort_default_think
 .text.CVort_default_contact
                0x080053b4       0x14 obj-ep3/src/game/physics.c.o
                0x080053b4                CVort_default_contact
 .text.CVort_kill_keen
                0x080053c8       0x40 obj-ep3/src/game/physics.c.o
                0x080053c8                CVort_kill_keen
 .text.CVort_kill_keen_temp
                0x08005408       0x54 obj-ep3/src/game/physics.c.o
                0x08005408                CVort_kill_keen_temp
 .text.CVort_move_left_right
                0x0800545c       0x78 obj-ep3/src/game/physics.c.o
                0x0800545c                CVort_move_left_right
 .text.CVort_pogo_jump
                0x080054d4       0x74 obj-ep3/src/game/physics.c.o
                0x080054d4                CVort_pogo_jump
 .text.CVort_check_ceiling
                0x08005548       0x94 obj-ep3/src/game/physics.c.o
                0x08005548                CVort_check_ceiling
 .text.CVort_open_door
                0x080055dc      0x108 obj-ep3/src/game/physics.c.o
                0x080055dc                CVort_open_door
 .text.CVort_do_fall
                0x080056e4       0x7c obj-ep3/src/game/physics.c.o
                0x080056e4                CVort_do_fall
 .text.CVort_check_ground
                0x08005760      0x2e8 obj-ep3/src/game/physics.c.o
                0x08005760                CVort_check_ground
 .text.CVort_compute_sprite_delta
                0x08005a48       0x48 obj-ep3/src/game/physics.c.o
                0x08005a48                CVort_compute_sprite_delta
 .text.CVort_think_dead_sprite
                0x08005a90       0x24 obj-ep3/src/game/physics.c.o
                0x08005a90                CVort_think_dead_sprite
 .text.CVort_think_kill_sprite
                0x08005ab4       0x90 obj-ep3/src/game/physics.c.o
                0x08005ab4                CVort_think_kill_sprite
 .text.CVort_do_scrolling
                0x08005b44       0xf0 obj-ep3/src/game/physics.c.o
                0x08005b44                CVort_do_scrolling
 .text.CVort_carry_keen
                0x08005c34      0x1b8 obj-ep3/src/game/physics.c.o
                0x08005c34                CVort_carry_keen
 .text.CVort_push_keen
                0x08005dec       0xbc obj-ep3/src/game/physics.c.o
                0x08005dec                CVort_push_keen
 .text.CVort_sprite_active_screen
                0x08005ea8       0xb8 obj-ep3/src/game/physics.c.o
                0x08005ea8                CVort_sprite_active_screen
 .text.CVort_detect_sprite_col
                0x08005f60       0x3c obj-ep3/src/game/physics.c.o
                0x08005f60                CVort_detect_sprite_col
 .text.CVort_keen_bgtile_col
                0x08005f9c      0x2e8 obj-ep3/src/game/physics.c.o
                0x08005f9c                CVort_keen_bgtile_col
 .text.CVort_think_zapzot
                0x08006284       0x4c obj-ep3/src/game/enemies.c.o
                0x08006284                CVort_think_zapzot
 .text.CVort_contact_youth
                0x080062d0       0x64 obj-ep3/src/game/enemies.c.o
                0x080062d0                CVort_contact_youth
 .text.CVort_think_vorticon_walk
                0x08006334      0x100 obj-ep3/src/game/enemies.c.o
                0x08006334                CVort_think_vorticon_walk
 .text.CVort_think_vorticon_jump
                0x08006434       0x78 obj-ep3/src/game/enemies.c.o
                0x08006434                CVort_think_vorticon_jump
 .text.CVort_think_vorticon_search
                0x080064ac       0x90 obj-ep3/src/game/enemies.c.o
                0x080064ac                CVort_think_vorticon_search
 .text.CVort_think_youth_walk
                0x0800653c       0xb4 obj-ep3/src/game/enemies.c.o
                0x0800653c                CVort_think_youth_walk
 .text.CVort_think_youth_jump
                0x080065f0       0x70 obj-ep3/src/game/enemies.c.o
                0x080065f0                CVort_think_youth_jump
 .text.CVort_think_keen_pogo_ground
                0x08006660       0xe4 obj-ep3/src/game/enemies.c.o
                0x08006660                CVort_think_keen_pogo_ground
 .text.CVort_contact_vorticon
                0x08006744       0xa4 obj-ep3/src/game/enemies.c.o
                0x08006744                CVort_contact_vorticon
 .text.CVort_think_keen_jump_ground
                0x080067e8      0x140 obj-ep3/src/game/enemies.c.o
                0x080067e8                CVort_think_keen_jump_ground
 .text.CVort_think_keen_ground
                0x08006928      0x354 obj-ep3/src/game/enemies.c.o
                0x08006928                CVort_think_keen_ground
 .text.CVort_think_keen_jump_air
                0x08006c7c      0x198 obj-ep3/src/game/enemies.c.o
                0x08006c7c                CVort_think_keen_jump_air
 .text.CVort_think_keen_pogo_air
                0x08006e14      0x1b4 obj-ep3/src/game/enemies.c.o
                0x08006e14                CVort_think_keen_pogo_air
 .text.CVort_contact_keengun
                0x08006fc8       0x60 obj-ep3/src/game/enemies.c.o
                0x08006fc8                CVort_contact_keengun
 .text.CVort_think_keengun
                0x08007028       0x74 obj-ep3/src/game/enemies.c.o
                0x08007028                CVort_think_keengun
 .text.CVort_add_sprite_vorticon
                0x0800709c       0x80 obj-ep3/src/game/enemies.c.o
                0x0800709c                CVort_add_sprite_vorticon
 .text.CVort_add_sprite_youth
                0x0800711c       0x78 obj-ep3/src/game/enemies.c.o
                0x0800711c                CVort_add_sprite_youth
 .text.CVort_add_sprite_keengun
                0x08007194      0x13c obj-ep3/src/game/enemies.c.o
                0x08007194                CVort_add_sprite_keengun
 .text.CVort_think_keen_shoot
                0x080072d0       0xd4 obj-ep3/src/game/enemies.c.o
                0x080072d0                CVort_think_keen_shoot
 .text.CVort_think_keen_exit
                0x080073a4       0xdc obj-ep3/src/game/enemies.c.o
                0x080073a4                CVort_think_keen_exit
 .text.CVort_think_keen_death
                0x08007480       0xa8 obj-ep3/src/game/enemies.c.o
                0x08007480                CVort_think_keen_death
 .text.CVort_think_keen_stunned
                0x08007528       0xa8 obj-ep3/src/game/enemies.c.o
                0x08007528                CVort_think_keen_stunned
 .text.gba_updateEgaNonBlinkingTxtNonPalRect
                0x080075d0        0x2 obj-ep3/src/render/gfx_gba.c.o
 .text.rgb888_to_bgr555
                0x080075d2       0x16 obj-ep3/src/render/gfx_gba.c.o
 .text.gba_decodeTile
                0x080075e8      0x100 obj-ep3/src/render/gfx_gba.c.o
 .text.gba_ensureMode4.part.0
                0x080076e8       0x4c obj-ep3/src/render/gfx_gba.c.o
 .text.CVort_engine_updateActualDisplay
                0x08007734      0x12c obj-ep3/src/render/gfx_gba.c.o
                0x08007734                CVort_engine_updateActualDisplay
 .text.CVort_engine_reactToWindowResize
                0x08007860        0x2 obj-ep3/src/render/gfx_gba.c.o
                0x08007860                CVort_engine_reactToWindowResize
 .text.CVort_engine_handleWindowSideChange
                0x08007862        0x2 obj-ep3/src/render/gfx_gba.c.o
                0x08007862                CVort_engine_handleWindowSideChange
 .text.CVort_engine_prepareScreen
                0x08007864       0xe0 obj-ep3/src/render/gfx_gba.c.o
                0x08007864                CVort_engine_prepareScreen
 .text.CVort_engine_resetWindow
                0x08007944        0xe obj-ep3/src/render/gfx_gba.c.o
                0x08007944                CVort_engine_resetWindow
 *fill*         0x08007952        0x2 ff
 .text.CVort_engine_setVideoMode
                0x08007954       0x38 obj-ep3/src/render/gfx_gba.c.o
                0x08007954                CVort_engine_setVideoMode
 .text.CVort_engine_copyToTxtMemory
                0x0800798c       0x18 obj-ep3/src/render/gfx_gba.c.o
                0x0800798c                CVort_engine_copyToTxtMemory
 .text.CVort_engine_drawChar
                0x080079a4       0x70 obj-ep3/src/render/gfx_gba.c.o
                0x080079a4                CVort_engine_drawChar
 .text.CVort_engine_drawSprite
                0x08007a14       0xd4 obj-ep3/src/render/gfx_gba.c.o
                0x08007a14                CVort_engine_drawSprite
 .text.CVort_engine_drawTile
                0x08007ae8       0x54 obj-ep3/src/render/gfx_gba.c.o
                0x08007ae8                CVort_engine_drawTile
 .text.CVort_engine_drawBitmap
                0x08007b3c      0x160 obj-ep3/src/render/gfx_gba.c.o
                0x08007b3c                CVort_engine_drawBitmap
 .text.CVort_engine_drawSpriteAt
                0x08007c9c       0xc0 obj-ep3/src/render/gfx_gba.c.o
                0x08007c9c                CVort_engine_drawSpriteAt
 .text.CVort_engine_drawTileAt
                0x08007d5c       0xb4 obj-ep3/src/render/gfx_gba.c.o
                0x08007d5c                CVort_engine_drawTileAt
 .text.CVort_engine_clearOverlay
                0x08007e10       0x1c obj-ep3/src/render/gfx_gba.c.o
                0x08007e10                CVort_engine_clearOverlay
 .text.CVort_engine_syncDrawing
                0x08007e2c       0x94 obj-ep3/src/render/gfx_gba.c.o
                0x08007e2c                CVort_engine_syncDrawing
 .text.CVort_engine_adaptiveTileRefresh
                0x08007ec0       0xd8 obj-ep3/src/render/gfx_gba.c.o
                0x08007ec0                CVort_engine_adaptiveTileRefresh
 .text.CVort_engine_doDrawing
                0x08007f98       0xfc obj-ep3/src/render/gfx_gba.c.o
                0x08007f98                CVort_engine_doDrawing
 .text.CVort_engine_drawScreen
                0x08008094       0x1c obj-ep3/src/render/gfx_gba.c.o
                0x08008094                CVort_engine_drawScreen
 .text.CVort_engine_scrollText
                0x080080b0        0x2 obj-ep3/src/render/gfx_gba.c.o
                0x080080b0                CVort_engine_scrollText
 *fill*         0x080080b2        0x2 ff
 .text.CVort_engine_setBorderColor
                0x080080b4       0x30 obj-ep3/src/render/gfx_gba.c.o
                0x080080b4                CVort_engine_setBorderColor
 .text.CVort_engine_decompGraphics
                0x080080e4      0x2f4 obj-ep3/src/render/gfx_gba.c.o
                0x080080e4                CVort_engine_decompGraphics
 .text.CVort_engine_gotoXY
                0x080083d8       0x34 obj-ep3/src/render/gfx_gba.c.o
                0x080083d8                CVort_engine_gotoXY
 .text.CVort_engine_setPaletteAndBorderColor
                0x0800840c       0x50 obj-ep3/src/render/gfx_gba.c.o
                0x0800840c                CVort_engine_setPaletteAndBorderColor
 .text.CVort_engine_showImageFile
                0x0800845c       0x20 obj-ep3/src/render/gfx_gba.c.o
                0x0800845c                CVort_engine_showImageFile
 .text.clear_keys_and_check_for_quit
                0x0800847c       0x48 obj-ep3/src/engine/engine.c.o
 .text.check_for_user_input_and_quit
                0x080084c4       0x70 obj-ep3/src/engine/engine.c.o
 .text.CVort_engine_parseCalculatedEngineArguments
                0x08008534      0x128 obj-ep3/src/engine/engine.c.o
                0x08008534                CVort_engine_parseCalculatedEngineArguments
 .text.CVort_engine_shutdownSDL
                0x0800865c       0x10 obj-ep3/src/engine/engine.c.o
                0x0800865c                CVort_engine_shutdownSDL
 .text.CVort_engine_shutdown
                0x0800866c       0x14 obj-ep3/src/engine/engine.c.o
                0x0800866c                CVort_engine_shutdown
 .text.CVort_engine_handleQuit
                0x08008680       0x28 obj-ep3/src/engine/engine.c.o
                0x08008680                CVort_engine_handleQuit
 .text.CVort_engine_readGamePort
                0x080086a8       0x18 obj-ep3/src/engine/engine.c.o
                0x080086a8                CVort_engine_readGamePort
 .text.CVort_engine_isJoystickInUse
                0x080086c0        0x4 obj-ep3/src/engine/engine.c.o
                0x080086c0                CVort_engine_isJoystickInUse
 .text.CVort_engine_toggleCursorLock
                0x080086c4       0x1c obj-ep3/src/engine/engine.c.o
                0x080086c4                CVort_engine_toggleCursorLock
 .text.CVort_engine_pollJoystick
                0x080086e0       0x1c obj-ep3/src/engine/engine.c.o
                0x080086e0                CVort_engine_pollJoystick
 .text.CVort_engine_getKeybCtrlState
                0x080086fc       0xc0 obj-ep3/src/engine/engine.c.o
                0x080086fc                CVort_engine_getKeybCtrlState
 .text.CVort_engine_getMouseCtrl
                0x080087bc       0x9c obj-ep3/src/engine/engine.c.o
                0x080087bc                CVort_engine_getMouseCtrl
 .text.CVort_engine_getJoystickCtrl
                0x08008858      0x108 obj-ep3/src/engine/engine.c.o
                0x08008858                CVort_engine_getJoystickCtrl
 .text.CVort_engine_cross_logMessage
                0x08008960       0x4c obj-ep3/src/engine/engine.c.o
                0x08008960                CVort_engine_cross_logMessage
 .text.CVort_engine_start
                0x080089ac       0x74 obj-ep3/src/engine/engine.c.o
                0x080089ac                CVort_engine_start
 .text.CVort_engine_signExtend8To16
                0x08008a20       0x10 obj-ep3/src/engine/engine.c.o
                0x08008a20                CVort_engine_signExtend8To16
 .text.CVort_engine_toupper
                0x08008a30       0x20 obj-ep3/src/engine/engine.c.o
                0x08008a30                CVort_engine_toupper
 .text.CVort_engine_puts
                0x08008a50       0xfc obj-ep3/src/engine/engine.c.o
                0x08008a50                CVort_engine_puts
 .text.CVort_engine_prepareInstructionsScreen
                0x08008b4c       0xa0 obj-ep3/src/engine/engine.c.o
                0x08008b4c                CVort_engine_prepareInstructionsScreen
 .text.gba_snd_loadFromBlob
                0x08008bec       0x80 obj-ep3/src/engine/engine_audio_gba.c.o
 .text.CVort_engine_loadSounds
                0x08008c6c      0x148 obj-ep3/src/engine/engine_audio_gba.c.o
                0x08008c6c                CVort_engine_loadSounds
 .text.CVort_engine_sndCallback
                0x08008db4        0x2 obj-ep3/src/engine/engine_audio_gba.c.o
                0x08008db4                CVort_engine_sndCallback
 *fill*         0x08008db6        0x2 ff
 .text.CVort_engine_setCurSound
                0x08008db8       0xa8 obj-ep3/src/engine/engine_audio_gba.c.o
                0x08008db8                CVort_engine_setCurSound
 .text.CVort_engine_saveCurSound
                0x08008e60       0x24 obj-ep3/src/engine/engine_audio_gba.c.o
                0x08008e60                CVort_engine_saveCurSound
 .text.CVort_engine_restoreCurSound
                0x08008e84        0x2 obj-ep3/src/engine/engine_audio_gba.c.o
                0x08008e84                CVort_engine_restoreCurSound
 *fill*         0x08008e86        0x2 ff
 .text.CVort_engine_finishCurSound
                0x08008e88       0x34 obj-ep3/src/engine/engine_audio_gba.c.o
                0x08008e88                CVort_engine_finishCurSound
 .text.CVort_engine_writeBool
                0x08008ebc       0x28 obj-ep3/src/engine/engine_config.c.o
                0x08008ebc                CVort_engine_writeBool
 .text.CVort_engine_writeInt
                0x08008ee4       0x1c obj-ep3/src/engine/engine_config.c.o
                0x08008ee4                CVort_engine_writeInt
 .text.CVort_engine_writeDims
                0x08008f00       0x1c obj-ep3/src/engine/engine_config.c.o
                0x08008f00                CVort_engine_writeDims
 .text.CVort_engine_writeEnum
                0x08008f1c       0x24 obj-ep3/src/engine/engine_config.c.o
                0x08008f1c                CVort_engine_writeEnum
 .text.CVort_engine_writeSDLRendererDriver
                0x08008f40       0x3c obj-ep3/src/engine/engine_config.c.o
                0x08008f40                CVort_engine_writeSDLRendererDriver
 .text.CVort_engine_saveConfigFile
                0x08008f7c      0x194 obj-ep3/src/engine/engine_config.c.o
                0x08008f7c                CVort_engine_saveConfigFile
 .text.CVort_engine_prepareGameDataFilePathBuffers
                0x08009110       0x44 obj-ep3/src/engine/engine_io.c.o
                0x08009110                CVort_engine_prepareGameDataFilePathBuffers
 .text.CVort_engine_cross_ro_data_fopen
                0x08009154       0xa4 obj-ep3/src/engine/engine_io.c.o
                0x08009154                CVort_engine_cross_ro_data_fopen
 .text.CVort_engine_cross_rw_misc_fopen
                0x080091f8       0x38 obj-ep3/src/engine/engine_io.c.o
                0x080091f8                CVort_engine_cross_rw_misc_fopen
 .text.CVort_engine_configpath_fopen
                0x08009230        0xc obj-ep3/src/engine/engine_io.c.o
                0x08009230                CVort_engine_configpath_fopen
 .text.CVort_engine_cross_freadInt8LE
                0x0800923c       0x28 obj-ep3/src/engine/engine_io.c.o
                0x0800923c                CVort_engine_cross_freadInt8LE
 .text.CVort_engine_cross_freadInt16LE
                0x08009264       0x2c obj-ep3/src/engine/engine_io.c.o
                0x08009264                CVort_engine_cross_freadInt16LE
 .text.CVort_engine_cross_freadInt32LE
                0x08009290       0x2c obj-ep3/src/engine/engine_io.c.o
                0x08009290                CVort_engine_cross_freadInt32LE
 .text.CVort_engine_cross_fwriteInt8LE
                0x080092bc       0x12 obj-ep3/src/engine/engine_io.c.o
                0x080092bc                CVort_engine_cross_fwriteInt8LE
 .text.CVort_engine_cross_fwriteInt16LE
                0x080092ce       0x12 obj-ep3/src/engine/engine_io.c.o
                0x080092ce                CVort_engine_cross_fwriteInt16LE
 .text.CVort_engine_cross_fwriteInt32LE
                0x080092e0       0x12 obj-ep3/src/engine/engine_io.c.o
                0x080092e0                CVort_engine_cross_fwriteInt32LE
 *fill*         0x080092f2        0x2 ff
 .text.CVort_engine_prepareEpisodeSpecificFuncPointers
                0x080092f4       0xe4 obj-ep3/src/engine/engine_loader.c.o
                0x080092f4                CVort_engine_prepareEpisodeSpecificFuncPointers
 .text.CVort_engine_initializeKeenVersionInfo
                0x080093d8       0x5c obj-ep3/src/engine/engine_loader.c.o
                0x080093d8                CVort_engine_initializeKeenVersionInfo
 .text.load_exe_image.constprop.0
                0x08009434       0xc4 obj-ep3/src/engine/engine_loader.c.o
 .text.CVort_engine_loadKeen
                0x080094f8      0x278 obj-ep3/src/engine/engine_loader.c.o
                0x080094f8                CVort_engine_loadKeen
 .text.CVort_engine_convertMomentFromGameTicksToMicroSec
                0x08009770       0x38 obj-ep3/src/engine/engine_timing.c.o
                0x08009770                CVort_engine_convertMomentFromGameTicksToMicroSec
 .text.CVort_private_engine_getTicks
                0x080097a8       0x5c obj-ep3/src/engine/engine_timing.c.o
                0x080097a8                CVort_private_engine_getTicks
 .text.CVort_private_engine_setTicks
                0x08009804       0x1c obj-ep3/src/engine/engine_timing.c.o
                0x08009804                CVort_private_engine_setTicks
 .text.CVort_private_engine_setTicksSync
                0x08009820        0xc obj-ep3/src/engine/engine_timing.c.o
                0x08009820                CVort_private_engine_setTicksSync
 .text.CVort_private_engine_getTicksSync
                0x0800982c        0xc obj-ep3/src/engine/engine_timing.c.o
                0x0800982c                CVort_private_engine_getTicksSync
 .text.CVort_engine_doWaitInterval
                0x08009838       0x38 obj-ep3/src/engine/engine_timing.c.o
                0x08009838                CVort_engine_doWaitInterval
 .text.CVort_engine_delay
                0x08009870       0xc4 obj-ep3/src/engine/engine_timing.c.o
                0x08009870                CVort_engine_delay
 .text.CVort_engine_delayInGameTicks
                0x08009934       0xf0 obj-ep3/src/engine/engine_timing.c.o
                0x08009934                CVort_engine_delayInGameTicks
 .text.CVort_engine_shortSleep
                0x08009a24       0x48 obj-ep3/src/engine/engine_timing.c.o
                0x08009a24                CVort_engine_shortSleep
 .text.get_joystick_mapping_index
                0x08009a6c       0x44 obj-ep3/src/input/input.c.o
 .text.CVort_engine_addInputMappingsFromFile
                0x08009ab0      0x334 obj-ep3/src/input/input.c.o
                0x08009ab0                CVort_engine_addInputMappingsFromFile
 .text.CVort_engine_tryToLoadInputMappings
                0x08009de4      0x4fc obj-ep3/src/input/input.c.o
                0x08009de4                CVort_engine_tryToLoadInputMappings
 .text.CVort_engine_setDefaultInputMappings
                0x0800a2e0      0x46c obj-ep3/src/input/input.c.o
                0x0800a2e0                CVort_engine_setDefaultInputMappings
 .text.CVort_engine_setupInputMappings
                0x0800a74c      0x11c obj-ep3/src/input/input.c.o
                0x0800a74c                CVort_engine_setupInputMappings
 .text.CVort_engine_teardownInputMappings
                0x0800a868       0xc0 obj-ep3/src/input/input.c.o
                0x0800a868                CVort_engine_teardownInputMappings
 .text.CVort_engine_handleEvent
                0x0800a928      0x220 obj-ep3/src/input/input.c.o
                0x0800a928                CVort_engine_handleEvent
 .text.CVort_engine_updateInputStatus
                0x0800ab48      0x850 obj-ep3/src/input/input.c.o
                0x0800ab48                CVort_engine_updateInputStatus
 .text.is_dos_scancode_pressed
                0x0800b398       0x18 obj-ep3/src/input/actions.c.o
 .text.dos_scancode_for_emulated_key
                0x0800b3b0       0x20 obj-ep3/src/input/actions.c.o
 .text.CK_ActionState_Init
                0x0800b3d0       0x24 obj-ep3/src/input/actions.c.o
                0x0800b3d0                CK_ActionState_Init
 .text.CK_ActionState_BeginFrame
                0x0800b3f4       0x34 obj-ep3/src/input/actions.c.o
                0x0800b3f4                CK_ActionState_BeginFrame
 .text.CK_ActionState_UpdateFromLegacyInput
                0x0800b428      0x22c obj-ep3/src/input/actions.c.o
                0x0800b428                CK_ActionState_UpdateFromLegacyInput
 .text.CK_Action_IsHeld
                0x0800b654       0x18 obj-ep3/src/input/actions.c.o
                0x0800b654                CK_Action_IsHeld
 .text.CK_Action_HasMenuSelect
                0x0800b66c       0x18 obj-ep3/src/input/actions.c.o
                0x0800b66c                CK_Action_HasMenuSelect
 .text.CK_Action_HasMenuDismiss
                0x0800b684       0x10 obj-ep3/src/input/actions.c.o
                0x0800b684                CK_Action_HasMenuDismiss
 .text.CK_Action_HasUiAck
                0x0800b694       0x14 obj-ep3/src/input/actions.c.o
                0x0800b694                CK_Action_HasUiAck
 .text.CVort_gui_runLoop
                0x0800b6a8        0x2 obj-ep3/src/ui/gui_gba.c.o
                0x0800b6a8                CVort_gui_runLoop
 *fill*         0x0800b6aa        0x2 ff
 .text.CVort3_think_meepshot
                0x0800b6ac       0x50 obj-ep3/src/episodes/episode3.c.o
                0x0800b6ac                CVort3_think_meepshot
 .text.CVort3_think_spark
                0x0800b6fc       0x2c obj-ep3/src/episodes/episode3.c.o
                0x0800b6fc                CVort3_think_spark
 .text.CVort3_think_heart
                0x0800b728       0x38 obj-ep3/src/episodes/episode3.c.o
                0x0800b728                CVort3_think_heart
 .text.CVort3_think_mangling_arm
                0x0800b760      0x1b8 obj-ep3/src/episodes/episode3.c.o
                0x0800b760                CVort3_think_mangling_arm
 .text.CVort3_think_mangling_leg_awaiting
                0x0800b918       0x28 obj-ep3/src/episodes/episode3.c.o
                0x0800b918                CVort3_think_mangling_leg_awaiting
 .text.CVort3_draw_ordering_info
                0x0800b940       0xb0 obj-ep3/src/episodes/episode3.c.o
                0x0800b940                CVort3_draw_ordering_info
 .text.CVort3_think_vortimom_walk
                0x0800b9f0       0xcc obj-ep3/src/episodes/episode3.c.o
                0x0800b9f0                CVort3_think_vortimom_walk
 .text.CVort3_think_meep_walk
                0x0800babc       0xc4 obj-ep3/src/episodes/episode3.c.o
                0x0800babc                CVort3_think_meep_walk
 .text.CVort3_think_vortininja_jump
                0x0800bb80       0x40 obj-ep3/src/episodes/episode3.c.o
                0x0800bb80                CVort3_think_vortininja_jump
 .text.CVort3_think_foob_run
                0x0800bbc0       0x64 obj-ep3/src/episodes/episode3.c.o
                0x0800bbc0                CVort3_think_foob_run
 .text.CVort3_think_jack
                0x0800bc24       0x68 obj-ep3/src/episodes/episode3.c.o
                0x0800bc24                CVort3_think_jack
 .text.CVort3_think_ball
                0x0800bc8c       0x50 obj-ep3/src/episodes/episode3.c.o
                0x0800bc8c                CVort3_think_ball
 .text.CVort3_think_platform_move
                0x0800bcdc       0x9c obj-ep3/src/episodes/episode3.c.o
                0x0800bcdc                CVort3_think_platform_move
 .text.CVort3_think_foob_walk
                0x0800bd78       0xec obj-ep3/src/episodes/episode3.c.o
                0x0800bd78                CVort3_think_foob_walk
 .text.CVort3_contact_foob
                0x0800be64       0x34 obj-ep3/src/episodes/episode3.c.o
                0x0800be64                CVort3_contact_foob
 .text.CVort3_think_enemygun_right
                0x0800be98       0x74 obj-ep3/src/episodes/episode3.c.o
                0x0800be98                CVort3_think_enemygun_right
 .text.CVort3_think_enemygun_down
                0x0800bf0c       0x74 obj-ep3/src/episodes/episode3.c.o
                0x0800bf0c                CVort3_think_enemygun_down
 .text.CVort3_think_mangling_leg_moving
                0x0800bf80      0x1c0 obj-ep3/src/episodes/episode3.c.o
                0x0800bf80                CVort3_think_mangling_leg_moving
 .text.CVort3_think_vortininja_stand
                0x0800c140       0xa0 obj-ep3/src/episodes/episode3.c.o
                0x0800c140                CVort3_think_vortininja_stand
 .text.CVort3_think_foob_scared
                0x0800c1e0       0x78 obj-ep3/src/episodes/episode3.c.o
                0x0800c1e0                CVort3_think_foob_scared
 .text.CVort3_think_platform_turn
                0x0800c258       0x40 obj-ep3/src/episodes/episode3.c.o
                0x0800c258                CVort3_think_platform_turn
 .text.CVort3_think_vortimomshot.part.0
                0x0800c298       0x48 obj-ep3/src/episodes/episode3.c.o
 .text.CVort3_think_vortimomshot
                0x0800c2e0       0x40 obj-ep3/src/episodes/episode3.c.o
                0x0800c2e0                CVort3_think_vortimomshot
 .text.CVort3_contact_vortimomshot
                0x0800c320       0x3c obj-ep3/src/episodes/episode3.c.o
                0x0800c320                CVort3_contact_vortimomshot
 .text.CVort3_contact_vortimom
                0x0800c35c       0x3c obj-ep3/src/episodes/episode3.c.o
                0x0800c35c                CVort3_contact_vortimom
 .text.CVort3_think_meep_shoot
                0x0800c398       0xd8 obj-ep3/src/episodes/episode3.c.o
                0x0800c398                CVort3_think_meep_shoot
 .text.CVort3_contact_meep
                0x0800c470       0x3c obj-ep3/src/episodes/episode3.c.o
                0x0800c470                CVort3_contact_meep
 .text.CVort3_contact_vortininja
                0x0800c4ac       0x3c obj-ep3/src/episodes/episode3.c.o
                0x0800c4ac                CVort3_contact_vortininja
 .text.CVort3_think_enemyshot
                0x0800c4e8       0x14 obj-ep3/src/episodes/episode3.c.o
                0x0800c4e8                CVort3_think_enemyshot
 .text.CVort3_contact_spark
                0x0800c4fc       0xa8 obj-ep3/src/episodes/episode3.c.o
                0x0800c4fc                CVort3_contact_spark
 .text.CVort3_contact_heart
                0x0800c5a4       0x9c obj-ep3/src/episodes/episode3.c.o
                0x0800c5a4                CVort3_contact_heart
 .text.CVort3_show_pause_menu
                0x0800c640      0x260 obj-ep3/src/episodes/episode3.c.o
                0x0800c640                CVort3_show_pause_menu
 .text.CVort3_add_sprite_vortimom
                0x0800c8a0       0x54 obj-ep3/src/episodes/episode3.c.o
                0x0800c8a0                CVort3_add_sprite_vortimom
 .text.CVort3_add_sprite_meep
                0x0800c8f4       0x58 obj-ep3/src/episodes/episode3.c.o
                0x0800c8f4                CVort3_add_sprite_meep
 .text.CVort3_add_sprite_vortininja
                0x0800c94c       0x54 obj-ep3/src/episodes/episode3.c.o
                0x0800c94c                CVort3_add_sprite_vortininja
 .text.CVort3_add_sprite_foob
                0x0800c9a0       0x54 obj-ep3/src/episodes/episode3.c.o
                0x0800c9a0                CVort3_add_sprite_foob
 .text.CVort3_add_sprite_ball
                0x0800c9f4       0x70 obj-ep3/src/episodes/episode3.c.o
                0x0800c9f4                CVort3_add_sprite_ball
 .text.CVort3_add_sprite_jack
                0x0800ca64       0x70 obj-ep3/src/episodes/episode3.c.o
                0x0800ca64                CVort3_add_sprite_jack
 .text.CVort3_add_sprite_platform_h
                0x0800cad4       0x4c obj-ep3/src/episodes/episode3.c.o
                0x0800cad4                CVort3_add_sprite_platform_h
 .text.CVort3_add_sprite_platform_v
                0x0800cb20       0x44 obj-ep3/src/episodes/episode3.c.o
                0x0800cb20                CVort3_add_sprite_platform_v
 .text.CVort3_add_sprite_spark
                0x0800cb64       0x40 obj-ep3/src/episodes/episode3.c.o
                0x0800cb64                CVort3_add_sprite_spark
 .text.CVort3_add_sprite_heart
                0x0800cba4       0x40 obj-ep3/src/episodes/episode3.c.o
                0x0800cba4                CVort3_add_sprite_heart
 .text.CVort3_add_body_enemygun_right
                0x0800cbe4       0x4c obj-ep3/src/episodes/episode3.c.o
                0x0800cbe4                CVort3_add_body_enemygun_right
 .text.CVort3_add_body_enemygun_down
                0x0800cc30       0x4c obj-ep3/src/episodes/episode3.c.o
                0x0800cc30                CVort3_add_body_enemygun_down
 .text.CVort3_add_body_mangling_arm
                0x0800cc7c       0x54 obj-ep3/src/episodes/episode3.c.o
                0x0800cc7c                CVort3_add_body_mangling_arm
 .text.CVort3_add_body_mangling_leg
                0x0800ccd0       0x58 obj-ep3/src/episodes/episode3.c.o
                0x0800ccd0                CVort3_add_body_mangling_leg
 .text.CVort3_init_level
                0x0800cd28      0x134 obj-ep3/src/episodes/episode3.c.o
                0x0800cd28                CVort3_init_level
 .text.CVort3_contact_keen
                0x0800ce5c       0x78 obj-ep3/src/episodes/episode3.c.o
                0x0800ce5c                CVort3_contact_keen
 .text.CVort3_add_vortimomshot
                0x0800ced4       0xc0 obj-ep3/src/episodes/episode3.c.o
                0x0800ced4                CVort3_add_vortimomshot
 .text.CVort3_think_vortimom_shoot
                0x0800cf94       0x94 obj-ep3/src/episodes/episode3.c.o
                0x0800cf94                CVort3_think_vortimom_shoot
 .text.CVort3_destory_mangling_tile
                0x0800d028       0x7c obj-ep3/src/episodes/episode3.c.o
                0x0800d028                CVort3_destory_mangling_tile
 .text.CVort3_think_mangling_arm_destruct
                0x0800d0a4       0x94 obj-ep3/src/episodes/episode3.c.o
                0x0800d0a4                CVort3_think_mangling_arm_destruct
 .text.CVort3_think_mangling_destruct
                0x0800d138       0x78 obj-ep3/src/episodes/episode3.c.o
                0x0800d138                CVort3_think_mangling_destruct
 .text.CVort3_inlevel_message
                0x0800d1b0        0x2 obj-ep3/src/episodes/episode3.c.o
                0x0800d1b0                CVort3_inlevel_message
 *fill*         0x0800d1b2        0x2 ff
 .text.CVort_draw_box_grand_intellect_1
                0x0800d1b4       0x44 obj-ep3/src/episodes/episode3.c.o
                0x0800d1b4                CVort_draw_box_grand_intellect_1
 .text.CVort_draw_box_grand_intellect_2
                0x0800d1f8       0x44 obj-ep3/src/episodes/episode3.c.o
                0x0800d1f8                CVort_draw_box_grand_intellect_2
 .text.CVort3_delay_grand_intellect
                0x0800d23c       0x54 obj-ep3/src/episodes/episode3.c.o
                0x0800d23c                CVort3_delay_grand_intellect
 .text.CVort3_draw_string_grand_intellect
                0x0800d290       0x56 obj-ep3/src/episodes/episode3.c.o
                0x0800d290                CVort3_draw_string_grand_intellect
 *fill*         0x0800d2e6        0x2 ff
 .text.CVort3_handle_grand_intellect
                0x0800d2e8      0x26c obj-ep3/src/episodes/episode3.c.o
                0x0800d2e8                CVort3_handle_grand_intellect
 .text.CVort3_blink_camera_flash
                0x0800d554       0x30 obj-ep3/src/episodes/episode3.c.o
                0x0800d554                CVort3_blink_camera_flash
 .text.CVort3_draw_string_win
                0x0800d584       0x32 obj-ep3/src/episodes/episode3.c.o
                0x0800d584                CVort3_draw_string_win
 *fill*         0x0800d5b6        0x2 ff
 .text.CVort3_draw_win
                0x0800d5b8      0x2bc obj-ep3/src/episodes/episode3.c.o
                0x0800d5b8                CVort3_draw_win
 .text.CVort3_do_ordering
                0x0800d874       0x5c obj-ep3/src/episodes/episode3.c.o
                0x0800d874                CVort3_do_ordering
 .text.CVort3_show_ordering
                0x0800d8d0      0x1d0 obj-ep3/src/episodes/episode3.c.o
                0x0800d8d0                CVort3_show_ordering
 .text.CVort3_draw_scores
                0x0800daa0       0x80 obj-ep3/src/episodes/episode3.c.o
                0x0800daa0                CVort3_draw_scores
 .text.CVort3_worldmap_sprites
                0x0800db20      0x29c obj-ep3/src/episodes/episode3.c.o
                0x0800db20                CVort3_worldmap_sprites
 .text.CVort3_do_messie
                0x0800ddbc      0x320 obj-ep3/src/episodes/episode3.c.o
                0x0800ddbc                CVort3_do_messie
 .text.CVort3_engine_processEXE
                0x0800e0dc      0x134 obj-ep3/src/episodes/episode3_engine.c.o
                0x0800e0dc                CVort3_engine_processEXE
 .text.startup.main
                0x0800e210       0xa0 obj-ep3/src/platform/gba_main.c.o
                0x0800e210                main
 .text.SDL_Init
                0x0800e2b0       0x38 obj-ep3/src/platform/gba_sdl.c.o
                0x0800e2b0                SDL_Init
 .text.SDL_InitSubSystem
                0x0800e2e8        0x4 obj-ep3/src/platform/gba_sdl.c.o
                0x0800e2e8                SDL_InitSubSystem
 .text.SDL_Quit
                0x0800e2ec        0x2 obj-ep3/src/platform/gba_sdl.c.o
                0x0800e2ec                SDL_Quit
 *fill*         0x0800e2ee        0x2 ff
 .text.SDL_GetError
                0x0800e2f0        0x8 obj-ep3/src/platform/gba_sdl.c.o
                0x0800e2f0                SDL_GetError
 .text.SDL_GetTicks
                0x0800e2f8       0x5c obj-ep3/src/platform/gba_sdl.c.o
                0x0800e2f8                SDL_GetTicks
 .text.SDL_PollEvent
                0x0800e354        0x4 obj-ep3/src/platform/gba_sdl.c.o
                0x0800e354                SDL_PollEvent
 .text.SDL_NumJoysticks
                0x0800e358        0x4 obj-ep3/src/platform/gba_sdl.c.o
                0x0800e358                SDL_NumJoysticks
 .text.SDL_JoystickOpen
                0x0800e35c        0x4 obj-ep3/src/platform/gba_sdl.c.o
                0x0800e35c                SDL_JoystickOpen
 .text.SDL_JoystickClose
                0x0800e360        0x2 obj-ep3/src/platform/gba_sdl.c.o
                0x0800e360                SDL_JoystickClose
 .text.SDL_JoystickEventState
                0x0800e362        0x4 obj-ep3/src/platform/gba_sdl.c.o
                0x0800e362                SDL_JoystickEventState
 .text.SDL_JoystickNumAxes
                0x0800e366        0x4 obj-ep3/src/platform/gba_sdl.c.o
                0x0800e366                SDL_JoystickNumAxes
 .text.SDL_JoystickNumButtons
                0x0800e36a        0x4 obj-ep3/src/platform/gba_sdl.c.o
                0x0800e36a                SDL_JoystickNumButtons
 .text.SDL_JoystickNumHats
                0x0800e36e        0x4 obj-ep3/src/platform/gba_sdl.c.o
                0x0800e36e                SDL_JoystickNumHats
 .text.SDL_JoystickInstanceID
                0x0800e372        0x4 obj-ep3/src/platform/gba_sdl.c.o
                0x0800e372                SDL_JoystickInstanceID
 .text.SDL_ShowCursor
                0x0800e376        0x4 obj-ep3/src/platform/gba_sdl.c.o
                0x0800e376                SDL_ShowCursor
 .text.SDL_SetRelativeMouseMode
                0x0800e37a        0x2 obj-ep3/src/platform/gba_sdl.c.o
                0x0800e37a                SDL_SetRelativeMouseMode
 .text.SDL_GetRelativeMouseState
                0x0800e37c       0x14 obj-ep3/src/platform/gba_sdl.c.o
                0x0800e37c                SDL_GetRelativeMouseState
 .text.SDL_GetRenderDriverInfo
                0x0800e390       0x30 obj-ep3/src/platform/gba_sdl.c.o
                0x0800e390                SDL_GetRenderDriverInfo
 .text.SDL_OpenAudio
                0x0800e3c0       0x1c obj-ep3/src/platform/gba_sdl.c.o
                0x0800e3c0                SDL_OpenAudio
 .text.SDL_CloseAudio
                0x0800e3dc        0x2 obj-ep3/src/platform/gba_sdl.c.o
                0x0800e3dc                SDL_CloseAudio
 .text.CK_PlatformSleepMs
                0x0800e3de       0x2e obj-ep3/src/platform/sleep_gba.c.o
                0x0800e3de                CK_PlatformSleepMs
 .text.ck_set_virtual_key.part.0
                0x0800e40c       0x68 obj-ep3/src/platform/input_gba.c.o
 .text.CK_PlatformPrepareInput
                0x0800e474        0x2 obj-ep3/src/platform/input_gba.c.o
                0x0800e474                CK_PlatformPrepareInput
 *fill*         0x0800e476        0x2 ff
 .text.CK_PlatformPollInputState
                0x0800e478       0x80 obj-ep3/src/platform/input_gba.c.o
                0x0800e478                CK_PlatformPollInputState
 .text.CK_PlatformApplyInputPolicy
                0x0800e4f8       0xc8 obj-ep3/src/platform/input_gba.c.o
                0x0800e4f8                CK_PlatformApplyInputPolicy
 .text.CK_PlatformPreferredPlayer1ControlType
                0x0800e5c0        0x4 obj-ep3/src/platform/input_gba.c.o
                0x0800e5c0                CK_PlatformPreferredPlayer1ControlType
 .text.CK_PlatformApplyDefaultJoystickCalibration
                0x0800e5c4       0x10 obj-ep3/src/platform/input_gba.c.o
                0x0800e5c4                CK_PlatformApplyDefaultJoystickCalibration
 .text.CK_PlatformEnsureRwMiscDir
                0x0800e5d4        0x2 obj-ep3/src/platform/gba_paths.c.o
                0x0800e5d4                CK_PlatformEnsureRwMiscDir
 .text.CK_PlatformBuildRoDataPath
                0x0800e5d6       0x32 obj-ep3/src/platform/gba_paths.c.o
                0x0800e5d6                CK_PlatformBuildRoDataPath
 .text.CK_PlatformBuildExternalGameDataPath
                0x0800e608        0x4 obj-ep3/src/platform/gba_paths.c.o
                0x0800e608                CK_PlatformBuildExternalGameDataPath
 .text.CK_PlatformBuildRwMiscPath
                0x0800e60c        0xc obj-ep3/src/platform/gba_paths.c.o
                0x0800e60c                CK_PlatformBuildRwMiscPath
 .text.ck_find_rom_entry
                0x0800e618       0x90 obj-ep3/src/platform/gba_fileio.c.o
 .text.copy_basename
                0x0800e6a8       0x24 obj-ep3/src/platform/gba_fileio.c.o
 .text.ck_alloc_slot
                0x0800e6cc       0x40 obj-ep3/src/platform/gba_fileio.c.o
 .text.ck_basename
                0x0800e70c       0x26 obj-ep3/src/platform/gba_fileio.c.o
 .text.ck_gba_lookup_rom
                0x0800e732       0x34 obj-ep3/src/platform/gba_fileio.c.o
                0x0800e732                ck_gba_lookup_rom
 .text.ck_gba_fopen
                0x0800e766       0xba obj-ep3/src/platform/gba_fileio.c.o
                0x0800e766                ck_gba_fopen
 .text.ck_gba_fclose
                0x0800e820       0x30 obj-ep3/src/platform/gba_fileio.c.o
                0x0800e820                ck_gba_fclose
 .text.ck_gba_fread
                0x0800e850       0x68 obj-ep3/src/platform/gba_fileio.c.o
                0x0800e850                ck_gba_fread
 .text.ck_gba_fwrite
                0x0800e8b8       0x68 obj-ep3/src/platform/gba_fileio.c.o
                0x0800e8b8                ck_gba_fwrite
 .text.ck_gba_fseek
                0x0800e920       0x48 obj-ep3/src/platform/gba_fileio.c.o
                0x0800e920                ck_gba_fseek
 .text.ck_gba_ftell
                0x0800e968       0x18 obj-ep3/src/platform/gba_fileio.c.o
                0x0800e968                ck_gba_ftell
 .text.ck_gba_rewind
                0x0800e980       0x18 obj-ep3/src/platform/gba_fileio.c.o
                0x0800e980                ck_gba_rewind
 .text.ck_gba_fprintf
                0x0800e998        0x8 obj-ep3/src/platform/gba_fileio.c.o
                0x0800e998                ck_gba_fprintf
 .text.ck_gba_vfprintf
                0x0800e9a0        0x4 obj-ep3/src/platform/gba_fileio.c.o
                0x0800e9a0                ck_gba_vfprintf
 .text.normalize_name
                0x0800e9a4       0x3c obj-ep3/src/platform/gba_sram.c.o
 .text.find_slot
                0x0800e9e0       0x50 obj-ep3/src/platform/gba_sram.c.o
 .text.CK_SRAM_Init
                0x0800ea30       0x9c obj-ep3/src/platform/gba_sram.c.o
                0x0800ea30                CK_SRAM_Init
 .text.CK_SRAM_Read
                0x0800eacc       0x64 obj-ep3/src/platform/gba_sram.c.o
                0x0800eacc                CK_SRAM_Read
 .text.CK_SRAM_Write
                0x0800eb30       0xc0 obj-ep3/src/platform/gba_sram.c.o
                0x0800eb30                CK_SRAM_Write
 .text          0x0800ebf0      0x3c4 /opt/devkitpro/libgba/lib/libgba.a(interrupt.o)
                0x0800ebf0                dummy
                0x0800ebf4                InitInterrupt
                0x0800ec50                irqInit
                0x0800ecac                SetInterrupt
                0x0800ed94                irqSet
                0x0800ee7c                EnableInterrupt
                0x0800eec8                irqEnable
                0x0800ef1c                DisableInterrupt
                0x0800ef68                irqDisable
 .text          0x0800efb4       0x14 /opt/devkitpro/devkitARM/lib/gcc/arm-none-eabi/15.2.0/thumb/libgcc.a(_thumb1_case_sqi.o)
                0x0800efb4                __gnu_thumb1_case_sqi
 .text          0x0800efc8       0x14 /opt/devkitpro/devkitARM/lib/gcc/arm-none-eabi/15.2.0/thumb/libgcc.a(_thumb1_case_uqi.o)
                0x0800efc8                __gnu_thumb1_case_uqi
 .text          0x0800efdc       0x14 /opt/devkitpro/devkitARM/lib/gcc/arm-none-eabi/15.2.0/thumb/libgcc.a(_thumb1_case_shi.o)
                0x0800efdc                __gnu_thumb1_case_shi
 .text          0x0800eff0       0x14 /opt/devkitpro/devkitARM/lib/gcc/arm-none-eabi/15.2.0/thumb/libgcc.a(_thumb1_case_uhi.o)
                0x0800eff0                __gnu_thumb1_case_uhi
 .text          0x0800f004      0x11c /opt/devkitpro/devkitARM/lib/gcc/arm-none-eabi/15.2.0/thumb/libgcc.a(_udivsi3.o)
                0x0800f004                __udivsi3
                0x0800f004                __aeabi_uidiv
                0x0800f100                __aeabi_uidivmod
 .text          0x0800f120      0x150 /opt/devkitpro/devkitARM/lib/gcc/arm-none-eabi/15.2.0/thumb/libgcc.a(_divsi3.o)
                0x0800f120                __aeabi_idiv
                0x0800f120                __divsi3
                0x0800f250                __aeabi_idivmod
 .text          0x0800f270        0x4 /opt/devkitpro/devkitARM/lib/gcc/arm-none-eabi/15.2.0/thumb/libgcc.a(_dvmd_tls.o)
                0x0800f270                __aeabi_ldiv0
                0x0800f270                __aeabi_idiv0
 .text          0x0800f274       0xd4 /opt/devkitpro/devkitARM/lib/gcc/arm-none-eabi/15.2.0/thumb/libgcc.a(_aeabi_ldivmod.o)
                0x0800f274                __aeabi_ldivmod
 .text.__muldi3
                0x0800f348       0x58 /opt/devkitpro/devkitARM/lib/gcc/arm-none-eabi/15.2.0/thumb/libgcc.a(_muldi3.o)
                0x0800f348                __aeabi_lmul
                0x0800f348                __muldi3
 .text.__udivmoddi4
                0x0800f3a0      0x194 /opt/devkitpro/devkitARM/lib/gcc/arm-none-eabi/15.2.0/thumb/libgcc.a(_udivmoddi4.o)
                0x0800f3a0                __udivmoddi4
 .text          0x0800f534       0x28 /opt/devkitpro/devkitARM/lib/gcc/arm-none-eabi/15.2.0/thumb/libgcc.a(_clzdi2.o)
                0x0800f534                __clzdi2
 .text          0x0800f55c       0x48 /opt/devkitpro/devkitARM/lib/gcc/arm-none-eabi/15.2.0/thumb/libgcc.a(_clzsi2.o)
                0x0800f55c                __clzsi2
 .text.critical_factorization
                0x0800f5a4       0xcc /opt/devkitpro/devkitARM/lib/gcc/arm-none-eabi/15.2.0/../../../../arm-none-eabi/lib/thumb/libg.a(libc_a-strstr.o)
 .text.two_way_long_needle
                0x0800f670      0x204 /opt/devkitpro/devkitARM/lib/gcc/arm-none-eabi/15.2.0/../../../../arm-none-eabi/lib/thumb/libg.a(libc_a-strstr.o)
 .text.strstr   0x0800f874      0x1ac /opt/devkitpro/devkitARM/lib/gcc/arm-none-eabi/15.2.0/../../../../arm-none-eabi/lib/thumb/libg.a(libc_a-strstr.o)
                0x0800f874                strstr
 .text.memcpy   0x0800fa20       0xac /opt/devkitpro/devkitARM/lib/gcc/arm-none-eabi/15.2.0/../../../../arm-none-eabi/lib/thumb/libg.a(libc_a-memcpy-stub.o)
                0x0800fa20                memcpy
 .text.strlen   0x0800facc       0x60 /opt/devkitpro/devkitARM/lib/gcc/arm-none-eabi/15.2.0/../../../../arm-none-eabi/lib/thumb/libg.a(libc_a-strlen.o)
                0x0800facc                strlen
 .text.snprintf
                0x0800fb2c       0x64 /opt/devkitpro/devkitARM/lib/gcc/arm-none-eabi/15.2.0/../../../../arm-none-eabi/lib/thumb/libg.a(libc_a-snprintf.o)
                0x0800fb2c                snprintf
 .text.strchr   0x0800fb90       0xbc /opt/devkitpro/devkitARM/lib/gcc/arm-none-eabi/15.2.0/../../../../arm-none-eabi/lib/thumb/libg.a(libc_a-strchr.o)
                0x0800fb90                strchr
 .text.memcmp   0x0800fc4c       0x48 /opt/devkitpro/devkitARM/lib/gcc/arm-none-eabi/15.2.0/../../../../arm-none-eabi/lib/thumb/libg.a(libc_a-memcmp.o)
                0x0800fc4c                memcmp
 .text.__errno  0x0800fc94        0xc /opt/devkitpro/devkitARM/lib/gcc/arm-none-eabi/15.2.0/../../../../arm-none-eabi/lib/thumb/libg.a(libc_a-errno.o)
                0x0800fc94                __errno
 .text.strcpy   0x0800fca0       0x10 /opt/devkitpro/devkitARM/lib/gcc/arm-none-eabi/15.2.0/../../../../arm-none-eabi/lib/thumb/libg.a(libc_a-strcpy.o)
                0x0800fca0                strcpy
 .text.__locale_mb_cur_max
                0x0800fcb0       0x20 /opt/devkitpro/devkitARM/lib/gcc/arm-none-eabi/15.2.0/../../../../arm-none-eabi/lib/thumb/libg.a(libc_a-locale.o)
                0x0800fcb0                __locale_mb_cur_max
 .text.memset   0x0800fcd0       0x8c /opt/devkitpro/devkitARM/lib/gcc/arm-none-eabi/15.2.0/../../../../arm-none-eabi/lib/thumb/libg.a(libc_a-memset.o)
                0x0800fcd0                memset
 .text.atoi     0x0800fd5c       0x10 /opt/devkitpro/devkitARM/lib/gcc/arm-none-eabi/15.2.0/../../../../arm-none-eabi/lib/thumb/libg.a(libc_a-atoi.o)
                0x0800fd5c                atoi
 .text._strtol_l.part.0
                0x0800fd6c      0x25c /opt/devkitpro/devkitARM/lib/gcc/arm-none-eabi/15.2.0/../../../../arm-none-eabi/lib/thumb/libg.a(libc_a-strtol.o)
 .text.strtol   0x0800ffc8       0x38 /opt/devkitpro/devkitARM/lib/gcc/arm-none-eabi/15.2.0/../../../../arm-none-eabi/lib/thumb/libg.a(libc_a-strtol.o)
                0x0800ffc8                strtol
 .text.__libc_init_array
                0x08010000       0x54 /opt/devkitpro/devkitARM/lib/gcc/arm-none-eabi/15.2.0/../../../../arm-none-eabi/lib/thumb/libg.a(libc_a-init.o)
                0x08010000                __libc_init_array
 .text.strncpy  0x08010054       0x68 /opt/devkitpro/devkitARM/lib/gcc/arm-none-eabi/15.2.0/../../../../arm-none-eabi/lib/thumb/libg.a(libc_a-strncpy.o)
                0x08010054                strncpy
 .text.malloc   0x080100bc       0x28 /opt/devkitpro/devkitARM/lib/gcc/arm-none-eabi/15.2.0/../../../../arm-none-eabi/lib/thumb/libg.a(libc_a-malloc.o)
                0x080100bc                malloc
 .text.free     0x080100e4       0x14 /opt/devkitpro/devkitARM/lib/gcc/arm-none-eabi/15.2.0/../../../../arm-none-eabi/lib/thumb/libg.a(libc_a-malloc.o)
                0x080100e4                free
 .text.strrchr  0x080100f8       0x30 /opt/devkitpro/devkitARM/lib/gcc/arm-none-eabi/15.2.0/../../../../arm-none-eabi/lib/thumb/libg.a(libc_a-strrchr.o)
                0x080100f8                strrchr
 .text._localeconv_r
                0x08010128       0x20 /opt/devkitpro/devkitARM/lib/gcc/arm-none-eabi/15.2.0/../../../../arm-none-eabi/lib/thumb/libg.a(libc_a-localeconv.o)
                0x08010128                _localeconv_r
 .text.__sread  0x08010148       0x34 /opt/devkitpro/devkitARM/lib/gcc/arm-none-eabi/15.2.0/../../../../arm-none-eabi/lib/thumb/libg.a(libc_a-stdio.o)
                0x08010148                __sread
 .text.__swrite
                0x0801017c       0x4c /opt/devkitpro/devkitARM/lib/gcc/arm-none-eabi/15.2.0/../../../../arm-none-eabi/lib/thumb/libg.a(libc_a-stdio.o)
                0x0801017c                __swrite
 .text.__sseek  0x080101c8       0x3c /opt/devkitpro/devkitARM/lib/gcc/arm-none-eabi/15.2.0/../../../../arm-none-eabi/lib/thumb/libg.a(libc_a-stdio.o)
                0x080101c8                __sseek
 .text.__sclose
                0x08010204       0x10 /opt/devkitpro/devkitARM/lib/gcc/arm-none-eabi/15.2.0/../../../../arm-none-eabi/lib/thumb/libg.a(libc_a-stdio.o)
                0x08010204                __sclose
 .text.memmove  0x08010214      0x108 /opt/devkitpro/devkitARM/lib/gcc/arm-none-eabi/15.2.0/../../../../arm-none-eabi/lib/thumb/libg.a(libc_a-memmove.o)
                0x08010214                memmove
 .text._realloc_r
                0x0801031c      0x344 /opt/devkitpro/devkitARM/lib/gcc/arm-none-eabi/15.2.0/../../../../arm-none-eabi/lib/thumb/libg.a(libc_a-reallocr.o)
                0x0801031c                _realloc_r
 .text.__malloc_lock
                0x08010660       0x14 /opt/devkitpro/devkitARM/lib/gcc/arm-none-eabi/15.2.0/../../../../arm-none-eabi/lib/thumb/libg.a(libc_a-mlock.o)
                0x08010660                __malloc_lock
 .text.__malloc_unlock
                0x08010674       0x14 /opt/devkitpro/devkitARM/lib/gcc/arm-none-eabi/15.2.0/../../../../arm-none-eabi/lib/thumb/libg.a(libc_a-mlock.o)
                0x08010674                __malloc_unlock
 .text.time     0x08010688       0x38 /opt/devkitpro/devkitARM/lib/gcc/arm-none-eabi/15.2.0/../../../../arm-none-eabi/lib/thumb/libg.a(libc_a-time.o)
                0x08010688                time
 .text.__call_exitprocs
                0x080106c0        0xc /opt/devkitpro/devkitARM/lib/gcc/arm-none-eabi/15.2.0/../../../../arm-none-eabi/lib/thumb/libg.a(libc_a-exit.o)
                0x080106c0                __call_exitprocs
 .text.exit     0x080106cc       0x24 /opt/devkitpro/devkitARM/lib/gcc/arm-none-eabi/15.2.0/../../../../arm-none-eabi/lib/thumb/libg.a(libc_a-exit.o)
                0x080106cc                exit
 .text.get_arg  0x080106f0      0x404 /opt/devkitpro/devkitARM/lib/gcc/arm-none-eabi/15.2.0/../../../../arm-none-eabi/lib/thumb/libg.a(libc_a-svfprintf.o)
 .text._svfprintf_r
                0x08010af4     0x22e0 /opt/devkitpro/devkitARM/lib/gcc/arm-none-eabi/15.2.0/../../../../arm-none-eabi/lib/thumb/libg.a(libc_a-svfprintf.o)
                0x08010af4                _svfprintf_r
 .text.__utf8_wctomb
                0x08012dd4       0xbc /opt/devkitpro/devkitARM/lib/gcc/arm-none-eabi/15.2.0/../../../../arm-none-eabi/lib/thumb/libg.a(libc_a-wctomb_r.o)
                0x08012dd4                __utf8_wctomb
 .text.__libc_fini_array
                0x08012e90       0x30 /opt/devkitpro/devkitARM/lib/gcc/arm-none-eabi/15.2.0/../../../../arm-none-eabi/lib/thumb/libg.a(libc_a-fini.o)
                0x08012e90                __libc_fini_array
 .text.strnlen  0x08012ec0       0x20 /opt/devkitpro/devkitARM/lib/gcc/arm-none-eabi/15.2.0/../../../../arm-none-eabi/lib/thumb/libg.a(libc_a-strnlen.o)
                0x08012ec0                strnlen
 .text.frexp    0x08012ee0       0x74 /opt/devkitpro/devkitARM/lib/gcc/arm-none-eabi/15.2.0/../../../../arm-none-eabi/lib/thumb/libg.a(libm_a-s_frexp.o)
                0x08012ee0                frexp
 .text.__assert_func
                0x08012f54       0x40 /opt/devkitpro/devkitARM/lib/gcc/arm-none-eabi/15.2.0/../../../../arm-none-eabi/lib/thumb/libg.a(libc_a-assert.o)
                0x08012f54                __assert_func
 .text._Balloc  0x08012f94       0x5c /opt/devkitpro/devkitARM/lib/gcc/arm-none-eabi/15.2.0/../../../../arm-none-eabi/lib/thumb/libg.a(libc_a-mprec.o)
                0x08012f94                _Balloc
 .text._Bfree   0x08012ff0       0x14 /opt/devkitpro/devkitARM/lib/gcc/arm-none-eabi/15.2.0/../../../../arm-none-eabi/lib/thumb/libg.a(libc_a-mprec.o)
                0x08012ff0                _Bfree
 .text.__multadd
                0x08013004       0xa8 /opt/devkitpro/devkitARM/lib/gcc/arm-none-eabi/15.2.0/../../../../arm-none-eabi/lib/thumb/libg.a(libc_a-mprec.o)
                0x08013004                __multadd
 .text.__hi0bits
                0x080130ac       0x60 /opt/devkitpro/devkitARM/lib/gcc/arm-none-eabi/15.2.0/../../../../arm-none-eabi/lib/thumb/libg.a(libc_a-mprec.o)
                0x080130ac                __hi0bits
 .text.__lo0bits
                0x0801310c       0x8c /opt/devkitpro/devkitARM/lib/gcc/arm-none-eabi/15.2.0/../../../../arm-none-eabi/lib/thumb/libg.a(libc_a-mprec.o)
                0x0801310c                __lo0bits
 .text.__i2b    0x08013198       0x64 /opt/devkitpro/devkitARM/lib/gcc/arm-none-eabi/15.2.0/../../../../arm-none-eabi/lib/thumb/libg.a(libc_a-mprec.o)
                0x08013198                __i2b
 .text.__multiply
                0x080131fc      0x1b4 /opt/devkitpro/devkitARM/lib/gcc/arm-none-eabi/15.2.0/../../../../arm-none-eabi/lib/thumb/libg.a(libc_a-mprec.o)
                0x080131fc                __multiply
 .text.__pow5mult
                0x080133b0       0xd8 /opt/devkitpro/devkitARM/lib/gcc/arm-none-eabi/15.2.0/../../../../arm-none-eabi/lib/thumb/libg.a(libc_a-mprec.o)
                0x080133b0                __pow5mult
 .text.__lshift
                0x08013488       0xf8 /opt/devkitpro/devkitARM/lib/gcc/arm-none-eabi/15.2.0/../../../../arm-none-eabi/lib/thumb/libg.a(libc_a-mprec.o)
                0x08013488                __lshift
 .text.__mcmp   0x08013580       0x50 /opt/devkitpro/devkitARM/lib/gcc/arm-none-eabi/15.2.0/../../../../arm-none-eabi/lib/thumb/libg.a(libc_a-mprec.o)
                0x08013580                __mcmp
 .text.__mdiff  0x080135d0      0x1a4 /opt/devkitpro/devkitARM/lib/gcc/arm-none-eabi/15.2.0/../../../../arm-none-eabi/lib/thumb/libg.a(libc_a-mprec.o)
                0x080135d0                __mdiff
 .text.__d2b    0x08013774       0xd4 /opt/devkitpro/devkitARM/lib/gcc/arm-none-eabi/15.2.0/../../../../arm-none-eabi/lib/thumb/libg.a(libc_a-mprec.o)
                0x08013774                __d2b
 .text._wcrtomb_r
                0x08013848       0x88 /opt/devkitpro/devkitARM/lib/gcc/arm-none-eabi/15.2.0/../../../../arm-none-eabi/lib/thumb/libg.a(libc_a-wcrtomb.o)
                0x08013848                _wcrtomb_r
 .text.__ssprint_r
                0x080138d0       0x60 /opt/devkitpro/devkitARM/lib/gcc/arm-none-eabi/15.2.0/../../../../arm-none-eabi/lib/thumb/libg.a(libc_a-ssprint_r.o)
                0x080138d0                __ssprint_r
 .text.__utf8_mbtowc
                0x08013930      0x24c /opt/devkitpro/devkitARM/lib/gcc/arm-none-eabi/15.2.0/../../../../arm-none-eabi/lib/thumb/libg.a(libc_a-mbtowc_r.o)
                0x08013930                __utf8_mbtowc
 .text.fiprintf
                0x08013b7c       0x28 /opt/devkitpro/devkitARM/lib/gcc/arm-none-eabi/15.2.0/../../../../arm-none-eabi/lib/thumb/libg.a(libc_a-fiprintf.o)
                0x08013b7c                fiprintf
 .text._memalign_r
                0x08013ba4      0x118 /opt/devkitpro/devkitARM/lib/gcc/arm-none-eabi/15.2.0/../../../../arm-none-eabi/lib/thumb/libg.a(libc_a-malignr.o)
                0x08013ba4                _memalign_r
 .text.abort    0x08013cbc       0x10 /opt/devkitpro/devkitARM/lib/gcc/arm-none-eabi/15.2.0/../../../../arm-none-eabi/lib/thumb/libg.a(libc_a-abort.o)
                0x08013cbc                abort
 .text._calloc_r
                0x08013ccc       0xcc /opt/devkitpro/devkitARM/lib/gcc/arm-none-eabi/15.2.0/../../../../arm-none-eabi/lib/thumb/libg.a(libc_a-callocr.o)
                0x08013ccc                _calloc_r
 .text.__sflush_r
                0x08013d98      0x180 /opt/devkitpro/devkitARM/lib/gcc/arm-none-eabi/15.2.0/../../../../arm-none-eabi/lib/thumb/libg.a(libc_a-fflush.o)
                0x08013d98                __sflush_r
 .text._fflush_r
                0x08013f18       0x70 /opt/devkitpro/devkitARM/lib/gcc/arm-none-eabi/15.2.0/../../../../arm-none-eabi/lib/thumb/libg.a(libc_a-fflush.o)
                0x08013f18                _fflush_r
 .text._malloc_r
                0x08013f88      0x550 /opt/devkitpro/devkitARM/lib/gcc/arm-none-eabi/15.2.0/../../../../arm-none-eabi/lib/thumb/libg.a(libc_a-mallocr.o)
                0x08013f88                _malloc_r
 .text.quorem   0x080144d8      0x160 /opt/devkitpro/devkitARM/lib/gcc/arm-none-eabi/15.2.0/../../../../arm-none-eabi/lib/thumb/libg.a(libc_a-dtoa.o)
 .text._dtoa_r  0x08014638     0x10a0 /opt/devkitpro/devkitARM/lib/gcc/arm-none-eabi/15.2.0/../../../../arm-none-eabi/lib/thumb/libg.a(libc_a-dtoa.o)
                0x08014638                _dtoa_r
 .text._malloc_trim_r
                0x080156d8       0xac /opt/devkitpro/devkitARM/lib/gcc/arm-none-eabi/15.2.0/../../../../arm-none-eabi/lib/thumb/libg.a(libc_a-freer.o)
                0x080156d8                _malloc_trim_r
 .text._free_r  0x08015784      0x1d8 /opt/devkitpro/devkitARM/lib/gcc/arm-none-eabi/15.2.0/../../../../arm-none-eabi/lib/thumb/libg.a(libc_a-freer.o)
                0x08015784                _free_r
 .text.stdio_exit_handler
                0x0801595c       0x20 /opt/devkitpro/devkitARM/lib/gcc/arm-none-eabi/15.2.0/../../../../arm-none-eabi/lib/thumb/libg.a(libc_a-findfp.o)
 .text.cleanup_stdio
                0x0801597c       0x40 /opt/devkitpro/devkitARM/lib/gcc/arm-none-eabi/15.2.0/../../../../arm-none-eabi/lib/thumb/libg.a(libc_a-findfp.o)
 .text.global_stdio_init.part.0
                0x080159bc      0x120 /opt/devkitpro/devkitARM/lib/gcc/arm-none-eabi/15.2.0/../../../../arm-none-eabi/lib/thumb/libg.a(libc_a-findfp.o)
 .text.__sinit  0x08015adc       0x3c /opt/devkitpro/devkitARM/lib/gcc/arm-none-eabi/15.2.0/../../../../arm-none-eabi/lib/thumb/libg.a(libc_a-findfp.o)
                0x08015adc                __sinit
 .text.__sfp_lock_acquire
                0x08015b18       0x14 /opt/devkitpro/devkitARM/lib/gcc/arm-none-eabi/15.2.0/../../../../arm-none-eabi/lib/thumb/libg.a(libc_a-findfp.o)
                0x08015b18                __sfp_lock_acquire
 .text.__sfp_lock_release
                0x08015b2c       0x14 /opt/devkitpro/devkitARM/lib/gcc/arm-none-eabi/15.2.0/../../../../arm-none-eabi/lib/thumb/libg.a(libc_a-findfp.o)
                0x08015b2c                __sfp_lock_release
 .text.memchr   0x08015b40       0x74 /opt/devkitpro/devkitARM/lib/gcc/arm-none-eabi/15.2.0/../../../../arm-none-eabi/lib/thumb/libg.a(libc_a-memchr-stub.o)
                0x08015b40                memchr
 .text._wcsrtombs_r
                0x08015bb4       0x20 /opt/devkitpro/devkitARM/lib/gcc/arm-none-eabi/15.2.0/../../../../arm-none-eabi/lib/thumb/libg.a(libc_a-wcsrtombs.o)
                0x08015bb4                _wcsrtombs_r
 .text._fclose_r
                0x08015bd4       0xe0 /opt/devkitpro/devkitARM/lib/gcc/arm-none-eabi/15.2.0/../../../../arm-none-eabi/lib/thumb/libg.a(libc_a-fclose.o)
                0x08015bd4                _fclose_r
 .text.__ssputs_r
                0x08015cb4       0xd4 /opt/devkitpro/devkitARM/lib/gcc/arm-none-eabi/15.2.0/../../../../arm-none-eabi/lib/thumb/libg.a(libc_a-ssputs_r.o)
                0x08015cb4                __ssputs_r
 .text.get_arg  0x08015d88      0x404 /opt/devkitpro/devkitARM/lib/gcc/arm-none-eabi/15.2.0/../../../../arm-none-eabi/lib/thumb/libg.a(libc_a-vfiprintf.o)
 .text._vfiprintf_r
                0x0801618c     0x16d8 /opt/devkitpro/devkitARM/lib/gcc/arm-none-eabi/15.2.0/../../../../arm-none-eabi/lib/thumb/libg.a(libc_a-vfiprintf.o)
                0x0801618c                _vfiprintf_r
 .text.__sbprintf
                0x08017864       0x7c /opt/devkitpro/devkitARM/lib/gcc/arm-none-eabi/15.2.0/../../../../arm-none-eabi/lib/thumb/libg.a(libc_a-vfiprintf.o)
 .text._wcsnrtombs_l
                0x080178e0      0x120 /opt/devkitpro/devkitARM/lib/gcc/arm-none-eabi/15.2.0/../../../../arm-none-eabi/lib/thumb/libg.a(libc_a-wcsnrtombs.o)
                0x080178e0                _wcsnrtombs_l
 .text._wcsnrtombs_r
                0x08017a00       0x40 /opt/devkitpro/devkitARM/lib/gcc/arm-none-eabi/15.2.0/../../../../arm-none-eabi/lib/thumb/libg.a(libc_a-wcsnrtombs.o)
                0x08017a00                _wcsnrtombs_r
 .text._fwalk_sglue
                0x08017a40       0x4c /opt/devkitpro/devkitARM/lib/gcc/arm-none-eabi/15.2.0/../../../../arm-none-eabi/lib/thumb/libg.a(libc_a-fwalk.o)
                0x08017a40                _fwalk_sglue
 .text._raise_r
                0x08017a8c       0x60 /opt/devkitpro/devkitARM/lib/gcc/arm-none-eabi/15.2.0/../../../../arm-none-eabi/lib/thumb/libg.a(libc_a-signal.o)
                0x08017a8c                _raise_r
 .text.raise    0x08017aec       0x14 /opt/devkitpro/devkitARM/lib/gcc/arm-none-eabi/15.2.0/../../../../arm-none-eabi/lib/thumb/libg.a(libc_a-signal.o)
                0x08017aec                raise
 .text.__sprint_r
                0x08017b00       0x24 /opt/devkitpro/devkitARM/lib/gcc/arm-none-eabi/15.2.0/../../../../arm-none-eabi/lib/thumb/libg.a(libc_a-sprint_r.o)
                0x08017b00                __sprint_r
 .text.__swsetup_r
                0x08017b24       0xd4 /opt/devkitpro/devkitARM/lib/gcc/arm-none-eabi/15.2.0/../../../../arm-none-eabi/lib/thumb/libg.a(libc_a-wsetup.o)
                0x08017b24                __swsetup_r
 .text.__sfvwrite_r
                0x08017bf8      0x31c /opt/devkitpro/devkitARM/lib/gcc/arm-none-eabi/15.2.0/../../../../arm-none-eabi/lib/thumb/libg.a(libc_a-fvwrite.o)
                0x08017bf8                __sfvwrite_r
 .text.__smakebuf_r
                0x08017f14       0xe0 /opt/devkitpro/devkitARM/lib/gcc/arm-none-eabi/15.2.0/../../../../arm-none-eabi/lib/thumb/libg.a(libc_a-makebuf.o)
                0x08017f14                __smakebuf_r
 .text._exit    0x08017ff4       0x14 /opt/devkitpro/devkitARM/lib/gcc/arm-none-eabi/15.2.0/../../../../arm-none-eabi/lib/thumb/libsysbase.a(libsysbase_libsysbase_a-_exit.o)
                0x08017ff4                _exit
 .text._fstat_r
                0x08018008       0x5c /opt/devkitpro/devkitARM/lib/gcc/arm-none-eabi/15.2.0/../../../../arm-none-eabi/lib/thumb/libsysbase.a(libsysbase_libsysbase_a-fstat.o)
                0x08018008                _fstat_r
 .text._getpid_r
                0x08018064        0xc /opt/devkitpro/devkitARM/lib/gcc/arm-none-eabi/15.2.0/../../../../arm-none-eabi/lib/thumb/libsysbase.a(libsysbase_libsysbase_a-getpid.o)
                0x08018064                _getpid_r
 .text.__getreent
                0x08018070       0x20 /opt/devkitpro/devkitARM/lib/gcc/arm-none-eabi/15.2.0/../../../../arm-none-eabi/lib/thumb/libsysbase.a(libsysbase_libsysbase_a-getreent.o)
                0x08018070                __getreent
 .text._gettimeofday_r
                0x08018090       0x20 /opt/devkitpro/devkitARM/lib/gcc/arm-none-eabi/15.2.0/../../../../arm-none-eabi/lib/thumb/libsysbase.a(libsysbase_libsysbase_a-gettod.o)
                0x08018090                _gettimeofday_r
 .text.__get_handle
                0x080180b0       0x34 /opt/devkitpro/devkitARM/lib/gcc/arm-none-eabi/15.2.0/../../../../arm-none-eabi/lib/thumb/libsysbase.a(libsysbase_libsysbase_a-handle_manager.o)
                0x080180b0                __get_handle
 .text._close_r
                0x080180e4       0xb0 /opt/devkitpro/devkitARM/lib/gcc/arm-none-eabi/15.2.0/../../../../arm-none-eabi/lib/thumb/libsysbase.a(libsysbase_libsysbase_a-handle_manager.o)
                0x080180e4                _close_r
 .text.null_write
                0x08018194        0x4 /opt/devkitpro/devkitARM/lib/gcc/arm-none-eabi/15.2.0/../../../../arm-none-eabi/lib/thumb/libsysbase.a(libsysbase_libsysbase_a-iosupport.o)
 .text._isatty_r
                0x08018198        0x4 /opt/devkitpro/devkitARM/lib/gcc/arm-none-eabi/15.2.0/../../../../arm-none-eabi/lib/thumb/libsysbase.a(libsysbase_libsysbase_a-isatty.o)
                0x08018198                _isatty_r
 .text._kill_r  0x0801819c        0xc /opt/devkitpro/devkitARM/lib/gcc/arm-none-eabi/15.2.0/../../../../arm-none-eabi/lib/thumb/libsysbase.a(libsysbase_libsysbase_a-kill.o)
                0x0801819c                _kill_r
 .text._lseek_r
                0x080181a8       0x64 /opt/devkitpro/devkitARM/lib/gcc/arm-none-eabi/15.2.0/../../../../arm-none-eabi/lib/thumb/libsysbase.a(libsysbase_libsysbase_a-lseek.o)
                0x080181a8                _lseek_r
 .text._read_r  0x0801820c       0x5c /opt/devkitpro/devkitARM/lib/gcc/arm-none-eabi/15.2.0/../../../../arm-none-eabi/lib/thumb/libsysbase.a(libsysbase_libsysbase_a-read.o)
                0x0801820c                _read_r
 .text._sbrk_r  0x08018268       0x50 /opt/devkitpro/devkitARM/lib/gcc/arm-none-eabi/15.2.0/../../../../arm-none-eabi/lib/thumb/libsysbase.a(libsysbase_libsysbase_a-sbrk.o)
                0x08018268                _sbrk_r
 .text.__libc_lock_acquire
                0x080182b8       0x18 /opt/devkitpro/devkitARM/lib/gcc/arm-none-eabi/15.2.0/../../../../arm-none-eabi/lib/thumb/libsysbase.a(libsysbase_libsysbase_a-syscall_support.o)
                0x080182b8                __libc_lock_acquire
 .text.__libc_lock_release
                0x080182d0       0x18 /opt/devkitpro/devkitARM/lib/gcc/arm-none-eabi/15.2.0/../../../../arm-none-eabi/lib/thumb/libsysbase.a(libsysbase_libsysbase_a-syscall_support.o)
                0x080182d0                __libc_lock_release
 .text.__libc_lock_acquire_recursive
                0x080182e8       0x18 /opt/devkitpro/devkitARM/lib/gcc/arm-none-eabi/15.2.0/../../../../arm-none-eabi/lib/thumb/libsysbase.a(libsysbase_libsysbase_a-syscall_support.o)
                0x080182e8                __libc_lock_acquire_recursive
 .text.__libc_lock_release_recursive
                0x08018300       0x18 /opt/devkitpro/devkitARM/lib/gcc/arm-none-eabi/15.2.0/../../../../arm-none-eabi/lib/thumb/libsysbase.a(libsysbase_libsysbase_a-syscall_support.o)
                0x08018300                __libc_lock_release_recursive
 .text._write_r
                0x08018318       0x5c /opt/devkitpro/devkitARM/lib/gcc/arm-none-eabi/15.2.0/../../../../arm-none-eabi/lib/thumb/libsysbase.a(libsysbase_libsysbase_a-write.o)
                0x08018318                _write_r
 .text          0x08018374      0x424 /opt/devkitpro/devkitARM/lib/gcc/arm-none-eabi/15.2.0/thumb/libgcc.a(_arm_addsubdf3.o)
                0x08018374                __aeabi_drsub
                0x0801837c                __subdf3
                0x0801837c                __aeabi_dsub
                0x08018380                __aeabi_dadd
                0x08018380                __adddf3
                0x08018690                __aeabi_ui2d
                0x08018690                __floatunsidf
                0x080186b4                __floatsidf
                0x080186b4                __aeabi_i2d
                0x080186dc                __extendsfdf2
                0x080186dc                __aeabi_f2d
                0x08018724                __aeabi_ul2d
                0x08018724                __floatundidf
                0x08018738                __aeabi_l2d
                0x08018738                __floatdidf
 .text          0x08018798      0x49c /opt/devkitpro/devkitARM/lib/gcc/arm-none-eabi/15.2.0/thumb/libgcc.a(_arm_muldivdf3.o)
                0x08018798                __aeabi_dmul
                0x08018798                __muldf3
                0x08018a28                __aeabi_ddiv
                0x08018a28                __divdf3
 .text          0x08018c34      0x144 /opt/devkitpro/devkitARM/lib/gcc/arm-none-eabi/15.2.0/thumb/libgcc.a(_arm_cmpdf2.o)
                0x08018c34                __gedf2
                0x08018c34                __gtdf2
                0x08018c3c                __ledf2
                0x08018c3c                __ltdf2
                0x08018c44                __cmpdf2
                0x08018c44                __eqdf2
                0x08018c44                __nedf2
                0x08018ccc                __aeabi_cdrcmple
                0x08018ce8                __aeabi_cdcmple
                0x08018ce8                __aeabi_cdcmpeq
                0x08018d00                __aeabi_dcmpeq
                0x08018d18                __aeabi_dcmplt
                0x08018d30                __aeabi_dcmple
                0x08018d48                __aeabi_dcmpge
                0x08018d60                __aeabi_dcmpgt
 .text          0x08018d78       0x38 /opt/devkitpro/devkitARM/lib/gcc/arm-none-eabi/15.2.0/thumb/libgcc.a(_arm_unorddf2.o)
                0x08018d78                __aeabi_dcmpun
                0x08018d78                __unorddf2
 .text          0x08018db0       0x5c /opt/devkitpro/devkitARM/lib/gcc/arm-none-eabi/15.2.0/thumb/libgcc.a(_arm_fixdfsi.o)
                0x08018db0                __fixdfsi
                0x08018db0                __aeabi_d2iz
 .text          0x08018e0c       0x3c /opt/devkitpro/devkitARM/lib/gcc/arm-none-eabi/15.2.0/thumb/libgcc.a(_aeabi_uldivmod.o)
                0x08018e0c                __aeabi_uldivmod
 .text.__stub   0x08018e48       0xbc linker stubs
 *(.gnu.linkonce.t.*)
 *(.text.*personality*)
 *(.gnu.warning)
 *(.glue_7t)
 .glue_7t       0x08018f04        0x0 linker stubs
 *(.glue_7)
 .glue_7        0x08018f04        0x0 linker stubs
 *(.vfp11_veneer)
 .vfp11_veneer  0x08018f04        0x0 linker stubs
                0x08018f04                        . = ALIGN (0x4)
                0x08018f10                        __text_end = .

.v4_bx          0x08018f10        0x0
 .v4_bx         0x08018f10        0x0 linker stubs

.iplt           0x08018f10        0x0
 .iplt          0x08018f10        0x0 /opt/devkitpro/devkitARM/lib/gcc/arm-none-eabi/15.2.0/../../../../arm-none-eabi/lib/thumb/gba_crt0.o

.fini           0x08018f10        0xc
 *(.fini)
 .fini          0x08018f10        0x4 /opt/devkitpro/devkitARM/lib/gcc/arm-none-eabi/15.2.0/thumb/crti.o
                0x08018f10                _fini
 .fini          0x08018f14        0x8 /opt/devkitpro/devkitARM/lib/gcc/arm-none-eabi/15.2.0/thumb/crtn.o
                0x08018f1c                        . = ALIGN (0x4)

.rodata         0x08018f20    0xd4e48
 *(.rodata)
 .rodata        0x08018f20       0x31 obj-ep3/src/game/worldmap.c.o
 .rodata        0x08018f51      0x1b8 obj-ep3/src/game/menus.c.o
 *fill*         0x08019109        0x1 ff
 .rodata        0x0801910a       0x6c obj-ep3/src/episodes/episode3.c.o
 *all.rodata*(*)
 *(.roda)
 *(.rodata.*)
 .rodata.CVort_main_loop.str1.1
                0x08019176     0x1d6c obj-ep3/src/game/gameplay.c.o
                                 0x2f (size before relaxing)
 .rodata.CVort_load_level_data.str1.1
                0x0801aee2        0x0 obj-ep3/src/game/gameplay.c.o
                                 0x11 (size before relaxing)
 .rodata.CVort_start_cheating.str1.1
                0x0801aee2        0x0 obj-ep3/src/game/gameplay.c.o
                                 0xa3 (size before relaxing)
 .rodata.CVort_handle_cheat_keys.str1.1
                0x0801aee2        0x0 obj-ep3/src/game/gameplay.c.o
                                 0x23 (size before relaxing)
 .rodata.CVort_main.str1.1
                0x0801aee2        0x0 obj-ep3/src/game/gameplay.c.o
                                0x159 (size before relaxing)
 .rodata.CVort_handle_quit.str1.1
                0x0801aee2        0x0 obj-ep3/src/game/gameplay.c.o
                                 0x28 (size before relaxing)
 .rodata.CVort_calibrate_joystick.str1.1
                0x0801aee2        0x0 obj-ep3/src/game/gameplay.c.o
                                 0xa5 (size before relaxing)
 .rodata.CVort_handle_global_keys.str1.1
                0x0801aee2        0x0 obj-ep3/src/game/gameplay.c.o
                                  0xd (size before relaxing)
 .rodata.CVort_game_over.str1.1
                0x0801aee2        0x0 obj-ep3/src/game/worldmap.c.o
                                 0x8a (size before relaxing)
 .rodata.CVort_show_keens_left.str1.1
                0x0801aee2        0x0 obj-ep3/src/game/worldmap.c.o
                                  0xe (size before relaxing)
 .rodata.CVort_draw_menu.str1.1
                0x0801aee2        0x0 obj-ep3/src/game/menus.c.o
                                 0xac (size before relaxing)
 .rodata.CVort_load_demo.str1.1
                0x0801aee2        0x0 obj-ep3/src/game/menus.c.o
                                 0x41 (size before relaxing)
 .rodata.CVort_save_demo.str1.1
                0x0801aee2        0x0 obj-ep3/src/game/menus.c.o
                                 0x37 (size before relaxing)
 .rodata.CVort_private_continue_game.str1.1
                0x0801aee2        0x0 obj-ep3/src/game/menus.c.o
                                 0x8d (size before relaxing)
 .rodata.CVort_demo_toggle_prepare_to_record.str1.1
                0x0801aee2        0x0 obj-ep3/src/game/menus.c.o
                                 0x2e (size before relaxing)
 .rodata.CVort_save_game.str1.1
                0x0801aee2        0x0 obj-ep3/src/game/menus.c.o
                                 0xf0 (size before relaxing)
 .rodata.CVort_load_and_process_text_file.str1.1
                0x0801aee2        0x0 obj-ep3/src/game/menus.c.o
                                 0x15 (size before relaxing)
 .rodata.CVort_draw_text_viewer_border.str1.1
                0x0801aee2        0x0 obj-ep3/src/game/menus.c.o
                                 0x25 (size before relaxing)
 .rodata.CVort_do_previews.str1.1
                0x0801aee2        0x0 obj-ep3/src/game/menus.c.o
                                 0x1a (size before relaxing)
 .rodata.CVort_save_high_scores_table.str1.1
                0x0801aee2        0x0 obj-ep3/src/game/menus.c.o
                                  0xa (size before relaxing)
 .rodata.CVort_init_ctrls.str1.1
                0x0801aee2        0x0 obj-ep3/src/game/ui.c.o
                                 0x23 (size before relaxing)
 .rodata.CVort_save_ctrls.str1.1
                0x0801aee2        0x0 obj-ep3/src/game/ui.c.o
                                 0x37 (size before relaxing)
 .rodata.CVort_handle_ctrl.str1.1
                0x0801aee2        0x0 obj-ep3/src/game/ui.c.o
                                 0x15 (size before relaxing)
 .rodata.CVort_draw_keyname.str1.1