Archive member included to satisfy reference by file (symbol)

/opt/devkitpro/libgba/lib/libgba.a(interrupt.o)
                              obj-ep1/src/platform/gba_main.c.o (irqInit)
/opt/devkitpro/libgba/lib/libgba.a(InterruptDispatcher.o)
                              /opt/devkitpro/libgba/lib/libgba.a(interrupt.o) (IntrMain)
/opt/devkitpro/devkitARM/lib/gcc/arm-none-eabi/15.2.0/thumb/libgcc.a(_thumb1_case_sqi.o)
                              obj-ep1/src/game/ui.c.o (__gnu_thumb1_case_sqi)
/opt/devkitpro/devkitARM/lib/gcc/arm-none-eabi/15.2.0/thumb/libgcc.a(_thumb1_case_uqi.o)
                              obj-ep1/src/game/gameplay.c.o (__gnu_thumb1_case_uqi)
/opt/devkitpro/devkitARM/lib/gcc/arm-none-eabi/15.2.0/thumb/libgcc.a(_thumb1_case_shi.o)
                              obj-ep1/src/game/gameplay.c.o (__gnu_thumb1_case_shi)
/opt/devkitpro/devkitARM/lib/gcc/arm-none-eabi/15.2.0/thumb/libgcc.a(_thumb1_case_uhi.o)
                              obj-ep1/src/game/worldmap.c.o (__gnu_thumb1_case_uhi)
/opt/devkitpro/devkitARM/lib/gcc/arm-none-eabi/15.2.0/thumb/libgcc.a(_udivsi3.o)
                              obj-ep1/src/engine/engine.c.o (__aeabi_uidiv)
/opt/devkitpro/devkitARM/lib/gcc/arm-none-eabi/15.2.0/thumb/libgcc.a(_divsi3.o)
                              obj-ep1/src/game/gameplay.c.o (__aeabi_idiv)
/opt/devkitpro/devkitARM/lib/gcc/arm-none-eabi/15.2.0/thumb/libgcc.a(_dvmd_tls.o)
                              /opt/devkitpro/devkitARM/lib/gcc/arm-none-eabi/15.2.0/thumb/libgcc.a(_udivsi3.o) (__aeabi_idiv0)
/opt/devkitpro/devkitARM/lib/gcc/arm-none-eabi/15.2.0/thumb/libgcc.a(_aeabi_ldivmod.o)
                              obj-ep1/src/engine/engine_loader.c.o (__aeabi_ldivmod)
/opt/devkitpro/devkitARM/lib/gcc/arm-none-eabi/15.2.0/thumb/libgcc.a(_sync_none.o)
                              (__sync_synchronize_none)
/opt/devkitpro/devkitARM/lib/gcc/arm-none-eabi/15.2.0/thumb/libgcc.a(_muldi3.o)
                              obj-ep1/src/engine/engine_timing.c.o (__aeabi_lmul)
/opt/devkitpro/devkitARM/lib/gcc/arm-none-eabi/15.2.0/thumb/libgcc.a(_udivmoddi4.o)
                              /opt/devkitpro/devkitARM/lib/gcc/arm-none-eabi/15.2.0/thumb/libgcc.a(_aeabi_ldivmod.o) (__udivmoddi4)
/opt/devkitpro/devkitARM/lib/gcc/arm-none-eabi/15.2.0/thumb/libgcc.a(_clzdi2.o)
                              /opt/devkitpro/devkitARM/lib/gcc/arm-none-eabi/15.2.0/thumb/libgcc.a(_udivmoddi4.o) (__clzdi2)
/opt/devkitpro/devkitARM/lib/gcc/arm-none-eabi/15.2.0/thumb/libgcc.a(_clzsi2.o)
                              /opt/devkitpro/devkitARM/lib/gcc/arm-none-eabi/15.2.0/thumb/libgcc.a(_clzdi2.o) (__clzsi2)
/opt/devkitpro/devkitARM/lib/gcc/arm-none-eabi/15.2.0/../../../../arm-none-eabi/lib/thumb/libg.a(libc_a-sscanf.o)
                              obj-ep1/src/engine/engine_config.c.o (sscanf)
/opt/devkitpro/devkitARM/lib/gcc/arm-none-eabi/15.2.0/../../../../arm-none-eabi/lib/thumb/libg.a(libc_a-strstr.o)
                              obj-ep1/src/engine/engine_config.c.o (strstr)
/opt/devkitpro/devkitARM/lib/gcc/arm-none-eabi/15.2.0/../../../../arm-none-eabi/lib/thumb/libg.a(libc_a-memcpy-stub.o)
                              obj-ep1/src/game/gameplay.c.o (memcpy)
/opt/devkitpro/devkitARM/lib/gcc/arm-none-eabi/15.2.0/../../../../arm-none-eabi/lib/thumb/libg.a(libc_a-strlen.o)
                              obj-ep1/src/game/ui.c.o (strlen)
/opt/devkitpro/devkitARM/lib/gcc/arm-none-eabi/15.2.0/../../../../arm-none-eabi/lib/thumb/libg.a(libc_a-svfscanf.o)
                              /opt/devkitpro/devkitARM/lib/gcc/arm-none-eabi/15.2.0/../../../../arm-none-eabi/lib/thumb/libg.a(libc_a-sscanf.o) (__ssvfscanf_r)
/opt/devkitpro/devkitARM/lib/gcc/arm-none-eabi/15.2.0/../../../../arm-none-eabi/lib/thumb/libg.a(libc_a-strtod.o)
                              /opt/devkitpro/devkitARM/lib/gcc/arm-none-eabi/15.2.0/../../../../arm-none-eabi/lib/thumb/libg.a(libc_a-svfscanf.o) (_strtod_r)
/opt/devkitpro/devkitARM/lib/gcc/arm-none-eabi/15.2.0/../../../../arm-none-eabi/lib/thumb/libg.a(libc_a-strtoull.o)
                              /opt/devkitpro/devkitARM/lib/gcc/arm-none-eabi/15.2.0/../../../../arm-none-eabi/lib/thumb/libg.a(libc_a-svfscanf.o) (_strtoull_r)
/opt/devkitpro/devkitARM/lib/gcc/arm-none-eabi/15.2.0/../../../../arm-none-eabi/lib/thumb/libg.a(libc_a-gdtoa-gethex.o)
                              /opt/devkitpro/devkitARM/lib/gcc/arm-none-eabi/15.2.0/../../../../arm-none-eabi/lib/thumb/libg.a(libc_a-strtod.o) (__gethex)
/opt/devkitpro/devkitARM/lib/gcc/arm-none-eabi/15.2.0/../../../../arm-none-eabi/lib/thumb/libg.a(libc_a-snprintf.o)
                              obj-ep1/src/game/gameplay.c.o (snprintf)
/opt/devkitpro/devkitARM/lib/gcc/arm-none-eabi/15.2.0/../../../../arm-none-eabi/lib/thumb/libg.a(libc_a-strtoul.o)
                              /opt/devkitpro/devkitARM/lib/gcc/arm-none-eabi/15.2.0/../../../../arm-none-eabi/lib/thumb/libg.a(libc_a-svfscanf.o) (_strtoul_r)
[...]
Memory Configuration

Name             Origin             Length             Attributes
rom              0x08000000         0x02000000
iwram            0x03000000         0x00008000
ewram            0x02000000         0x00040000
*default*        0x00000000         0xffffffff

Linker script and memory map

                0x00000000                        __sync_synchronize = __sync_synchronize_none
                0x08000000                        __text_start = ORIGIN (rom)
                0x02040000                        __eheap_end = (ORIGIN (ewram) + LENGTH (ewram))
                0x03000000                        __iwram_start = ORIGIN (iwram)
                0x03008000                        __iwram_top = (ORIGIN (iwram) + LENGTH (iwram))
                0x03007fa0                        __sp_irq = (__iwram_top - 0x60)
                0x03007f00                        __sp_usr = (__sp_irq - 0xa0)
                0x03007ff8                        __irq_flags = 0x3007ff8
                0x08000000                        . = __text_start

.crt0           0x08000000      0x210
 *(.crt0)
 .crt0          0x08000000      0x210 /opt/devkitpro/devkitARM/lib/gcc/arm-none-eabi/15.2.0/../../../../arm-none-eabi/lib/thumb/gba_crt0.o
                0x08000000                _start
                0x080000c4                __boot_method
                0x080000c5                __slave_number
                0x080000e0                start_vector
                0x08000210                        . = ALIGN (0x4)

.init           0x08000210        0xc
 *(SORT_NONE(.init))
 .init          0x08000210        0x4 /opt/devkitpro/devkitARM/lib/gcc/arm-none-eabi/15.2.0/thumb/crti.o
                0x08000210                _init
 .init          0x08000214        0x8 /opt/devkitpro/devkitARM/lib/gcc/arm-none-eabi/15.2.0/thumb/crtn.o

.plt            0x0800021c        0x0
 *(.plt)
                0x0800021c                        . = ALIGN (0x4)

.text           0x08000220    0x18220
 *(EXCLUDE_FILE(*.iwram*) .text*)
 .text.__do_global_dtors_aux
                0x08000220       0x2c /opt/devkitpro/devkitARM/lib/gcc/arm-none-eabi/15.2.0/thumb/crtbegin.o
 .text.frame_dummy
                0x0800024c       0x24 /opt/devkitpro/devkitARM/lib/gcc/arm-none-eabi/15.2.0/thumb/crtbegin.o
 .text.CVort_init_rnd.part.0
                0x08000270       0x1c obj-ep1/src/game/gameplay.c.o
 .text.CVort_add_sprite
                0x0800028c       0x60 obj-ep1/src/game/gameplay.c.o
                0x0800028c                CVort_add_sprite
 .text.CVort_add_body
                0x080002ec       0x68 obj-ep1/src/game/gameplay.c.o
                0x080002ec                CVort_add_body
 .text.CVort_main_loop
                0x08000354      0x11c obj-ep1/src/game/gameplay.c.o
                0x08000354                CVort_main_loop
 .text.CVort_update_sprite_hitbox
                0x08000470       0xac obj-ep1/src/game/gameplay.c.o
                0x08000470                CVort_update_sprite_hitbox
 .text.run_sprite_think
                0x0800051c       0x54 obj-ep1/src/game/gameplay.c.o
 .text.CVort_update_sprite_hitbox_wmap
                0x08000570       0x84 obj-ep1/src/game/gameplay.c.o
                0x08000570                CVort_update_sprite_hitbox_wmap
 .text.CVort_waitForNoGameButtonPress
                0x080005f4       0x2e obj-ep1/src/game/gameplay.c.o
                0x080005f4                CVort_waitForNoGameButtonPress
 .text.CVort_has_any_ack_press
                0x08000622       0x2e obj-ep1/src/game/gameplay.c.o
                0x08000622                CVort_has_any_ack_press
 .text.CVort_add_score
                0x08000650       0x48 obj-ep1/src/game/gameplay.c.o
                0x08000650                CVort_add_score
 .text.CVort_load_level_data
                0x08000698      0x118 obj-ep1/src/game/gameplay.c.o
                0x08000698                CVort_load_level_data
 .text.CVort_clear_keys
                0x080007b0       0x28 obj-ep1/src/game/gameplay.c.o
                0x080007b0                CVort_clear_keys
 .text.CVort_start_cheating
                0x080007d8       0xb4 obj-ep1/src/game/gameplay.c.o
                0x080007d8                CVort_start_cheating
 .text.CVort_handle_cheat_keys
                0x0800088c       0xc0 obj-ep1/src/game/gameplay.c.o
                0x0800088c                CVort_handle_cheat_keys
 .text.CVort_get_random
                0x0800094c       0x1c obj-ep1/src/game/gameplay.c.o
                0x0800094c                CVort_get_random
 .text.CVort_filelength
                0x08000968       0x22 obj-ep1/src/game/gameplay.c.o
                0x08000968                CVort_filelength
 *fill*         0x0800098a        0x2 ff
 .text.CVort_calc_jump_height
                0x0800098c       0x88 obj-ep1/src/game/gameplay.c.o
                0x0800098c                CVort_calc_jump_height
 .text.CVort_setup_jump_heights
                0x08000a14       0x5c obj-ep1/src/game/gameplay.c.o
                0x08000a14                CVort_setup_jump_heights
 .text.CVort_main
                0x08000a70      0x240 obj-ep1/src/game/gameplay.c.o
                0x08000a70                CVort_main
 .text.CVort_chg_vid_and_error
                0x08000cb0       0x3c obj-ep1/src/game/gameplay.c.o
                0x08000cb0                CVort_chg_vid_and_error
 .text.CVort_handle_quit
                0x08000cec       0x88 obj-ep1/src/game/gameplay.c.o
                0x08000cec                CVort_handle_quit
 .text.CVort_calibrate_joystick
                0x08000d74      0x1ec obj-ep1/src/game/gameplay.c.o
                0x08000d74                CVort_calibrate_joystick
 .text.CVort_handle_global_keys
                0x08000f60      0x148 obj-ep1/src/game/gameplay.c.o
                0x08000f60                CVort_handle_global_keys
 .text.CVort_draw_level
                0x080010a8      0x44c obj-ep1/src/game/gameplay.c.o
                0x080010a8                CVort_draw_level
 .text.CVort_mark_cities_done
                0x080014f4      0x108 obj-ep1/src/game/worldmap.c.o
                0x080014f4                CVort_mark_cities_done
 .text.CVort_erase_parents_text
                0x080015fc       0x30 obj-ep1/src/game/worldmap.c.o
                0x080015fc                CVort_erase_parents_text
 .text.CVort_draw_string_finale
                0x0800162c       0x28 obj-ep1/src/game/worldmap.c.o
                0x0800162c                CVort_draw_string_finale
 .text.CVort_game_over
                0x08001654      0x3f8 obj-ep1/src/game/worldmap.c.o
                0x08001654                CVort_game_over
 .text.CVort_show_keens_left
                0x08001a4c       0x80 obj-ep1/src/game/worldmap.c.o
                0x08001a4c                CVort_show_keens_left
 .text.CVort_place_keen_on_worldmap
                0x08001acc       0x64 obj-ep1/src/game/worldmap.c.o
                0x08001acc                CVort_place_keen_on_worldmap
 .text.CVort_check_world_map_col
                0x08001b30      0x354 obj-ep1/src/game/worldmap.c.o
                0x08001b30                CVort_check_world_map_col
 .text.CVort_move_worldmap
                0x08001e84      0x41c obj-ep1/src/game/worldmap.c.o
                0x08001e84                CVort_move_worldmap
 .text.CVort_draw_worldmap
                0x080022a0      0x4cc obj-ep1/src/game/worldmap.c.o
                0x080022a0                CVort_draw_worldmap
 .text.CVort_draw_menu
                0x0800276c       0xd4 obj-ep1/src/game/menus.c.o
                0x0800276c                CVort_draw_menu
 .text.CVort_draw_mural
                0x08002840       0x2c obj-ep1/src/game/menus.c.o
                0x08002840                CVort_draw_mural
 .text.CVort_show_logo_text
                0x0800286c       0x8c obj-ep1/src/game/menus.c.o
                0x0800286c                CVort_show_logo_text
 .text.CVort_draw_apogee
                0x080028f8       0x30 obj-ep1/src/game/menus.c.o
                0x080028f8                CVort_draw_apogee
 .text.CVort_record_demo
                0x08002928       0x24 obj-ep1/src/game/menus.c.o
                0x08002928                CVort_record_demo
 .text.CVort_load_demo
                0x0800294c       0x8c obj-ep1/src/game/menus.c.o
                0x0800294c                CVort_load_demo
 .text.CVort_save_demo
                0x080029d8       0x80 obj-ep1/src/game/menus.c.o
                0x080029d8                CVort_save_demo
 .text.CVort_do_draw_mural
                0x08002a58       0x2c obj-ep1/src/game/menus.c.o
                0x08002a58                CVort_do_draw_mural
 .text.CVort_do_start_menu
                0x08002a84       0x3c obj-ep1/src/game/menus.c.o
                0x08002a84                CVort_do_start_menu
 .text.CVort_do_about_us
                0x08002ac0       0x30 obj-ep1/src/game/menus.c.o
                0x08002ac0                CVort_do_about_us
 .text.CVort_show_about_us
                0x08002af0       0x64 obj-ep1/src/game/menus.c.o
                0x08002af0                CVort_show_about_us
 .text.CVort_do_scores
                0x08002b54       0x44 obj-ep1/src/game/menus.c.o
                0x08002b54                CVort_do_scores
 .text.CVort_show_scores
                0x08002b98       0x44 obj-ep1/src/game/menus.c.o
                0x08002b98                CVort_show_scores
 .text.CVort_private_continue_game
                0x08002bdc      0x1dc obj-ep1/src/game/menus.c.o
                0x08002bdc                CVort_private_continue_game
 .text.CVort_demo_toggle_reset_player_partial_state_before
                0x08002db8       0x20 obj-ep1/src/game/menus.c.o
                0x08002db8                CVort_demo_toggle_reset_player_partial_state_before
 .text.CVort_demo_toggle_reset_player_partial_state_after
                0x08002dd8       0x70 obj-ep1/src/game/menus.c.o
                0x08002dd8                CVort_demo_toggle_reset_player_partial_state_after
 .text.CVort_demo_toggle_prepare_to_record
                0x08002e48       0xb8 obj-ep1/src/game/menus.c.o
                0x08002e48                CVort_demo_toggle_prepare_to_record
 .text.CVort_scroll_up_logo
                0x08002f00       0xc0 obj-ep1/src/game/menus.c.o
                0x08002f00                CVort_scroll_up_logo
 .text.CVort_draw_string_80
                0x08002fc0       0x54 obj-ep1/src/game/menus.c.o
                0x08002fc0                CVort_draw_string_80
 .text.CVort_draw_about_us
                0x08003014       0x58 obj-ep1/src/game/menus.c.o
                0x08003014                CVort_draw_about_us
 .text.CVort_draw_string_sel
                0x0800306c       0x34 obj-ep1/src/game/menus.c.o
                0x0800306c                CVort_draw_string_sel
 .text.CVort_wait_for_key
                0x080030a0       0x80 obj-ep1/src/game/menus.c.o
                0x080030a0                CVort_wait_for_key
 .text.CVort_save_game
                0x08003120      0x260 obj-ep1/src/game/menus.c.o
                0x08003120                CVort_save_game
 .text.CVort_process_text_file
                0x08003380       0x68 obj-ep1/src/game/menus.c.o
                0x08003380                CVort_process_text_file
 .text.CVort_load_and_process_text_file
                0x080033e8       0x30 obj-ep1/src/game/menus.c.o
                0x080033e8                CVort_load_and_process_text_file
 .text.CVort_draw_text_page
                0x08003418       0xe0 obj-ep1/src/game/menus.c.o
                0x08003418                CVort_draw_text_page
 .text.CVort_do_text_viewer_short
                0x080034f8       0x70 obj-ep1/src/game/menus.c.o
                0x080034f8                CVort_do_text_viewer_short
 .text.CVort_text_viewer_bkgrd
                0x08003568       0xd0 obj-ep1/src/game/menus.c.o
                0x08003568                CVort_text_viewer_bkgrd
 .text.CVort_draw_text_viewer_border
                0x08003638       0xc0 obj-ep1/src/game/menus.c.o
                0x08003638                CVort_draw_text_viewer_border
 .text.CVort_do_text_viewer
                0x080036f8      0x240 obj-ep1/src/game/menus.c.o
                0x080036f8                CVort_do_text_viewer
 .text.CVort_do_previews
                0x08003938       0x88 obj-ep1/src/game/menus.c.o
                0x08003938                CVort_do_previews
 .text.CVort_do_story
                0x080039c0       0x44 obj-ep1/src/game/menus.c.o
                0x080039c0                CVort_do_story
 .text.CVort_draw_title
                0x08003a04      0x300 obj-ep1/src/game/menus.c.o
                0x08003a04                CVort_draw_title
 .text.CVort_do_intro_and_menu
                0x08003d04      0x334 obj-ep1/src/game/menus.c.o
                0x08003d04                CVort_do_intro_and_menu
 .text.CVort_do_help
                0x08004038       0x38 obj-ep1/src/game/menus.c.o
                0x08004038                CVort_do_help
 .text.CVort_save_high_scores_table
                0x08004070      0x114 obj-ep1/src/game/menus.c.o
                0x08004070                CVort_save_high_scores_table
 .text.CVort_load_high_scores_table
                0x08004184      0x16c obj-ep1/src/game/menus.c.o
                0x08004184                CVort_load_high_scores_table
 .text.CVort_translate_key.part.0
                0x080042f0       0x40 obj-ep1/src/game/ui.c.o
 .text.CVort_init_ctrls
                0x08004330      0x244 obj-ep1/src/game/ui.c.o
                0x08004330                CVort_init_ctrls
 .text.CVort_save_ctrls
                0x08004574      0x1a4 obj-ep1/src/game/ui.c.o
                0x08004574                CVort_save_ctrls
 .text.CVort_handle_ctrl
                0x08004718       0xe8 obj-ep1/src/game/ui.c.o
                0x08004718                CVort_handle_ctrl
 .text.CVort_translate_key
                0x08004800       0x44 obj-ep1/src/game/ui.c.o
                0x08004800                CVort_translate_key
 .text.CVort_draw_box2
                0x08004844      0x104 obj-ep1/src/game/ui.c.o
                0x08004844                CVort_draw_box2
 .text.CVort_draw_box
                0x08004948       0x40 obj-ep1/src/game/ui.c.o
                0x08004948                CVort_draw_box
 .text.CVort_draw_char_rectangle
                0x08004988       0x46 obj-ep1/src/game/ui.c.o
                0x08004988                CVort_draw_char_rectangle
 .text.CVort_draw_box_opening_horiz
                0x080049ce       0x28 obj-ep1/src/game/ui.c.o
                0x080049ce                CVort_draw_box_opening_horiz
 .text.CVort_draw_box_opening_vert
                0x080049f6       0x28 obj-ep1/src/game/ui.c.o
                0x080049f6                CVort_draw_box_opening_vert
 .text.CVort_draw_box_opening_main
                0x08004a1e       0x48 obj-ep1/src/game/ui.c.o
                0x08004a1e                CVort_draw_box_opening_main
 *fill*         0x08004a66        0x2 ff
 .text.CVort_read_char_with_echo
                0x08004a68       0x6c obj-ep1/src/game/ui.c.o
                0x08004a68                CVort_read_char_with_echo
 .text.CVort_isWaitingForCharInput
                0x08004ad4       0x10 obj-ep1/src/game/ui.c.o
                0x08004ad4                CVort_isWaitingForCharInput
 .text.CVort_draw_string
                0x08004ae4       0x50 obj-ep1/src/game/ui.c.o
                0x08004ae4                CVort_draw_string
 .text.CVort_draw_keyname
                0x08004b34      0x160 obj-ep1/src/game/ui.c.o
                0x08004b34                CVort_draw_keyname
 .text.CVort_handle_redef_keys
                0x08004c94      0x1ac obj-ep1/src/game/ui.c.o
                0x08004c94                CVort_handle_redef_keys
 .text.CVort_draw_number_word
                0x08004e40       0x24 obj-ep1/src/game/ui.c.o
                0x08004e40                CVort_draw_number_word
 .text.CVort_draw_stringz
                0x08004e64       0x2c obj-ep1/src/game/ui.c.o
                0x08004e64                CVort_draw_stringz
 .text.CVort_get_string_input
                0x08004e90       0xa8 obj-ep1/src/game/ui.c.o
                0x08004e90                CVort_get_string_input
 .text.CVort_fade_in
                0x08004f38       0x34 obj-ep1/src/game/ui.c.o
                0x08004f38                CVort_fade_in
 .text.CVort_fade_out
                0x08004f6c       0x40 obj-ep1/src/game/ui.c.o
                0x08004f6c                CVort_fade_out
 .text.CVort_lights_on
                0x08004fac       0x24 obj-ep1/src/game/ui.c.o
                0x08004fac                CVort_lights_on
 .text.CVort_lights_out
                0x08004fd0       0x24 obj-ep1/src/game/ui.c.o
                0x08004fd0                CVort_lights_out
 .text.CVort_toggle_switch
                0x08004ff4      0x21c obj-ep1/src/game/ui.c.o
                0x08004ff4                CVort_toggle_switch
 .text.CVort_body_nop
                0x08005210        0x2 obj-ep1/src/game/physics.c.o
                0x08005210                CVort_body_nop
 *fill*         0x08005212        0x2 ff
 .text.CVort_body_slide_door
                0x08005214       0x78 obj-ep1/src/game/physics.c.o
                0x08005214                CVort_body_slide_door
 .text.CVort_think_contact_nop
                0x0800528c        0x2 obj-ep1/src/game/physics.c.o
                0x0800528c                CVort_think_contact_nop
 *fill*         0x0800528e        0x2 ff
 .text.CVort_body_border_flash
                0x08005290       0x50 obj-ep1/src/game/physics.c.o
                0x08005290                CVort_body_border_flash
 .text.CVort_body_bridge_extend
                0x080052e0       0x70 obj-ep1/src/game/physics.c.o
                0x080052e0                CVort_body_bridge_extend
 .text.CVort_body_bridge_retract
                0x08005350       0x70 obj-ep1/src/game/physics.c.o
                0x08005350                CVort_body_bridge_retract
 .text.CVort_contact_nop
                0x080053c0        0x2 obj-ep1/src/game/physics.c.o
                0x080053c0                CVort_contact_nop
 .text.CVort_think_nop
                0x080053c2        0x2 obj-ep1/src/game/physics.c.o
                0x080053c2                CVort_think_nop
 .text.CVort_think_remove_sprite
                0x080053c4       0x10 obj-ep1/src/game/physics.c.o
                0x080053c4                CVort_think_remove_sprite
 .text.CVort_default_think
                0x080053d4       0x14 obj-ep1/src/game/physics.c.o
                0x080053d4                CVort_default_think
 .text.CVort_default_contact
                0x080053e8       0x14 obj-ep1/src/game/physics.c.o
                0x080053e8                CVort_default_contact
 .text.CVort_kill_keen
                0x080053fc       0x40 obj-ep1/src/game/physics.c.o
                0x080053fc                CVort_kill_keen
 .text.CVort_kill_keen_temp
                0x0800543c       0x54 obj-ep1/src/game/physics.c.o
                0x0800543c                CVort_kill_keen_temp
 .text.CVort_move_left_right
                0x08005490       0x78 obj-ep1/src/game/physics.c.o
                0x08005490                CVort_move_left_right
 .text.CVort_pogo_jump
                0x08005508       0x74 obj-ep1/src/game/physics.c.o
                0x08005508                CVort_pogo_jump
 .text.CVort_check_ceiling
                0x0800557c       0x94 obj-ep1/src/game/physics.c.o
                0x0800557c                CVort_check_ceiling
 .text.CVort_open_door
                0x08005610      0x108 obj-ep1/src/game/physics.c.o
                0x08005610                CVort_open_door
 .text.CVort_do_fall
                0x08005718       0x7c obj-ep1/src/game/physics.c.o
                0x08005718                CVort_do_fall
 .text.CVort_check_ground
                0x08005794      0x2e8 obj-ep1/src/game/physics.c.o
                0x08005794                CVort_check_ground
 .text.CVort_compute_sprite_delta
                0x08005a7c       0x48 obj-ep1/src/game/physics.c.o
                0x08005a7c                CVort_compute_sprite_delta
 .text.CVort_think_dead_sprite
                0x08005ac4       0x24 obj-ep1/src/game/physics.c.o
                0x08005ac4                CVort_think_dead_sprite
 .text.CVort_think_kill_sprite
                0x08005ae8       0x90 obj-ep1/src/game/physics.c.o
                0x08005ae8                CVort_think_kill_sprite
 .text.CVort_do_scrolling
                0x08005b78       0xf0 obj-ep1/src/game/physics.c.o
                0x08005b78                CVort_do_scrolling
 .text.CVort_sprite_active_screen
                0x08005c68       0xb8 obj-ep1/src/game/physics.c.o
                0x08005c68                CVort_sprite_active_screen
 .text.CVort_detect_sprite_col
                0x08005d20       0x3c obj-ep1/src/game/physics.c.o
                0x08005d20                CVort_detect_sprite_col
 .text.CVort_keen_bgtile_col
                0x08005d5c      0x2e8 obj-ep1/src/game/physics.c.o
                0x08005d5c                CVort_keen_bgtile_col
 .text.CVort_think_zapzot
                0x08006044       0x4c obj-ep1/src/game/enemies.c.o
                0x08006044                CVort_think_zapzot
 .text.CVort_contact_tankshot
                0x08006090       0x7c obj-ep1/src/game/enemies.c.o
                0x08006090                CVort_contact_tankshot
 .text.CVort_think_vorticon_walk
                0x0800610c      0x100 obj-ep1/src/game/enemies.c.o
                0x0800610c                CVort_think_vorticon_walk
 .text.CVort_think_vorticon_jump
                0x0800620c       0x78 obj-ep1/src/game/enemies.c.o
                0x0800620c                CVort_think_vorticon_jump
 .text.CVort_think_vorticon_search
                0x08006284       0x90 obj-ep1/src/game/enemies.c.o
                0x08006284                CVort_think_vorticon_search
 .text.CVort_think_keen_pogo_ground
                0x08006314       0xe4 obj-ep1/src/game/enemies.c.o
                0x08006314                CVort_think_keen_pogo_ground
 .text.CVort_contact_vorticon
                0x080063f8       0xa4 obj-ep1/src/game/enemies.c.o
                0x080063f8                CVort_contact_vorticon
 .text.CVort_think_keen_jump_ground
                0x0800649c      0x140 obj-ep1/src/game/enemies.c.o
                0x0800649c                CVort_think_keen_jump_ground
 .text.CVort_think_keen_ground
                0x080065dc      0x354 obj-ep1/src/game/enemies.c.o
                0x080065dc                CVort_think_keen_ground
 .text.CVort_think_keen_jump_air
                0x08006930      0x198 obj-ep1/src/game/enemies.c.o
                0x08006930                CVort_think_keen_jump_air
 .text.CVort_think_keen_pogo_air
                0x08006ac8      0x1b4 obj-ep1/src/game/enemies.c.o
                0x08006ac8                CVort_think_keen_pogo_air
 .text.CVort_contact_keengun
                0x08006c7c       0x60 obj-ep1/src/game/enemies.c.o
                0x08006c7c                CVort_contact_keengun
 .text.CVort_think_keengun
                0x08006cdc       0x74 obj-ep1/src/game/enemies.c.o
                0x08006cdc                CVort_think_keengun
 .text.CVort_add_sprite_vorticon
                0x08006d50       0x80 obj-ep1/src/game/enemies.c.o
                0x08006d50                CVort_add_sprite_vorticon
 .text.CVort_add_sprite_tankshot
                0x08006dd0      0x144 obj-ep1/src/game/enemies.c.o
                0x08006dd0                CVort_add_sprite_tankshot
 .text.CVort_add_sprite_keengun
                0x08006f14      0x13c obj-ep1/src/game/enemies.c.o
                0x08006f14                CVort_add_sprite_keengun
 .text.CVort_think_keen_shoot
                0x08007050       0xd4 obj-ep1/src/game/enemies.c.o
                0x08007050                CVort_think_keen_shoot
 .text.CVort_think_keen_exit
                0x08007124       0xdc obj-ep1/src/game/enemies.c.o
                0x08007124                CVort_think_keen_exit
 .text.CVort_think_keen_death
                0x08007200       0xa8 obj-ep1/src/game/enemies.c.o
                0x08007200                CVort_think_keen_death
 .text.gba_updateEgaNonBlinkingTxtNonPalRect
                0x080072a8        0x2 obj-ep1/src/render/gfx_gba.c.o
 .text.rgb888_to_bgr555
                0x080072aa       0x16 obj-ep1/src/render/gfx_gba.c.o
 .text.gba_decodeTile
                0x080072c0      0x100 obj-ep1/src/render/gfx_gba.c.o
 .text.gba_ensureMode4.part.0
                0x080073c0       0x4c obj-ep1/src/render/gfx_gba.c.o
 .text.CVort_engine_updateActualDisplay
                0x0800740c      0x12c obj-ep1/src/render/gfx_gba.c.o
                0x0800740c                CVort_engine_updateActualDisplay
 .text.CVort_engine_reactToWindowResize
                0x08007538        0x2 obj-ep1/src/render/gfx_gba.c.o
                0x08007538                CVort_engine_reactToWindowResize
 .text.CVort_engine_handleWindowSideChange
                0x0800753a        0x2 obj-ep1/src/render/gfx_gba.c.o
                0x0800753a                CVort_engine_handleWindowSideChange
 .text.CVort_engine_prepareScreen
                0x0800753c       0xe0 obj-ep1/src/render/gfx_gba.c.o
                0x0800753c                CVort_engine_prepareScreen
 .text.CVort_engine_resetWindow
                0x0800761c        0xe obj-ep1/src/render/gfx_gba.c.o
                0x0800761c                CVort_engine_resetWindow
 *fill*         0x0800762a        0x2 ff
 .text.CVort_engine_setVideoMode
                0x0800762c       0x38 obj-ep1/src/render/gfx_gba.c.o
                0x0800762c                CVort_engine_setVideoMode
 .text.CVort_engine_copyToTxtMemory
                0x08007664       0x18 obj-ep1/src/render/gfx_gba.c.o
                0x08007664                CVort_engine_copyToTxtMemory
 .text.CVort_engine_drawChar
                0x0800767c       0x70 obj-ep1/src/render/gfx_gba.c.o
                0x0800767c                CVort_engine_drawChar
 .text.CVort_engine_drawSprite
                0x080076ec       0xd4 obj-ep1/src/render/gfx_gba.c.o
                0x080076ec                CVort_engine_drawSprite
 .text.CVort_engine_drawTile
                0x080077c0       0x54 obj-ep1/src/render/gfx_gba.c.o
                0x080077c0                CVort_engine_drawTile
 .text.CVort_engine_drawBitmap
                0x08007814      0x160 obj-ep1/src/render/gfx_gba.c.o
                0x08007814                CVort_engine_drawBitmap
 .text.CVort_engine_drawSpriteAt
                0x08007974       0xc0 obj-ep1/src/render/gfx_gba.c.o
                0x08007974                CVort_engine_drawSpriteAt
 .text.CVort_engine_drawTileAt
                0x08007a34       0xb4 obj-ep1/src/render/gfx_gba.c.o
                0x08007a34                CVort_engine_drawTileAt
 .text.CVort_engine_clearOverlay
                0x08007ae8       0x1c obj-ep1/src/render/gfx_gba.c.o
                0x08007ae8                CVort_engine_clearOverlay
 .text.CVort_engine_syncDrawing
                0x08007b04       0x94 obj-ep1/src/render/gfx_gba.c.o
                0x08007b04                CVort_engine_syncDrawing
 .text.CVort_engine_adaptiveTileRefresh
                0x08007b98       0xd8 obj-ep1/src/render/gfx_gba.c.o
                0x08007b98                CVort_engine_adaptiveTileRefresh
 .text.CVort_engine_doDrawing
                0x08007c70       0xfc obj-ep1/src/render/gfx_gba.c.o
                0x08007c70                CVort_engine_doDrawing
 .text.CVort_engine_drawScreen
                0x08007d6c       0x1c obj-ep1/src/render/gfx_gba.c.o
                0x08007d6c                CVort_engine_drawScreen
 .text.CVort_engine_scrollText
                0x08007d88        0x2 obj-ep1/src/render/gfx_gba.c.o
                0x08007d88                CVort_engine_scrollText
 *fill*         0x08007d8a        0x2 ff
 .text.CVort_engine_setBorderColor
                0x08007d8c       0x30 obj-ep1/src/render/gfx_gba.c.o
                0x08007d8c                CVort_engine_setBorderColor
 .text.CVort_engine_decompGraphics
                0x08007dbc      0x2f4 obj-ep1/src/render/gfx_gba.c.o
                0x08007dbc                CVort_engine_decompGraphics
 .text.CVort_engine_gotoXY
                0x080080b0       0x34 obj-ep1/src/render/gfx_gba.c.o
                0x080080b0                CVort_engine_gotoXY
 .text.CVort_engine_setPaletteAndBorderColor
                0x080080e4       0x50 obj-ep1/src/render/gfx_gba.c.o
                0x080080e4                CVort_engine_setPaletteAndBorderColor
 .text.CVort_engine_showImageFile
                0x08008134       0x20 obj-ep1/src/render/gfx_gba.c.o
                0x08008134                CVort_engine_showImageFile
 .text.clear_keys_and_check_for_quit
                0x08008154       0x48 obj-ep1/src/engine/engine.c.o
 .text.check_for_user_input_and_quit
                0x0800819c       0x70 obj-ep1/src/engine/engine.c.o
 .text.CVort_engine_parseCalculatedEngineArguments
                0x0800820c      0x128 obj-ep1/src/engine/engine.c.o
                0x0800820c                CVort_engine_parseCalculatedEngineArguments
 .text.CVort_engine_shutdownSDL
                0x08008334       0x10 obj-ep1/src/engine/engine.c.o
                0x08008334                CVort_engine_shutdownSDL
 .text.CVort_engine_shutdown
                0x08008344       0x14 obj-ep1/src/engine/engine.c.o
                0x08008344                CVort_engine_shutdown
 .text.CVort_engine_handleQuit
                0x08008358       0x28 obj-ep1/src/engine/engine.c.o
                0x08008358                CVort_engine_handleQuit
 .text.CVort_engine_isJoystickInUse
                0x08008380        0x4 obj-ep1/src/engine/engine.c.o
                0x08008380                CVort_engine_isJoystickInUse
 .text.CVort_engine_toggleCursorLock
                0x08008384       0x1c obj-ep1/src/engine/engine.c.o
                0x08008384                CVort_engine_toggleCursorLock
 .text.CVort_engine_pollJoystick
                0x080083a0       0x1c obj-ep1/src/engine/engine.c.o
                0x080083a0                CVort_engine_pollJoystick
 .text.CVort_engine_getKeybCtrlState
                0x080083bc       0xc0 obj-ep1/src/engine/engine.c.o
                0x080083bc                CVort_engine_getKeybCtrlState
 .text.CVort_engine_getMouseCtrl
                0x0800847c       0x9c obj-ep1/src/engine/engine.c.o
                0x0800847c                CVort_engine_getMouseCtrl
 .text.CVort_engine_getJoystickCtrl
                0x08008518      0x108 obj-ep1/src/engine/engine.c.o
                0x08008518                CVort_engine_getJoystickCtrl
 .text.CVort_engine_cross_logMessage
                0x08008620       0x4c obj-ep1/src/engine/engine.c.o
                0x08008620                CVort_engine_cross_logMessage
 .text.CVort_engine_start
                0x0800866c       0x74 obj-ep1/src/engine/engine.c.o
                0x0800866c                CVort_engine_start
 .text.CVort_engine_signExtend8To16
                0x080086e0       0x10 obj-ep1/src/engine/engine.c.o
                0x080086e0                CVort_engine_signExtend8To16
 .text.CVort_engine_toupper
                0x080086f0       0x20 obj-ep1/src/engine/engine.c.o
                0x080086f0                CVort_engine_toupper
 .text.CVort_engine_puts
                0x08008710       0xfc obj-ep1/src/engine/engine.c.o
                0x08008710                CVort_engine_puts
 .text.CVort_engine_prepareInstructionsScreen
                0x0800880c       0xa0 obj-ep1/src/engine/engine.c.o
                0x0800880c                CVort_engine_prepareInstructionsScreen
 .text.gba_snd_loadFromBlob
                0x080088ac       0x80 obj-ep1/src/engine/engine_audio_gba.c.o
 .text.CVort_engine_loadSounds
                0x0800892c      0x148 obj-ep1/src/engine/engine_audio_gba.c.o
                0x0800892c                CVort_engine_loadSounds
 .text.CVort_engine_sndCallback
                0x08008a74        0x2 obj-ep1/src/engine/engine_audio_gba.c.o
                0x08008a74                CVort_engine_sndCallback
 *fill*         0x08008a76        0x2 ff
 .text.CVort_engine_setCurSound
                0x08008a78       0xa8 obj-ep1/src/engine/engine_audio_gba.c.o
                0x08008a78                CVort_engine_setCurSound
 .text.CVort_engine_saveCurSound
                0x08008b20       0x24 obj-ep1/src/engine/engine_audio_gba.c.o
                0x08008b20                CVort_engine_saveCurSound
 .text.CVort_engine_restoreCurSound
                0x08008b44        0x2 obj-ep1/src/engine/engine_audio_gba.c.o
                0x08008b44                CVort_engine_restoreCurSound
 *fill*         0x08008b46        0x2 ff
 .text.CVort_engine_finishCurSound
                0x08008b48       0x34 obj-ep1/src/engine/engine_audio_gba.c.o
                0x08008b48                CVort_engine_finishCurSound
 .text.CVort_engine_writeBool
                0x08008b7c       0x28 obj-ep1/src/engine/engine_config.c.o
                0x08008b7c                CVort_engine_writeBool
 .text.CVort_engine_writeInt
                0x08008ba4       0x1c obj-ep1/src/engine/engine_config.c.o
                0x08008ba4                CVort_engine_writeInt
 .text.CVort_engine_writeDims
                0x08008bc0       0x1c obj-ep1/src/engine/engine_config.c.o
                0x08008bc0                CVort_engine_writeDims
 .text.CVort_engine_writeEnum
                0x08008bdc       0x24 obj-ep1/src/engine/engine_config.c.o
                0x08008bdc                CVort_engine_writeEnum
 .text.CVort_engine_writeSDLRendererDriver
                0x08008c00       0x3c obj-ep1/src/engine/engine_config.c.o
                0x08008c00                CVort_engine_writeSDLRendererDriver
 .text.CVort_engine_saveConfigFile
                0x08008c3c      0x194 obj-ep1/src/engine/engine_config.c.o
                0x08008c3c                CVort_engine_saveConfigFile
 .text.CVort_engine_prepareGameDataFilePathBuffers
                0x08008dd0       0x44 obj-ep1/src/engine/engine_io.c.o
                0x08008dd0                CVort_engine_prepareGameDataFilePathBuffers
 .text.CVort_engine_cross_ro_data_fopen
                0x08008e14       0xa4 obj-ep1/src/engine/engine_io.c.o
                0x08008e14                CVort_engine_cross_ro_data_fopen
 .text.CVort_engine_cross_rw_misc_fopen
                0x08008eb8       0x38 obj-ep1/src/engine/engine_io.c.o
                0x08008eb8                CVort_engine_cross_rw_misc_fopen
 .text.CVort_engine_configpath_fopen
                0x08008ef0        0xc obj-ep1/src/engine/engine_io.c.o
                0x08008ef0                CVort_engine_configpath_fopen
 .text.CVort_engine_cross_freadInt8LE
                0x08008efc       0x28 obj-ep1/src/engine/engine_io.c.o
                0x08008efc                CVort_engine_cross_freadInt8LE
 .text.CVort_engine_cross_freadInt16LE
                0x08008f24       0x2c obj-ep1/src/engine/engine_io.c.o
                0x08008f24                CVort_engine_cross_freadInt16LE
 .text.CVort_engine_cross_freadInt32LE
                0x08008f50       0x2c obj-ep1/src/engine/engine_io.c.o
                0x08008f50                CVort_engine_cross_freadInt32LE
 .text.CVort_engine_cross_fwriteInt8LE
                0x08008f7c       0x12 obj-ep1/src/engine/engine_io.c.o
                0x08008f7c                CVort_engine_cross_fwriteInt8LE
 .text.CVort_engine_cross_fwriteInt16LE
                0x08008f8e       0x12 obj-ep1/src/engine/engine_io.c.o
                0x08008f8e                CVort_engine_cross_fwriteInt16LE
 .text.CVort_engine_cross_fwriteInt32LE
                0x08008fa0       0x12 obj-ep1/src/engine/engine_io.c.o
                0x08008fa0                CVort_engine_cross_fwriteInt32LE
 *fill*         0x08008fb2        0x2 ff
 .text.CVort_engine_prepareEpisodeSpecificFuncPointers
                0x08008fb4       0xe4 obj-ep1/src/engine/engine_loader.c.o
                0x08008fb4                CVort_engine_prepareEpisodeSpecificFuncPointers
 .text.CVort_engine_initializeKeenVersionInfo
                0x08009098       0x5c obj-ep1/src/engine/engine_loader.c.o
                0x08009098                CVort_engine_initializeKeenVersionInfo
 .text.load_exe_image.constprop.0
                0x080090f4       0xc4 obj-ep1/src/engine/engine_loader.c.o
 .text.CVort_engine_loadKeen
                0x080091b8      0x278 obj-ep1/src/engine/engine_loader.c.o
                0x080091b8                CVort_engine_loadKeen
 .text.CVort_engine_convertMomentFromGameTicksToMicroSec
                0x08009430       0x38 obj-ep1/src/engine/engine_timing.c.o
                0x08009430                CVort_engine_convertMomentFromGameTicksToMicroSec
 .text.CVort_private_engine_getTicks
                0x08009468       0x5c obj-ep1/src/engine/engine_timing.c.o
                0x08009468                CVort_private_engine_getTicks
 .text.CVort_private_engine_setTicks
                0x080094c4       0x1c obj-ep1/src/engine/engine_timing.c.o
                0x080094c4                CVort_private_engine_setTicks
 .text.CVort_private_engine_setTicksSync
                0x080094e0        0xc obj-ep1/src/engine/engine_timing.c.o
                0x080094e0                CVort_private_engine_setTicksSync
 .text.CVort_private_engine_getTicksSync
                0x080094ec        0xc obj-ep1/src/engine/engine_timing.c.o
                0x080094ec                CVort_private_engine_getTicksSync
 .text.CVort_engine_doWaitInterval
                0x080094f8       0x38 obj-ep1/src/engine/engine_timing.c.o
                0x080094f8                CVort_engine_doWaitInterval
 .text.CVort_engine_delay
                0x08009530       0xc4 obj-ep1/src/engine/engine_timing.c.o
                0x08009530                CVort_engine_delay
 .text.CVort_engine_delayInGameTicks
                0x080095f4       0xf0 obj-ep1/src/engine/engine_timing.c.o
                0x080095f4                CVort_engine_delayInGameTicks
 .text.CVort_engine_shortSleep
                0x080096e4       0x48 obj-ep1/src/engine/engine_timing.c.o
                0x080096e4                CVort_engine_shortSleep
 .text.get_joystick_mapping_index
                0x0800972c       0x44 obj-ep1/src/input/input.c.o
 .text.CVort_engine_addInputMappingsFromFile
                0x08009770      0x334 obj-ep1/src/input/input.c.o
                0x08009770                CVort_engine_addInputMappingsFromFile
 .text.CVort_engine_tryToLoadInputMappings
                0x08009aa4      0x4fc obj-ep1/src/input/input.c.o
                0x08009aa4                CVort_engine_tryToLoadInputMappings
 .text.CVort_engine_setDefaultInputMappings
                0x08009fa0      0x46c obj-ep1/src/input/input.c.o
                0x08009fa0                CVort_engine_setDefaultInputMappings
 .text.CVort_engine_setupInputMappings
                0x0800a40c      0x11c obj-ep1/src/input/input.c.o
                0x0800a40c                CVort_engine_setupInputMappings
 .text.CVort_engine_teardownInputMappings
                0x0800a528       0xc0 obj-ep1/src/input/input.c.o
                0x0800a528                CVort_engine_teardownInputMappings
 .text.CVort_engine_handleEvent
                0x0800a5e8      0x220 obj-ep1/src/input/input.c.o
                0x0800a5e8                CVort_engine_handleEvent
 .text.CVort_engine_updateInputStatus
                0x0800a808      0x850 obj-ep1/src/input/input.c.o
                0x0800a808                CVort_engine_updateInputStatus
 .text.is_dos_scancode_pressed
                0x0800b058       0x18 obj-ep1/src/input/actions.c.o
 .text.dos_scancode_for_emulated_key
                0x0800b070       0x20 obj-ep1/src/input/actions.c.o
 .text.CK_ActionState_Init
                0x0800b090       0x24 obj-ep1/src/input/actions.c.o
                0x0800b090                CK_ActionState_Init
 .text.CK_ActionState_BeginFrame
                0x0800b0b4       0x34 obj-ep1/src/input/actions.c.o
                0x0800b0b4                CK_ActionState_BeginFrame
 .text.CK_ActionState_UpdateFromLegacyInput
                0x0800b0e8      0x22c obj-ep1/src/input/actions.c.o
                0x0800b0e8                CK_ActionState_UpdateFromLegacyInput
 .text.CK_Action_IsHeld
                0x0800b314       0x18 obj-ep1/src/input/actions.c.o
                0x0800b314                CK_Action_IsHeld
 .text.CK_Action_HasMenuSelect
                0x0800b32c       0x18 obj-ep1/src/input/actions.c.o
                0x0800b32c                CK_Action_HasMenuSelect
 .text.CK_Action_HasMenuDismiss
                0x0800b344       0x10 obj-ep1/src/input/actions.c.o
                0x0800b344                CK_Action_HasMenuDismiss
 .text.CK_Action_HasUiAck
                0x0800b354       0x14 obj-ep1/src/input/actions.c.o
                0x0800b354                CK_Action_HasUiAck
 .text.CVort_gui_runLoop
                0x0800b368        0x2 obj-ep1/src/ui/gui_gba.c.o
                0x0800b368                CVort_gui_runLoop
 .text.CVort1_contact_butler
                0x0800b36a        0xc obj-ep1/src/episodes/episode1.c.o
                0x0800b36a                CVort1_contact_butler
 *fill*         0x0800b376        0x2 ff
 .text.CVort1_contact_cube
                0x0800b378       0x10 obj-ep1/src/episodes/episode1.c.o
                0x0800b378                CVort1_contact_cube
 .text.CVort1_body_shot_chain
                0x0800b388      0x12c obj-ep1/src/episodes/episode1.c.o
                0x0800b388                CVort1_body_shot_chain
 .text.CVort1_draw_ordering_info
                0x0800b4b4       0xec obj-ep1/src/episodes/episode1.c.o
                0x0800b4b4                CVort1_draw_ordering_info
 .text.CVort1_think_yorp_look
                0x0800b5a0       0x80 obj-ep1/src/episodes/episode1.c.o
                0x0800b5a0                CVort1_think_yorp_look
 .text.CVort1_think_yorp_stunned
                0x0800b620       0x70 obj-ep1/src/episodes/episode1.c.o
                0x0800b620                CVort1_think_yorp_stunned
 .text.CVort1_think_butler_walk
                0x0800b690       0xc4 obj-ep1/src/episodes/episode1.c.o
                0x0800b690                CVort1_think_butler_walk
 .text.CVort1_think_butler_turn
                0x0800b754       0x6c obj-ep1/src/episodes/episode1.c.o
                0x0800b754                CVort1_think_butler_turn
 .text.CVort1_think_tankbot_spawn
                0x0800b7c0       0x28 obj-ep1/src/episodes/episode1.c.o
                0x0800b7c0                CVort1_think_tankbot_spawn
 .text.CVort1_think_keen_frozen
                0x0800b7e8       0x68 obj-ep1/src/episodes/episode1.c.o
                0x0800b7e8                CVort1_think_keen_frozen
 .text.CVort1_think_garg_move
                0x0800b850       0xd4 obj-ep1/src/episodes/episode1.c.o
                0x0800b850                CVort1_think_garg_move
 .text.CVort1_think_tankbot_move
                0x0800b924       0xfc obj-ep1/src/episodes/episode1.c.o
                0x0800b924                CVort1_think_tankbot_move
 .text.CVort1_think_yorp_walk
                0x0800ba20       0xac obj-ep1/src/episodes/episode1.c.o
                0x0800ba20                CVort1_think_yorp_walk
 .text.CVort1_think_tankbot_shoot
                0x0800bacc       0x94 obj-ep1/src/episodes/episode1.c.o
                0x0800bacc                CVort1_think_tankbot_shoot
 .text.CVort1_think_tankbot_turn
                0x0800bb60       0x60 obj-ep1/src/episodes/episode1.c.o
                0x0800bb60                CVort1_think_tankbot_turn
 .text.CVort1_think_cubette_flight
                0x0800bbc0       0x68 obj-ep1/src/episodes/episode1.c.o
                0x0800bbc0                CVort1_think_cubette_flight
 .text.CVort1_think_garg_look
                0x0800bc28       0x90 obj-ep1/src/episodes/episode1.c.o
                0x0800bc28                CVort1_think_garg_look
 .text.CVort1_contact_yorp
                0x0800bcb8       0x38 obj-ep1/src/episodes/episode1.c.o
                0x0800bcb8                CVort1_contact_yorp
 .text.CVort1_contact_garg
                0x0800bcf0       0x38 obj-ep1/src/episodes/episode1.c.o
                0x0800bcf0                CVort1_contact_garg
 .text.CVort1_think_cube
                0x0800bd28       0xdc obj-ep1/src/episodes/episode1.c.o
                0x0800bd28                CVort1_think_cube
 .text.CVort1_contact_chain
                0x0800be04       0xac obj-ep1/src/episodes/episode1.c.o
                0x0800be04                CVort1_contact_chain
 .text.CVort1_show_pause_menu
                0x0800beb0      0x36c obj-ep1/src/episodes/episode1.c.o
                0x0800beb0                CVort1_show_pause_menu
 .text.CVort1_contact_keen
                0x0800c21c       0xb0 obj-ep1/src/episodes/episode1.c.o
                0x0800c21c                CVort1_contact_keen
 .text.CVort1_add_sprite_tankbot
                0x0800c2cc       0x50 obj-ep1/src/episodes/episode1.c.o
                0x0800c2cc                CVort1_add_sprite_tankbot
 .text.CVort1_add_sprite_butler
                0x0800c31c       0x4c obj-ep1/src/episodes/episode1.c.o
                0x0800c31c                CVort1_add_sprite_butler
 .text.CVort1_add_sprite_garg
                0x0800c368       0x3c obj-ep1/src/episodes/episode1.c.o
                0x0800c368                CVort1_add_sprite_garg
 .text.CVort1_add_sprite_yorp
                0x0800c3a4       0x54 obj-ep1/src/episodes/episode1.c.o
                0x0800c3a4                CVort1_add_sprite_yorp
 .text.CVort1_add_sprite_chain
                0x0800c3f8       0x3c obj-ep1/src/episodes/episode1.c.o
                0x0800c3f8                CVort1_add_sprite_chain
 .text.CVort1_add_sprite_cube
                0x0800c434       0x7c obj-ep1/src/episodes/episode1.c.o
                0x0800c434                CVort1_add_sprite_cube
 .text.CVort1_body_ice_cannon
                0x0800c4b0       0x78 obj-ep1/src/episodes/episode1.c.o
                0x0800c4b0                CVort1_body_ice_cannon
 .text.CVort1_add_body_cannon
                0x0800c528       0x4c obj-ep1/src/episodes/episode1.c.o
                0x0800c528                CVort1_add_body_cannon
 .text.CVort1_init_level
                0x0800c574       0xd0 obj-ep1/src/episodes/episode1.c.o
                0x0800c574                CVort1_init_level
 .text.CVort1_inlevel_message
                0x0800c644      0x21c obj-ep1/src/episodes/episode1.c.o
                0x0800c644                CVort1_inlevel_message
 .text.CVort1_draw_win
                0x0800c860      0x59c obj-ep1/src/episodes/episode1.c.o
                0x0800c860                CVort1_draw_win
 .text.CVort1_handle_secret_city
                0x0800cdfc      0x184 obj-ep1/src/episodes/episode1.c.o
                0x0800cdfc                CVort1_handle_secret_city
 .text.CVort1_do_ordering
                0x0800cf80       0x58 obj-ep1/src/episodes/episode1.c.o
                0x0800cf80                CVort1_do_ordering
 .text.CVort1_show_ordering
                0x0800cfd8      0x114 obj-ep1/src/episodes/episode1.c.o
                0x0800cfd8                CVort1_show_ordering
 .text.CVort1_draw_scores
                0x0800d0ec      0x188 obj-ep1/src/episodes/episode1.c.o
                0x0800d0ec                CVort1_draw_scores
 .text.CVort1_worldmap_sprites
                0x0800d274      0x300 obj-ep1/src/episodes/episode1.c.o
                0x0800d274                CVort1_worldmap_sprites
 .text.CVort1_engine_processEXE
                0x0800d574      0x1c8 obj-ep1/src/episodes/episode1_engine.c.o
                0x0800d574                CVort1_engine_processEXE
 .text.startup.main
                0x0800d73c       0xa0 obj-ep1/src/platform/gba_main.c.o
                0x0800d73c                main
 .text.SDL_Init
                0x0800d7dc       0x38 obj-ep1/src/platform/gba_sdl.c.o
                0x0800d7dc                SDL_Init
 .text.SDL_InitSubSystem
                0x0800d814        0x4 obj-ep1/src/platform/gba_sdl.c.o
                0x0800d814                SDL_InitSubSystem
 .text.SDL_Quit
                0x0800d818        0x2 obj-ep1/src/platform/gba_sdl.c.o
                0x0800d818                SDL_Quit
 *fill*         0x0800d81a        0x2 ff
 .text.SDL_GetError
                0x0800d81c        0x8 obj-ep1/src/platform/gba_sdl.c.o
                0x0800d81c                SDL_GetError
 .text.SDL_GetTicks
                0x0800d824       0x5c obj-ep1/src/platform/gba_sdl.c.o
                0x0800d824                SDL_GetTicks
 .text.SDL_PollEvent
                0x0800d880        0x4 obj-ep1/src/platform/gba_sdl.c.o
                0x0800d880                SDL_PollEvent
 .text.SDL_NumJoysticks
                0x0800d884        0x4 obj-ep1/src/platform/gba_sdl.c.o
                0x0800d884                SDL_NumJoysticks
 .text.SDL_JoystickOpen
                0x0800d888        0x4 obj-ep1/src/platform/gba_sdl.c.o
                0x0800d888                SDL_JoystickOpen
 .text.SDL_JoystickClose
                0x0800d88c        0x2 obj-ep1/src/platform/gba_sdl.c.o
                0x0800d88c                SDL_JoystickClose
 .text.SDL_JoystickEventState
                0x0800d88e        0x4 obj-ep1/src/platform/gba_sdl.c.o
                0x0800d88e                SDL_JoystickEventState
 .text.SDL_JoystickNumAxes
                0x0800d892        0x4 obj-ep1/src/platform/gba_sdl.c.o
                0x0800d892                SDL_JoystickNumAxes
 .text.SDL_JoystickNumButtons
                0x0800d896        0x4 obj-ep1/src/platform/gba_sdl.c.o
                0x0800d896                SDL_JoystickNumButtons
 .text.SDL_JoystickNumHats
                0x0800d89a        0x4 obj-ep1/src/platform/gba_sdl.c.o
                0x0800d89a                SDL_JoystickNumHats
 .text.SDL_JoystickInstanceID
                0x0800d89e        0x4 obj-ep1/src/platform/gba_sdl.c.o
                0x0800d89e                SDL_JoystickInstanceID
 .text.SDL_ShowCursor
                0x0800d8a2        0x4 obj-ep1/src/platform/gba_sdl.c.o
                0x0800d8a2                SDL_ShowCursor
 .text.SDL_SetRelativeMouseMode
                0x0800d8a6        0x2 obj-ep1/src/platform/gba_sdl.c.o
                0x0800d8a6                SDL_SetRelativeMouseMode
 .text.SDL_GetRelativeMouseState
                0x0800d8a8       0x14 obj-ep1/src/platform/gba_sdl.c.o
                0x0800d8a8                SDL_GetRelativeMouseState
 .text.SDL_GetRenderDriverInfo
                0x0800d8bc       0x30 obj-ep1/src/platform/gba_sdl.c.o
                0x0800d8bc                SDL_GetRenderDriverInfo
 .text.SDL_OpenAudio
                0x0800d8ec       0x1c obj-ep1/src/platform/gba_sdl.c.o
                0x0800d8ec                SDL_OpenAudio
 .text.SDL_CloseAudio
                0x0800d908        0x2 obj-ep1/src/platform/gba_sdl.c.o
                0x0800d908                SDL_CloseAudio
 .text.CK_PlatformSleepMs
                0x0800d90a       0x2e obj-ep1/src/platform/sleep_gba.c.o
                0x0800d90a                CK_PlatformSleepMs
 .text.ck_set_virtual_key.part.0
                0x0800d938       0x68 obj-ep1/src/platform/input_gba.c.o
 .text.CK_PlatformPrepareInput
                0x0800d9a0        0x2 obj-ep1/src/platform/input_gba.c.o
                0x0800d9a0                CK_PlatformPrepareInput
 *fill*         0x0800d9a2        0x2 ff
 .text.CK_PlatformPollInputState
                0x0800d9a4       0x80 obj-ep1/src/platform/input_gba.c.o
                0x0800d9a4                CK_PlatformPollInputState
 .text.CK_PlatformApplyInputPolicy
                0x0800da24       0xc8 obj-ep1/src/platform/input_gba.c.o
                0x0800da24                CK_PlatformApplyInputPolicy
 .text.CK_PlatformPreferredPlayer1ControlType
                0x0800daec        0x4 obj-ep1/src/platform/input_gba.c.o
                0x0800daec                CK_PlatformPreferredPlayer1ControlType
 .text.CK_PlatformApplyDefaultJoystickCalibration
                0x0800daf0       0x10 obj-ep1/src/platform/input_gba.c.o
                0x0800daf0                CK_PlatformApplyDefaultJoystickCalibration
 .text.CK_PlatformEnsureRwMiscDir
                0x0800db00        0x2 obj-ep1/src/platform/gba_paths.c.o
                0x0800db00                CK_PlatformEnsureRwMiscDir
 .text.CK_PlatformBuildRoDataPath
                0x0800db02       0x32 obj-ep1/src/platform/gba_paths.c.o
                0x0800db02                CK_PlatformBuildRoDataPath
 .text.CK_PlatformBuildExternalGameDataPath
                0x0800db34        0x4 obj-ep1/src/platform/gba_paths.c.o
                0x0800db34                CK_PlatformBuildExternalGameDataPath
 .text.CK_PlatformBuildRwMiscPath
                0x0800db38        0xc obj-ep1/src/platform/gba_paths.c.o
                0x0800db38                CK_PlatformBuildRwMiscPath
 .text.ck_find_rom_entry
                0x0800db44       0x90 obj-ep1/src/platform/gba_fileio.c.o
 .text.copy_basename
                0x0800dbd4       0x24 obj-ep1/src/platform/gba_fileio.c.o
 .text.ck_alloc_slot
                0x0800dbf8       0x40 obj-ep1/src/platform/gba_fileio.c.o
 .text.ck_basename
                0x0800dc38       0x26 obj-ep1/src/platform/gba_fileio.c.o
 .text.ck_gba_lookup_rom
                0x0800dc5e       0x34 obj-ep1/src/platform/gba_fileio.c.o
                0x0800dc5e                ck_gba_lookup_rom
 .text.ck_gba_fopen
                0x0800dc92       0xba obj-ep1/src/platform/gba_fileio.c.o
                0x0800dc92                ck_gba_fopen
 .text.ck_gba_fclose
                0x0800dd4c       0x30 obj-ep1/src/platform/gba_fileio.c.o
                0x0800dd4c                ck_gba_fclose
 .text.ck_gba_fread
                0x0800dd7c       0x68 obj-ep1/src/platform/gba_fileio.c.o
                0x0800dd7c                ck_gba_fread
 .text.ck_gba_fwrite
                0x0800dde4       0x68 obj-ep1/src/platform/gba_fileio.c.o
                0x0800dde4                ck_gba_fwrite
 .text.ck_gba_fseek
                0x0800de4c       0x48 obj-ep1/src/platform/gba_fileio.c.o
                0x0800de4c                ck_gba_fseek
 .text.ck_gba_ftell
                0x0800de94       0x18 obj-ep1/src/platform/gba_fileio.c.o
                0x0800de94                ck_gba_ftell
 .text.ck_gba_rewind
                0x0800deac       0x18 obj-ep1/src/platform/gba_fileio.c.o
                0x0800deac                ck_gba_rewind
 .text.ck_gba_fprintf
                0x0800dec4        0x8 obj-ep1/src/platform/gba_fileio.c.o
                0x0800dec4                ck_gba_fprintf
 .text.ck_gba_vfprintf
                0x0800decc        0x4 obj-ep1/src/platform/gba_fileio.c.o
                0x0800decc                ck_gba_vfprintf
 .text.normalize_name
                0x0800ded0       0x3c obj-ep1/src/platform/gba_sram.c.o
 .text.find_slot
                0x0800df0c       0x50 obj-ep1/src/platform/gba_sram.c.o
 .text.CK_SRAM_Init
                0x0800df5c       0x9c obj-ep1/src/platform/gba_sram.c.o
                0x0800df5c                CK_SRAM_Init
 .text.CK_SRAM_Read
                0x0800dff8       0x64 obj-ep1/src/platform/gba_sram.c.o
                0x0800dff8                CK_SRAM_Read
 .text.CK_SRAM_Write
                0x0800e05c       0xc0 obj-ep1/src/platform/gba_sram.c.o
                0x0800e05c                CK_SRAM_Write
 .text          0x0800e11c      0x3c4 /opt/devkitpro/libgba/lib/libgba.a(interrupt.o)
                0x0800e11c                dummy
                0x0800e120                InitInterrupt
                0x0800e17c                irqInit
                0x0800e1d8                SetInterrupt
                0x0800e2c0                irqSet
                0x0800e3a8                EnableInterrupt
                0x0800e3f4                irqEnable
                0x0800e448                DisableInterrupt
                0x0800e494                irqDisable
 .text          0x0800e4e0       0x14 /opt/devkitpro/devkitARM/lib/gcc/arm-none-eabi/15.2.0/thumb/libgcc.a(_thumb1_case_sqi.o)
                0x0800e4e0                __gnu_thumb1_case_sqi
 .text          0x0800e4f4       0x14 /opt/devkitpro/devkitARM/lib/gcc/arm-none-eabi/15.2.0/thumb/libgcc.a(_thumb1_case_uqi.o)
                0x0800e4f4                __gnu_thumb1_case_uqi
 .text          0x0800e508       0x14 /opt/devkitpro/devkitARM/lib/gcc/arm-none-eabi/15.2.0/thumb/libgcc.a(_thumb1_case_shi.o)
                0x0800e508                __gnu_thumb1_case_shi
 .text          0x0800e51c       0x14 /opt/devkitpro/devkitARM/lib/gcc/arm-none-eabi/15.2.0/thumb/libgcc.a(_thumb1_case_uhi.o)
                0x0800e51c                __gnu_thumb1_case_uhi
 .text          0x0800e530      0x11c /opt/devkitpro/devkitARM/lib/gcc/arm-none-eabi/15.2.0/thumb/libgcc.a(_udivsi3.o)
                0x0800e530                __udivsi3
                0x0800e530                __aeabi_uidiv
                0x0800e62c                __aeabi_uidivmod
 .text          0x0800e64c      0x150 /opt/devkitpro/devkitARM/lib/gcc/arm-none-eabi/15.2.0/thumb/libgcc.a(_divsi3.o)
                0x0800e64c                __aeabi_idiv
                0x0800e64c                __divsi3
                0x0800e77c                __aeabi_idivmod
 .text          0x0800e79c        0x4 /opt/devkitpro/devkitARM/lib/gcc/arm-none-eabi/15.2.0/thumb/libgcc.a(_dvmd_tls.o)
                0x0800e79c                __aeabi_ldiv0
                0x0800e79c                __aeabi_idiv0
 .text          0x0800e7a0       0xd4 /opt/devkitpro/devkitARM/lib/gcc/arm-none-eabi/15.2.0/thumb/libgcc.a(_aeabi_ldivmod.o)
                0x0800e7a0                __aeabi_ldivmod
 .text.__muldi3
                0x0800e874       0x58 /opt/devkitpro/devkitARM/lib/gcc/arm-none-eabi/15.2.0/thumb/libgcc.a(_muldi3.o)
                0x0800e874                __aeabi_lmul
                0x0800e874                __muldi3
 .text.__udivmoddi4
                0x0800e8cc      0x194 /opt/devkitpro/devkitARM/lib/gcc/arm-none-eabi/15.2.0/thumb/libgcc.a(_udivmoddi4.o)
                0x0800e8cc                __udivmoddi4
 .text          0x0800ea60       0x28 /opt/devkitpro/devkitARM/lib/gcc/arm-none-eabi/15.2.0/thumb/libgcc.a(_clzdi2.o)
                0x0800ea60                __clzdi2
 .text          0x0800ea88       0x48 /opt/devkitpro/devkitARM/lib/gcc/arm-none-eabi/15.2.0/thumb/libgcc.a(_clzsi2.o)
                0x0800ea88                __clzsi2
 .text.critical_factorization
                0x0800ead0       0xcc /opt/devkitpro/devkitARM/lib/gcc/arm-none-eabi/15.2.0/../../../../arm-none-eabi/lib/thumb/libg.a(libc_a-strstr.o)
 .text.two_way_long_needle
                0x0800eb9c      0x204 /opt/devkitpro/devkitARM/lib/gcc/arm-none-eabi/15.2.0/../../../../arm-none-eabi/lib/thumb/libg.a(libc_a-strstr.o)
 .text.strstr   0x0800eda0      0x1ac /opt/devkitpro/devkitARM/lib/gcc/arm-none-eabi/15.2.0/../../../../arm-none-eabi/lib/thumb/libg.a(libc_a-strstr.o)
                0x0800eda0                strstr
 .text.memcpy   0x0800ef4c       0xac /opt/devkitpro/devkitARM/lib/gcc/arm-none-eabi/15.2.0/../../../../arm-none-eabi/lib/thumb/libg.a(libc_a-memcpy-stub.o)
                0x0800ef4c                memcpy
 .text.strlen   0x0800eff8       0x60 /opt/devkitpro/devkitARM/lib/gcc/arm-none-eabi/15.2.0/../../../../arm-none-eabi/lib/thumb/libg.a(libc_a-strlen.o)
                0x0800eff8                strlen
 .text.snprintf
                0x0800f058       0x64 /opt/devkitpro/devkitARM/lib/gcc/arm-none-eabi/15.2.0/../../../../arm-none-eabi/lib/thumb/libg.a(libc_a-snprintf.o)
                0x0800f058                snprintf
 .text.strchr   0x0800f0bc       0xbc /opt/devkitpro/devkitARM/lib/gcc/arm-none-eabi/15.2.0/../../../../arm-none-eabi/lib/thumb/libg.a(libc_a-strchr.o)
                0x0800f0bc                strchr
 .text.memcmp   0x0800f178       0x48 /opt/devkitpro/devkitARM/lib/gcc/arm-none-eabi/15.2.0/../../../../arm-none-eabi/lib/thumb/libg.a(libc_a-memcmp.o)
                0x0800f178                memcmp
 .text.__errno  0x0800f1c0        0xc /opt/devkitpro/devkitARM/lib/gcc/arm-none-eabi/15.2.0/../../../../arm-none-eabi/lib/thumb/libg.a(libc_a-errno.o)
                0x0800f1c0                __errno
 .text.strcpy   0x0800f1cc       0x10 /opt/devkitpro/devkitARM/lib/gcc/arm-none-eabi/15.2.0/../../../../arm-none-eabi/lib/thumb/libg.a(libc_a-strcpy.o)
                0x0800f1cc                strcpy
 .text.__locale_mb_cur_max
                0x0800f1dc       0x20 /opt/devkitpro/devkitARM/lib/gcc/arm-none-eabi/15.2.0/../../../../arm-none-eabi/lib/thumb/libg.a(libc_a-locale.o)
                0x0800f1dc                __locale_mb_cur_max
 .text.memset   0x0800f1fc       0x8c /opt/devkitpro/devkitARM/lib/gcc/arm-none-eabi/15.2.0/../../../../arm-none-eabi/lib/thumb/libg.a(libc_a-memset.o)
                0x0800f1fc                memset
 .text.atoi     0x0800f288       0x10 /opt/devkitpro/devkitARM/lib/gcc/arm-none-eabi/15.2.0/../../../../arm-none-eabi/lib/thumb/libg.a(libc_a-atoi.o)
                0x0800f288                atoi
 .text._strtol_l.part.0
                0x0800f298      0x25c /opt/devkitpro/devkitARM/lib/gcc/arm-none-eabi/15.2.0/../../../../arm-none-eabi/lib/thumb/libg.a(libc_a-strtol.o)
 .text.strtol   0x0800f4f4       0x38 /opt/devkitpro/devkitARM/lib/gcc/arm-none-eabi/15.2.0/../../../../arm-none-eabi/lib/thumb/libg.a(libc_a-strtol.o)
                0x0800f4f4                strtol
 .text.__libc_init_array
                0x0800f52c       0x54 /opt/devkitpro/devkitARM/lib/gcc/arm-none-eabi/15.2.0/../../../../arm-none-eabi/lib/thumb/libg.a(libc_a-init.o)
                0x0800f52c                __libc_init_array
 .text.strncpy  0x0800f580       0x68 /opt/devkitpro/devkitARM/lib/gcc/arm-none-eabi/15.2.0/../../../../arm-none-eabi/lib/thumb/libg.a(libc_a-strncpy.o)
                0x0800f580                strncpy
 .text.malloc   0x0800f5e8       0x28 /opt/devkitpro/devkitARM/lib/gcc/arm-none-eabi/15.2.0/../../../../arm-none-eabi/lib/thumb/libg.a(libc_a-malloc.o)
                0x0800f5e8                malloc
 .text.free     0x0800f610       0x14 /opt/devkitpro/devkitARM/lib/gcc/arm-none-eabi/15.2.0/../../../../arm-none-eabi/lib/thumb/libg.a(libc_a-malloc.o)
                0x0800f610                free
 .text.strrchr  0x0800f624       0x30 /opt/devkitpro/devkitARM/lib/gcc/arm-none-eabi/15.2.0/../../../../arm-none-eabi/lib/thumb/libg.a(libc_a-strrchr.o)
                0x0800f624                strrchr
 .text._localeconv_r
                0x0800f654       0x20 /opt/devkitpro/devkitARM/lib/gcc/arm-none-eabi/15.2.0/../../../../arm-none-eabi/lib/thumb/libg.a(libc_a-localeconv.o)
                0x0800f654                _localeconv_r
 .text.__sread  0x0800f674       0x34 /opt/devkitpro/devkitARM/lib/gcc/arm-none-eabi/15.2.0/../../../../arm-none-eabi/lib/thumb/libg.a(libc_a-stdio.o)
                0x0800f674                __sread
 .text.__swrite
                0x0800f6a8       0x4c /opt/devkitpro/devkitARM/lib/gcc/arm-none-eabi/15.2.0/../../../../arm-none-eabi/lib/thumb/libg.a(libc_a-stdio.o)
                0x0800f6a8                __swrite
 .text.__sseek  0x0800f6f4       0x3c /opt/devkitpro/devkitARM/lib/gcc/arm-none-eabi/15.2.0/../../../../arm-none-eabi/lib/thumb/libg.a(libc_a-stdio.o)
                0x0800f6f4                __sseek
 .text.__sclose
                0x0800f730       0x10 /opt/devkitpro/devkitARM/lib/gcc/arm-none-eabi/15.2.0/../../../../arm-none-eabi/lib/thumb/libg.a(libc_a-stdio.o)
                0x0800f730                __sclose
 .text.memmove  0x0800f740      0x108 /opt/devkitpro/devkitARM/lib/gcc/arm-none-eabi/15.2.0/../../../../arm-none-eabi/lib/thumb/libg.a(libc_a-memmove.o)
                0x0800f740                memmove
 .text._realloc_r
                0x0800f848      0x344 /opt/devkitpro/devkitARM/lib/gcc/arm-none-eabi/15.2.0/../../../../arm-none-eabi/lib/thumb/libg.a(libc_a-reallocr.o)
                0x0800f848                _realloc_r
 .text.__malloc_lock
                0x0800fb8c       0x14 /opt/devkitpro/devkitARM/lib/gcc/arm-none-eabi/15.2.0/../../../../arm-none-eabi/lib/thumb/libg.a(libc_a-mlock.o)
                0x0800fb8c                __malloc_lock
 .text.__malloc_unlock
                0x0800fba0       0x14 /opt/devkitpro/devkitARM/lib/gcc/arm-none-eabi/15.2.0/../../../../arm-none-eabi/lib/thumb/libg.a(libc_a-mlock.o)
                0x0800fba0                __malloc_unlock
 .text.time     0x0800fbb4       0x38 /opt/devkitpro/devkitARM/lib/gcc/arm-none-eabi/15.2.0/../../../../arm-none-eabi/lib/thumb/libg.a(libc_a-time.o)
                0x0800fbb4                time
 .text.__call_exitprocs
                0x0800fbec        0xc /opt/devkitpro/devkitARM/lib/gcc/arm-none-eabi/15.2.0/../../../../arm-none-eabi/lib/thumb/libg.a(libc_a-exit.o)
                0x0800fbec                __call_exitprocs
 .text.exit     0x0800fbf8       0x24 /opt/devkitpro/devkitARM/lib/gcc/arm-none-eabi/15.2.0/../../../../arm-none-eabi/lib/thumb/libg.a(libc_a-exit.o)
                0x0800fbf8                exit
 .text.get_arg  0x0800fc1c      0x404 /opt/devkitpro/devkitARM/lib/gcc/arm-none-eabi/15.2.0/../../../../arm-none-eabi/lib/thumb/libg.a(libc_a-svfprintf.o)
 .text._svfprintf_r
                0x08010020     0x22e0 /opt/devkitpro/devkitARM/lib/gcc/arm-none-eabi/15.2.0/../../../../arm-none-eabi/lib/thumb/libg.a(libc_a-svfprintf.o)
                0x08010020                _svfprintf_r
 .text.__utf8_wctomb
                0x08012300       0xbc /opt/devkitpro/devkitARM/lib/gcc/arm-none-eabi/15.2.0/../../../../arm-none-eabi/lib/thumb/libg.a(libc_a-wctomb_r.o)
                0x08012300                __utf8_wctomb
 .text.__libc_fini_array
                0x080123bc       0x30 /opt/devkitpro/devkitARM/lib/gcc/arm-none-eabi/15.2.0/../../../../arm-none-eabi/lib/thumb/libg.a(libc_a-fini.o)
                0x080123bc                __libc_fini_array
 .text.strnlen  0x080123ec       0x20 /opt/devkitpro/devkitARM/lib/gcc/arm-none-eabi/15.2.0/../../../../arm-none-eabi/lib/thumb/libg.a(libc_a-strnlen.o)
                0x080123ec                strnlen
 .text.frexp    0x0801240c       0x74 /opt/devkitpro/devkitARM/lib/gcc/arm-none-eabi/15.2.0/../../../../arm-none-eabi/lib/thumb/libg.a(libm_a-s_frexp.o)
                0x0801240c                frexp
 .text.__assert_func
                0x08012480       0x40 /opt/devkitpro/devkitARM/lib/gcc/arm-none-eabi/15.2.0/../../../../arm-none-eabi/lib/thumb/libg.a(libc_a-assert.o)
                0x08012480                __assert_func
 .text._Balloc  0x080124c0       0x5c /opt/devkitpro/devkitARM/lib/gcc/arm-none-eabi/15.2.0/../../../../arm-none-eabi/lib/thumb/libg.a(libc_a-mprec.o)
                0x080124c0                _Balloc
 .text._Bfree   0x0801251c       0x14 /opt/devkitpro/devkitARM/lib/gcc/arm-none-eabi/15.2.0/../../../../arm-none-eabi/lib/thumb/libg.a(libc_a-mprec.o)
                0x0801251c                _Bfree
 .text.__multadd
                0x08012530       0xa8 /opt/devkitpro/devkitARM/lib/gcc/arm-none-eabi/15.2.0/../../../../arm-none-eabi/lib/thumb/libg.a(libc_a-mprec.o)
                0x08012530                __multadd
 .text.__hi0bits
                0x080125d8       0x60 /opt/devkitpro/devkitARM/lib/gcc/arm-none-eabi/15.2.0/../../../../arm-none-eabi/lib/thumb/libg.a(libc_a-mprec.o)
                0x080125d8                __hi0bits
 .text.__lo0bits
                0x08012638       0x8c /opt/devkitpro/devkitARM/lib/gcc/arm-none-eabi/15.2.0/../../../../arm-none-eabi/lib/thumb/libg.a(libc_a-mprec.o)
                0x08012638                __lo0bits
 .text.__i2b    0x080126c4       0x64 /opt/devkitpro/devkitARM/lib/gcc/arm-none-eabi/15.2.0/../../../../arm-none-eabi/lib/thumb/libg.a(libc_a-mprec.o)
                0x080126c4                __i2b
 .text.__multiply
                0x08012728      0x1b4 /opt/devkitpro/devkitARM/lib/gcc/arm-none-eabi/15.2.0/../../../../arm-none-eabi/lib/thumb/libg.a(libc_a-mprec.o)
                0x08012728                __multiply
 .text.__pow5mult
                0x080128dc       0xd8 /opt/devkitpro/devkitARM/lib/gcc/arm-none-eabi/15.2.0/../../../../arm-none-eabi/lib/thumb/libg.a(libc_a-mprec.o)
                0x080128dc                __pow5mult
 .text.__lshift
                0x080129b4       0xf8 /opt/devkitpro/devkitARM/lib/gcc/arm-none-eabi/15.2.0/../../../../arm-none-eabi/lib/thumb/libg.a(libc_a-mprec.o)
                0x080129b4                __lshift
 .text.__mcmp   0x08012aac       0x50 /opt/devkitpro/devkitARM/lib/gcc/arm-none-eabi/15.2.0/../../../../arm-none-eabi/lib/thumb/libg.a(libc_a-mprec.o)
                0x08012aac                __mcmp
 .text.__mdiff  0x08012afc      0x1a4 /opt/devkitpro/devkitARM/lib/gcc/arm-none-eabi/15.2.0/../../../../arm-none-eabi/lib/thumb/libg.a(libc_a-mprec.o)
                0x08012afc                __mdiff
 .text.__d2b    0x08012ca0       0xd4 /opt/devkitpro/devkitARM/lib/gcc/arm-none-eabi/15.2.0/../../../../arm-none-eabi/lib/thumb/libg.a(libc_a-mprec.o)
                0x08012ca0                __d2b
 .text._wcrtomb_r
                0x08012d74       0x88 /opt/devkitpro/devkitARM/lib/gcc/arm-none-eabi/15.2.0/../../../../arm-none-eabi/lib/thumb/libg.a(libc_a-wcrtomb.o)
                0x08012d74                _wcrtomb_r
 .text.__ssprint_r
                0x08012dfc       0x60 /opt/devkitpro/devkitARM/lib/gcc/arm-none-eabi/15.2.0/../../../../arm-none-eabi/lib/thumb/libg.a(libc_a-ssprint_r.o)
                0x08012dfc                __ssprint_r
 .text.__utf8_mbtowc
                0x08012e5c      0x24c /opt/devkitpro/devkitARM/lib/gcc/arm-none-eabi/15.2.0/../../../../arm-none-eabi/lib/thumb/libg.a(libc_a-mbtowc_r.o)
                0x08012e5c                __utf8_mbtowc
 .text.fiprintf
                0x080130a8       0x28 /opt/devkitpro/devkitARM/lib/gcc/arm-none-eabi/15.2.0/../../../../arm-none-eabi/lib/thumb/libg.a(libc_a-fiprintf.o)
                0x080130a8                fiprintf
 .text._memalign_r
                0x080130d0      0x118 /opt/devkitpro/devkitARM/lib/gcc/arm-none-eabi/15.2.0/../../../../arm-none-eabi/lib/thumb/libg.a(libc_a-malignr.o)
                0x080130d0                _memalign_r
 .text.abort    0x080131e8       0x10 /opt/devkitpro/devkitARM/lib/gcc/arm-none-eabi/15.2.0/../../../../arm-none-eabi/lib/thumb/libg.a(libc_a-abort.o)
                0x080131e8                abort
 .text._calloc_r
                0x080131f8       0xcc /opt/devkitpro/devkitARM/lib/gcc/arm-none-eabi/15.2.0/../../../../arm-none-eabi/lib/thumb/libg.a(libc_a-callocr.o)
                0x080131f8                _calloc_r
 .text.__sflush_r
                0x080132c4      0x180 /opt/devkitpro/devkitARM/lib/gcc/arm-none-eabi/15.2.0/../../../../arm-none-eabi/lib/thumb/libg.a(libc_a-fflush.o)
                0x080132c4                __sflush_r
 .text._fflush_r
                0x08013444       0x70 /opt/devkitpro/devkitARM/lib/gcc/arm-none-eabi/15.2.0/../../../../arm-none-eabi/lib/thumb/libg.a(libc_a-fflush.o)
                0x08013444                _fflush_r
 .text._malloc_r
                0x080134b4      0x550 /opt/devkitpro/devkitARM/lib/gcc/arm-none-eabi/15.2.0/../../../../arm-none-eabi/lib/thumb/libg.a(libc_a-mallocr.o)
                0x080134b4                _malloc_r
 .text.quorem   0x08013a04      0x160 /opt/devkitpro/devkitARM/lib/gcc/arm-none-eabi/15.2.0/../../../../arm-none-eabi/lib/thumb/libg.a(libc_a-dtoa.o)
 .text._dtoa_r  0x08013b64     0x10a0 /opt/devkitpro/devkitARM/lib/gcc/arm-none-eabi/15.2.0/../../../../arm-none-eabi/lib/thumb/libg.a(libc_a-dtoa.o)
                0x08013b64                _dtoa_r
 .text._malloc_trim_r
                0x08014c04       0xac /opt/devkitpro/devkitARM/lib/gcc/arm-none-eabi/15.2.0/../../../../arm-none-eabi/lib/thumb/libg.a(libc_a-freer.o)
                0x08014c04                _malloc_trim_r
 .text._free_r  0x08014cb0      0x1d8 /opt/devkitpro/devkitARM/lib/gcc/arm-none-eabi/15.2.0/../../../../arm-none-eabi/lib/thumb/libg.a(libc_a-freer.o)
                0x08014cb0                _free_r
 .text.stdio_exit_handler
                0x08014e88       0x20 /opt/devkitpro/devkitARM/lib/gcc/arm-none-eabi/15.2.0/../../../../arm-none-eabi/lib/thumb/libg.a(libc_a-findfp.o)
 .text.cleanup_stdio
                0x08014ea8       0x40 /opt/devkitpro/devkitARM/lib/gcc/arm-none-eabi/15.2.0/../../../../arm-none-eabi/lib/thumb/libg.a(libc_a-findfp.o)
 .text.global_stdio_init.part.0
                0x08014ee8      0x120 /opt/devkitpro/devkitARM/lib/gcc/arm-none-eabi/15.2.0/../../../../arm-none-eabi/lib/thumb/libg.a(libc_a-findfp.o)
 .text.__sinit  0x08015008       0x3c /opt/devkitpro/devkitARM/lib/gcc/arm-none-eabi/15.2.0/../../../../arm-none-eabi/lib/thumb/libg.a(libc_a-findfp.o)
                0x08015008                __sinit
 .text.__sfp_lock_acquire
                0x08015044       0x14 /opt/devkitpro/devkitARM/lib/gcc/arm-none-eabi/15.2.0/../../../../arm-none-eabi/lib/thumb/libg.a(libc_a-findfp.o)
                0x08015044                __sfp_lock_acquire
 .text.__sfp_lock_release
                0x08015058       0x14 /opt/devkitpro/devkitARM/lib/gcc/arm-none-eabi/15.2.0/../../../../arm-none-eabi/lib/thumb/libg.a(libc_a-findfp.o)
                0x08015058                __sfp_lock_release
 .text.memchr   0x0801506c       0x74 /opt/devkitpro/devkitARM/lib/gcc/arm-none-eabi/15.2.0/../../../../arm-none-eabi/lib/thumb/libg.a(libc_a-memchr-stub.o)
                0x0801506c                memchr
 .text._wcsrtombs_r
                0x080150e0       0x20 /opt/devkitpro/devkitARM/lib/gcc/arm-none-eabi/15.2.0/../../../../arm-none-eabi/lib/thumb/libg.a(libc_a-wcsrtombs.o)
                0x080150e0                _wcsrtombs_r
 .text._fclose_r
                0x08015100       0xe0 /opt/devkitpro/devkitARM/lib/gcc/arm-none-eabi/15.2.0/../../../../arm-none-eabi/lib/thumb/libg.a(libc_a-fclose.o)
                0x08015100                _fclose_r
 .text.__ssputs_r
                0x080151e0       0xd4 /opt/devkitpro/devkitARM/lib/gcc/arm-none-eabi/15.2.0/../../../../arm-none-eabi/lib/thumb/libg.a(libc_a-ssputs_r.o)
                0x080151e0                __ssputs_r
 .text.get_arg  0x080152b4      0x404 /opt/devkitpro/devkitARM/lib/gcc/arm-none-eabi/15.2.0/../../../../arm-none-eabi/lib/thumb/libg.a(libc_a-vfiprintf.o)
 .text._vfiprintf_r
                0x080156b8     0x16d8 /opt/devkitpro/devkitARM/lib/gcc/arm-none-eabi/15.2.0/../../../../arm-none-eabi/lib/thumb/libg.a(libc_a-vfiprintf.o)
                0x080156b8                _vfiprintf_r
 .text.__sbprintf
                0x08016d90       0x7c /opt/devkitpro/devkitARM/lib/gcc/arm-none-eabi/15.2.0/../../../../arm-none-eabi/lib/thumb/libg.a(libc_a-vfiprintf.o)
 .text._wcsnrtombs_l
                0x08016e0c      0x120 /opt/devkitpro/devkitARM/lib/gcc/arm-none-eabi/15.2.0/../../../../arm-none-eabi/lib/thumb/libg.a(libc_a-wcsnrtombs.o)
                0x08016e0c                _wcsnrtombs_l
 .text._wcsnrtombs_r
                0x08016f2c       0x40 /opt/devkitpro/devkitARM/lib/gcc/arm-none-eabi/15.2.0/../../../../arm-none-eabi/lib/thumb/libg.a(libc_a-wcsnrtombs.o)
                0x08016f2c                _wcsnrtombs_r
 .text._fwalk_sglue
                0x08016f6c       0x4c /opt/devkitpro/devkitARM/lib/gcc/arm-none-eabi/15.2.0/../../../../arm-none-eabi/lib/thumb/libg.a(libc_a-fwalk.o)
                0x08016f6c                _fwalk_sglue
 .text._raise_r
                0x08016fb8       0x60 /opt/devkitpro/devkitARM/lib/gcc/arm-none-eabi/15.2.0/../../../../arm-none-eabi/lib/thumb/libg.a(libc_a-signal.o)
                0x08016fb8                _raise_r
 .text.raise    0x08017018       0x14 /opt/devkitpro/devkitARM/lib/gcc/arm-none-eabi/15.2.0/../../../../arm-none-eabi/lib/thumb/libg.a(libc_a-signal.o)
                0x08017018                raise
 .text.__sprint_r
                0x0801702c       0x24 /opt/devkitpro/devkitARM/lib/gcc/arm-none-eabi/15.2.0/../../../../arm-none-eabi/lib/thumb/libg.a(libc_a-sprint_r.o)
                0x0801702c                __sprint_r
 .text.__swsetup_r
                0x08017050       0xd4 /opt/devkitpro/devkitARM/lib/gcc/arm-none-eabi/15.2.0/../../../../arm-none-eabi/lib/thumb/libg.a(libc_a-wsetup.o)
                0x08017050                __swsetup_r
 .text.__sfvwrite_r
                0x08017124      0x31c /opt/devkitpro/devkitARM/lib/gcc/arm-none-eabi/15.2.0/../../../../arm-none-eabi/lib/thumb/libg.a(libc_a-fvwrite.o)
                0x08017124                __sfvwrite_r
 .text.__smakebuf_r
                0x08017440       0xe0 /opt/devkitpro/devkitARM/lib/gcc/arm-none-eabi/15.2.0/../../../../arm-none-eabi/lib/thumb/libg.a(libc_a-makebuf.o)
                0x08017440                __smakebuf_r
 .text._exit    0x08017520       0x14 /opt/devkitpro/devkitARM/lib/gcc/arm-none-eabi/15.2.0/../../../../arm-none-eabi/lib/thumb/libsysbase.a(libsysbase_libsysbase_a-_exit.o)
                0x08017520                _exit
 .text._fstat_r
                0x08017534       0x5c /opt/devkitpro/devkitARM/lib/gcc/arm-none-eabi/15.2.0/../../../../arm-none-eabi/lib/thumb/libsysbase.a(libsysbase_libsysbase_a-fstat.o)
                0x08017534                _fstat_r
 .text._getpid_r
                0x08017590        0xc /opt/devkitpro/devkitARM/lib/gcc/arm-none-eabi/15.2.0/../../../../arm-none-eabi/lib/thumb/libsysbase.a(libsysbase_libsysbase_a-getpid.o)
                0x08017590                _getpid_r
 .text.__getreent
                0x0801759c       0x20 /opt/devkitpro/devkitARM/lib/gcc/arm-none-eabi/15.2.0/../../../../arm-none-eabi/lib/thumb/libsysbase.a(libsysbase_libsysbase_a-getreent.o)
                0x0801759c                __getreent
 .text._gettimeofday_r
                0x080175bc       0x20 /opt/devkitpro/devkitARM/lib/gcc/arm-none-eabi/15.2.0/../../../../arm-none-eabi/lib/thumb/libsysbase.a(libsysbase_libsysbase_a-gettod.o)
                0x080175bc                _gettimeofday_r
 .text.__get_handle
                0x080175dc       0x34 /opt/devkitpro/devkitARM/lib/gcc/arm-none-eabi/15.2.0/../../../../arm-none-eabi/lib/thumb/libsysbase.a(libsysbase_libsysbase_a-handle_manager.o)
                0x080175dc                __get_handle
 .text._close_r
                0x08017610       0xb0 /opt/devkitpro/devkitARM/lib/gcc/arm-none-eabi/15.2.0/../../../../arm-none-eabi/lib/thumb/libsysbase.a(libsysbase_libsysbase_a-handle_manager.o)
                0x08017610                _close_r
 .text.null_write
                0x080176c0        0x4 /opt/devkitpro/devkitARM/lib/gcc/arm-none-eabi/15.2.0/../../../../arm-none-eabi/lib/thumb/libsysbase.a(libsysbase_libsysbase_a-iosupport.o)
 .text._isatty_r
                0x080176c4        0x4 /opt/devkitpro/devkitARM/lib/gcc/arm-none-eabi/15.2.0/../../../../arm-none-eabi/lib/thumb/libsysbase.a(libsysbase_libsysbase_a-isatty.o)
                0x080176c4                _isatty_r
 .text._kill_r  0x080176c8        0xc /opt/devkitpro/devkitARM/lib/gcc/arm-none-eabi/15.2.0/../../../../arm-none-eabi/lib/thumb/libsysbase.a(libsysbase_libsysbase_a-kill.o)
                0x080176c8                _kill_r
 .text._lseek_r
                0x080176d4       0x64 /opt/devkitpro/devkitARM/lib/gcc/arm-none-eabi/15.2.0/../../../../arm-none-eabi/lib/thumb/libsysbase.a(libsysbase_libsysbase_a-lseek.o)
                0x080176d4                _lseek_r
 .text._read_r  0x08017738       0x5c /opt/devkitpro/devkitARM/lib/gcc/arm-none-eabi/15.2.0/../../../../arm-none-eabi/lib/thumb/libsysbase.a(libsysbase_libsysbase_a-read.o)
                0x08017738                _read_r
 .text._sbrk_r  0x08017794       0x50 /opt/devkitpro/devkitARM/lib/gcc/arm-none-eabi/15.2.0/../../../../arm-none-eabi/lib/thumb/libsysbase.a(libsysbase_libsysbase_a-sbrk.o)
                0x08017794                _sbrk_r
 .text.__libc_lock_acquire
                0x080177e4       0x18 /opt/devkitpro/devkitARM/lib/gcc/arm-none-eabi/15.2.0/../../../../arm-none-eabi/lib/thumb/libsysbase.a(libsysbase_libsysbase_a-syscall_support.o)
                0x080177e4                __libc_lock_acquire
 .text.__libc_lock_release
                0x080177fc       0x18 /opt/devkitpro/devkitARM/lib/gcc/arm-none-eabi/15.2.0/../../../../arm-none-eabi/lib/thumb/libsysbase.a(libsysbase_libsysbase_a-syscall_support.o)
                0x080177fc                __libc_lock_release
 .text.__libc_lock_acquire_recursive
                0x08017814       0x18 /opt/devkitpro/devkitARM/lib/gcc/arm-none-eabi/15.2.0/../../../../arm-none-eabi/lib/thumb/libsysbase.a(libsysbase_libsysbase_a-syscall_support.o)
                0x08017814                __libc_lock_acquire_recursive
 .text.__libc_lock_release_recursive
                0x0801782c       0x18 /opt/devkitpro/devkitARM/lib/gcc/arm-none-eabi/15.2.0/../../../../arm-none-eabi/lib/thumb/libsysbase.a(libsysbase_libsysbase_a-syscall_support.o)
                0x0801782c                __libc_lock_release_recursive
 .text._write_r
                0x08017844       0x5c /opt/devkitpro/devkitARM/lib/gcc/arm-none-eabi/15.2.0/../../../../arm-none-eabi/lib/thumb/libsysbase.a(libsysbase_libsysbase_a-write.o)
                0x08017844                _write_r
 .text          0x080178a0      0x424 /opt/devkitpro/devkitARM/lib/gcc/arm-none-eabi/15.2.0/thumb/libgcc.a(_arm_addsubdf3.o)
                0x080178a0                __aeabi_drsub
                0x080178a8                __subdf3
                0x080178a8                __aeabi_dsub
                0x080178ac                __aeabi_dadd
                0x080178ac                __adddf3
                0x08017bbc                __aeabi_ui2d
                0x08017bbc                __floatunsidf
                0x08017be0                __floatsidf
                0x08017be0                __aeabi_i2d
                0x08017c08                __extendsfdf2
                0x08017c08                __aeabi_f2d
                0x08017c50                __aeabi_ul2d
                0x08017c50                __floatundidf
                0x08017c64                __aeabi_l2d
                0x08017c64                __floatdidf
 .text          0x08017cc4      0x49c /opt/devkitpro/devkitARM/lib/gcc/arm-none-eabi/15.2.0/thumb/libgcc.a(_arm_muldivdf3.o)
                0x08017cc4                __aeabi_dmul
                0x08017cc4                __muldf3
                0x08017f54                __aeabi_ddiv
                0x08017f54                __divdf3
 .text          0x08018160      0x144 /opt/devkitpro/devkitARM/lib/gcc/arm-none-eabi/15.2.0/thumb/libgcc.a(_arm_cmpdf2.o)
                0x08018160                __gedf2
                0x08018160                __gtdf2
                0x08018168                __ledf2
                0x08018168                __ltdf2
                0x08018170                __cmpdf2
                0x08018170                __eqdf2
                0x08018170                __nedf2
                0x080181f8                __aeabi_cdrcmple
                0x08018214                __aeabi_cdcmple
                0x08018214                __aeabi_cdcmpeq
                0x0801822c                __aeabi_dcmpeq
                0x08018244                __aeabi_dcmplt
                0x0801825c                __aeabi_dcmple
                0x08018274                __aeabi_dcmpge
                0x0801828c                __aeabi_dcmpgt
 .text          0x080182a4       0x38 /opt/devkitpro/devkitARM/lib/gcc/arm-none-eabi/15.2.0/thumb/libgcc.a(_arm_unorddf2.o)
                0x080182a4                __aeabi_dcmpun
                0x080182a4                __unorddf2
 .text          0x080182dc       0x5c /opt/devkitpro/devkitARM/lib/gcc/arm-none-eabi/15.2.0/thumb/libgcc.a(_arm_fixdfsi.o)
                0x080182dc                __fixdfsi
                0x080182dc                __aeabi_d2iz
 .text          0x08018338       0x3c /opt/devkitpro/devkitARM/lib/gcc/arm-none-eabi/15.2.0/thumb/libgcc.a(_aeabi_uldivmod.o)
                0x08018338                __aeabi_uldivmod
 *fill*         0x08018374        0x4 ff
 .text.__stub   0x08018378       0xbc linker stubs
 *(.gnu.linkonce.t.*)
 *(.text.*personality*)
 *(.gnu.warning)
 *(.glue_7t)
 .glue_7t       0x08018434        0x0 linker stubs
 *(.glue_7)
 .glue_7        0x08018434        0x0 linker stubs
 *(.vfp11_veneer)
 .vfp11_veneer  0x08018434        0x0 linker stubs
                0x08018434                        . = ALIGN (0x4)
                0x08018440                        __text_end = .

.v4_bx          0x08018440        0x0
 .v4_bx         0x08018440        0x0 linker stubs

.iplt           0x08018440        0x0
 .iplt          0x08018440        0x0 /opt/devkitpro/devkitARM/lib/gcc/arm-none-eabi/15.2.0/../../../../arm-none-eabi/lib/thumb/gba_crt0.o

.fini           0x08018440        0xc
 *(.fini)
 .fini          0x08018440        0x4 /opt/devkitpro/devkitARM/lib/gcc/arm-none-eabi/15.2.0/thumb/crti.o
                0x08018440                _fini
 .fini          0x08018444        0x8 /opt/devkitpro/devkitARM/lib/gcc/arm-none-eabi/15.2.0/thumb/crtn.o
                0x0801844c                        . = ALIGN (0x4)

.rodata         0x08018450    0xc6f18
 *(.rodata)
 .rodata        0x08018450       0x31 obj-ep1/src/game/worldmap.c.o
 .rodata        0x08018481      0x1b8 obj-ep1/src/game/menus.c.o
 *all.rodata*(*)
 *(.roda)
 *(.rodata.*)
 .rodata.CVort_main_loop.str1.1
                0x08018639     0x1d31 obj-ep1/src/game/gameplay.c.o
                                 0x2f (size before relaxing)
 .rodata.CVort_load_level_data.str1.1
                0x0801a36a        0x0 obj-ep1/src/game/gameplay.c.o
                                 0x11 (size before relaxing)
 .rodata.CVort_start_cheating.str1.1
                0x0801a36a        0x0 obj-ep1/src/game/gameplay.c.o
                                 0xa3 (size before relaxing)
 .rodata.CVort_handle_cheat_keys.str1.1
                0x0801a36a        0x0 obj-ep1/src/game/gameplay.c.o
                                 0x23 (size before relaxing)
 .rodata.CVort_main.str1.1
                0x0801a36a        0x0 obj-ep1/src/game/gameplay.c.o
                                0x159 (size before relaxing)
 .rodata.CVort_handle_quit.str1.1
                0x0801a36a        0x0 obj-ep1/src/game/gameplay.c.o
                                 0x28 (size before relaxing)
 .rodata.CVort_calibrate_joystick.str1.1
                0x0801a36a        0x0 obj-ep1/src/game/gameplay.c.o
                                 0xa5 (size before relaxing)
 .rodata.CVort_handle_global_keys.str1.1
                0x0801a36a        0x0 obj-ep1/src/game/gameplay.c.o
                                  0xd (size before relaxing)
 .rodata.CVort_game_over.str1.1
                0x0801a36a        0x0 obj-ep1/src/game/worldmap.c.o
                                 0x8a (size before relaxing)
 .rodata.CVort_show_keens_left.str1.1
                0x0801a36a        0x0 obj-ep1/src/game/worldmap.c.o
                                  0xe (size before relaxing)
 .rodata.CVort_draw_menu.str1.1
                0x0801a36a        0x0 obj-ep1/src/game/menus.c.o
                                 0xac (size before relaxing)
 .rodata.CVort_load_demo.str1.1
                0x0801a36a        0x0 obj-ep1/src/game/menus.c.o
                                 0x41 (size before relaxing)
 .rodata.CVort_save_demo.str1.1
                0x0801a36a        0x0 obj-ep1/src/game/menus.c.o
                                 0x37 (size before relaxing)
 .rodata.CVort_private_continue_game.str1.1
                0x0801a36a        0x0 obj-ep1/src/game/menus.c.o
                                 0x8d (size before relaxing)
 .rodata.CVort_demo_toggle_prepare_to_record.str1.1
                0x0801a36a        0x0 obj-ep1/src/game/menus.c.o
                                 0x2e (size before relaxing)
 .rodata.CVort_save_game.str1.1
                0x0801a36a        0x0 obj-ep1/src/game/menus.c.o
                                 0xf0 (size before relaxing)
 .rodata.CVort_load_and_process_text_file.str1.1
                0x0801a36a        0x0 obj-ep1/src/game/menus.c.o
                                 0x15 (size before relaxing)
 .rodata.CVort_draw_text_viewer_border.str1.1
                0x0801a36a        0x0 obj-ep1/src/game/menus.c.o
                                 0x25 (size before relaxing)
 .rodata.CVort_do_previews.str1.1
                0x0801a36a        0x0 obj-ep1/src/game/menus.c.o
                                 0x1a (size before relaxing)
 .rodata.CVort_save_high_scores_table.str1.1
                0x0801a36a        0x0 obj-ep1/src/game/menus.c.o
                                  0xa (size before relaxing)
 .rodata.CVort_init_ctrls.str1.1
                0x0801a36a        0x0 obj-ep1/src/game/ui.c.o
                                 0x23 (size before relaxing)
 .rodata.CVort_save_ctrls.str1.1
                0x0801a36a        0x0 obj-ep1/src/game/ui.c.o
                                 0x37 (size before relaxing)
 .rodata.CVort_handle_ctrl.str1.1
                0x0801a36a        0x0 obj-ep1/src/game/ui.c.o
                                 0x15 (size before relaxing)
 .rodata.CVort_draw_keyname.str1.1
                0x0801a36a        0x0 obj-ep1/src/game/ui.c.o
                                 0x73 (size before relaxing)
 .rodata.CVort_handle_redef_keys.str1.1
                0x0801a36a        0x0 obj-ep1/src/game/ui.c.o
                                 0xf9 (size before relaxing)
 .rodata.CVort_draw_number_word.str1.1
                0x0801a36a        0x0 obj-ep1/src/game/ui.c.o
                                  0x4 (size before relaxing)
 .rodata.CVort_toggle_switch.str1.1
                0x0801a36a        0x0 obj-ep1/src/game/ui.c.o
                                  0x6 (size before relaxing)
 .rodata.CVort_default_think.str1.1
                0x0801a36a        0x0 obj-ep1/src/game/physics.c.o
                                 0x13 (size before relaxing)
 .rodata.CVort_default_contact.str1.1
                0x0801a36a        0x0 obj-ep1/src/game/physics.c.o
                                 0x15 (size before relaxing)
 .rodata.ep_constants
                0x0801a36a       0x9c obj-ep1/src/game/episode_constants.c.o
                0x0801a36a                ep_constants
 .rodata.CVort_engine_decompGraphics.str1.1
                0x0801a406        0x0 obj-ep1/src/render/gfx_gba.c.o
                                 0x47 (size before relaxing)
 .rodata.CVort_engine_cross_logMessage.str1.1
                0x0801a406        0x0 obj-ep1/src/engine/engine.c.o
                                 0x18 (size before relaxing)
 .rodata.CVort_engine_start.str1.1
                0x0801a406        0x0 obj-ep1/src/engine/engine.c.o
                                 0x1d (size before relaxing)
 .rodata.CVort_engine_prepareInstructionsScreen.str1.1
                0x0801a406        0x0 obj-ep1/src/engine/engine.c.o
                                 0x71 (size before relaxing)
 .rodata.CSWTCH.35
                0x0801a406        0x8 obj-ep1/src/engine/engine.c.o
 *fill*         0x0801a40e        0x2 ff
 .rodata.engine_egaRGBColorTable
                0x0801a410       0x40 obj-ep1/src/engine/engine.c.o
                0x0801a410                engine_egaRGBColorTable
 .rodata.vga_8x16TextFont
                0x0801a450     0x8080 obj-ep1/src/engine/engine.c.o
 .rodata.ega_8x14TextFont
                0x080224d0     0x7070 obj-ep1/src/engine/engine.c.o
 .rodata.cga_8x8TextFont
                0x08029540     0x4040 obj-ep1/src/engine/engine.c.o
 .rodata.CVort_engine_loadSounds.str1.1
                0x0802d580        0x0 obj-ep1/src/engine/engine_audio_gba.c.o
                                  0xa (size before relaxing)
 .rodata.CVort_engine_parseBool.str1.1
                0x0802d580        0x0 obj-ep1/src/engine/engine_config.c.o
                                  0xb (size before relaxing)
 .rodata.CVort_engine_parseConfigLine.str1.1
                0x0802d580        0x0 obj-ep1/src/engine/engine_config.c.o
                                0x105 (size before relaxing)
 .rodata.CVort_engine_loadConfigFile.str1.1
                0x0802d580        0x0 obj-ep1/src/engine/engine_config.c.o
                                 0x15 (size before relaxing)
 .rodata.CVort_engine_writeBool.str1.1
                0x0802d580        0x0 obj-ep1/src/engine/engine_config.c.o
                                  0x7 (size before relaxing)
 .rodata.CVort_engine_writeInt.str1.1
                0x0802d580        0x0 obj-ep1/src/engine/engine_config.c.o
                                  0x7 (size before relaxing)
 .rodata.CVort_engine_writeDims.str1.1
                0x0802d580        0x0 obj-ep1/src/engine/engine_config.c.o
                                  0xa (size before relaxing)
 .rodata.CVort_engine_writeSDLRendererDriver.str1.1
                0x0802d580        0x0 obj-ep1/src/engine/engine_config.c.o
                                  0x9 (size before relaxing)
 .rodata.CVort_engine_saveConfigFile.str1.1
                0x0802d580        0x0 obj-ep1/src/engine/engine_config.c.o
                                  0x2 (size before relaxing)
 .rodata.str1.1
                0x0802d580        0x0 obj-ep1/src/engine/engine_config.c.o
                                 0x53 (size before relaxing)
 .rodata.CVort_engine_prepareGameDataFilePathBuffers.str1.1
                0x0802d580        0x0 obj-ep1/src/engine/engine_io.c.o
                                  0x3 (size before relaxing)
 .rodata.CVort_engine_cross_ro_data_fopen.str1.1
                0x0802d580        0x0 obj-ep1/src/engine/engine_io.c.o
                                  0x3 (size before relaxing)
 .rodata.str1.1
                0x0802d580        0x0 obj-ep1/src/engine/engine_io.c.o
                                 0x30 (size before relaxing)
 .rodata.CSWTCH.7
                0x0802d580        0xc obj-ep1/src/engine/engine_io.c.o
 .rodata.CVort_engine_prepareEpisodeSpecificFuncPointers.str1.1
                0x0802d58c        0x0 obj-ep1/src/engine/engine_loader.c.o
                                 0x3c (size before relaxing)
 .rodata.CVort_engine_initializeKeenVersionInfo.str1.1
                0x0802d58c        0x0 obj-ep1/src/engine/engine_loader.c.o
                                 0x1e (size before relaxing)
 .rodata.CVort_engine_loadKeen.str1.1